/home/runner/work/hol-guard/hol-guard/tests/test_native_runtime_delivery_contract.py:19:5 - warning: "_watch_native_post_tool_result" is private and used outside of the module in which it is declared (reportPrivateUsage)
::warning file=/home/runner/work/hol-guard/hol-guard/tests/test_native_runtime_delivery_contract.py,line=19,col=5::"_watch_native_post_tool_result" is private and used outside of the module in which it is declared (reportPrivateUsage)
/home/runner/work/hol-guard/hol-guard/tests/test_native_runtime_delivery_contract.py:20:5 - warning: "_watch_native_pre_tool_result" is private and used outside of the module in which it is declared (reportPrivateUsage)
::warning file=/home/runner/work/hol-guard/hol-guard/tests/test_native_runtime_delivery_contract.py,line=20,col=5::"_watch_native_pre_tool_result" is private and used outside of the module in which it is declared (reportPrivateUsage)
/home/runner/work/hol-guard/hol-guard/tests/test_native_runtime_delivery_contract.py:44:63 - warning: Type of parameter "harness" is unknown (reportUnknownParameterType)
::warning file=/home/runner/work/hol-guard/hol-guard/tests/test_native_runtime_delivery_contract.py,line=44,col=63::Type of parameter "harness" is unknown (reportUnknownParameterType)
/home/runner/work/hol-guard/hol-guard/tests/test_native_runtime_delivery_contract.py:44:63 - warning: Type annotation is missing for parameter "harness" (reportMissingParameterType)
::warning file=/home/runner/work/hol-guard/hol-guard/tests/test_native_runtime_delivery_contract.py,line=44,col=63::Type annotation is missing for parameter "harness" (reportMissingParameterType)
/home/runner/work/hol-guard/hol-guard/tests/test_native_runtime_delivery_contract.py:44:72 - warning: Type of parameter "reason_code" is unknown (reportUnknownParameterType)
::warning file=/home/runner/work/hol-guard/hol-guard/tests/test_native_runtime_delivery_contract.py,line=44,col=72::Type of parameter "reason_code" is unknown (reportUnknownParameterType)
/home/runner/work/hol-guard/hol-guard/tests/test_native_runtime_delivery_contract.py:44:72 - warning: Type annotation is missing for parameter "reason_code" (reportMissingParameterType)
::warning file=/home/runner/work/hol-guard/hol-guard/tests/test_native_runtime_delivery_contract.py,line=44,col=72::Type annotation is missing for parameter "reason_code" (reportMissingParameterType)
/home/runner/work/hol-guard/hol-guard/tests/test_native_runtime_delivery_contract.py:44:85 - warning: Type of parameter "recording_only" is unknown (reportUnknownParameterType)
::warning file=/home/runner/work/hol-guard/hol-guard/tests/test_native_runtime_delivery_contract.py,line=44,col=85::Type of parameter "recording_only" is unknown (reportUnknownParameterType)
/home/runner/work/hol-guard/hol-guard/tests/test_native_runtime_delivery_contract.py:44:85 - warning: Type annotation is missing for parameter "recording_only" (reportMissingParameterType)
::warning file=/home/runner/work/hol-guard/hol-guard/tests/test_native_runtime_delivery_contract.py,line=44,col=85::Type annotation is missing for parameter "recording_only" (reportMissingParameterType)
/home/runner/work/hol-guard/hol-guard/tests/test_native_runtime_delivery_contract.py:53:21 - warning: Argument type is unknown
  Argument corresponds to parameter "harness" in function "availability_harness_response" (reportUnknownArgumentType)
::warning file=/home/runner/work/hol-guard/hol-guard/tests/test_native_runtime_delivery_contract.py,line=53,col=21::Argument type is unknown%0A  Argument corresponds to parameter "harness" in function "availability_harness_response" (reportUnknownArgumentType)
/home/runner/work/hol-guard/hol-guard/tests/test_native_runtime_delivery_contract.py:55:25 - warning: Argument type is unknown
  Argument corresponds to parameter "reason_code" in function "availability_harness_response" (reportUnknownArgumentType)
::warning file=/home/runner/work/hol-guard/hol-guard/tests/test_native_runtime_delivery_contract.py,line=55,col=25::Argument type is unknown%0A  Argument corresponds to parameter "reason_code" in function "availability_harness_response" (reportUnknownArgumentType)
/home/runner/work/hol-guard/hol-guard/tests/test_native_runtime_delivery_contract.py:57:28 - warning: Argument type is unknown
  Argument corresponds to parameter "recording_only" in function "availability_harness_response" (reportUnknownArgumentType)
::warning file=/home/runner/work/hol-guard/hol-guard/tests/test_native_runtime_delivery_contract.py,line=57,col=28::Argument type is unknown%0A  Argument corresponds to parameter "recording_only" in function "availability_harness_response" (reportUnknownArgumentType)
/home/runner/work/hol-guard/hol-guard/tests/test_native_runtime_delivery_contract.py:78:60 - warning: Type of parameter "harness" is unknown (reportUnknownParameterType)
::warning file=/home/runner/work/hol-guard/hol-guard/tests/test_native_runtime_delivery_contract.py,line=78,col=60::Type of parameter "harness" is unknown (reportUnknownParameterType)
/home/runner/work/hol-guard/hol-guard/tests/test_native_runtime_delivery_contract.py:78:60 - warning: Type annotation is missing for parameter "harness" (reportMissingParameterType)
::warning file=/home/runner/work/hol-guard/hol-guard/tests/test_native_runtime_delivery_contract.py,line=78,col=60::Type annotation is missing for parameter "harness" (reportMissingParameterType)
/home/runner/work/hol-guard/hol-guard/tests/test_native_runtime_delivery_contract.py:78:69 - warning: Type of parameter "decision" is unknown (reportUnknownParameterType)
::warning file=/home/runner/work/hol-guard/hol-guard/tests/test_native_runtime_delivery_contract.py,line=78,col=69::Type of parameter "decision" is unknown (reportUnknownParameterType)
/home/runner/work/hol-guard/hol-guard/tests/test_native_runtime_delivery_contract.py:78:69 - warning: Type annotation is missing for parameter "decision" (reportMissingParameterType)
::warning file=/home/runner/work/hol-guard/hol-guard/tests/test_native_runtime_delivery_contract.py,line=78,col=69::Type annotation is missing for parameter "decision" (reportMissingParameterType)
/home/runner/work/hol-guard/hol-guard/tests/test_native_runtime_delivery_contract.py:78:79 - warning: Type of parameter "reason_code" is unknown (reportUnknownParameterType)
::warning file=/home/runner/work/hol-guard/hol-guard/tests/test_native_runtime_delivery_contract.py,line=78,col=79::Type of parameter "reason_code" is unknown (reportUnknownParameterType)
/home/runner/work/hol-guard/hol-guard/tests/test_native_runtime_delivery_contract.py:78:79 - warning: Type annotation is missing for parameter "reason_code" (reportMissingParameterType)
::warning file=/home/runner/work/hol-guard/hol-guard/tests/test_native_runtime_delivery_contract.py,line=78,col=79::Type annotation is missing for parameter "reason_code" (reportMissingParameterType)
/home/runner/work/hol-guard/hol-guard/tests/test_native_runtime_delivery_contract.py:78:92 - warning: Type of parameter "recording_only" is unknown (reportUnknownParameterType)
::warning file=/home/runner/work/hol-guard/hol-guard/tests/test_native_runtime_delivery_contract.py,line=78,col=92::Type of parameter "recording_only" is unknown (reportUnknownParameterType)
/home/runner/work/hol-guard/hol-guard/tests/test_native_runtime_delivery_contract.py:78:92 - warning: Type annotation is missing for parameter "recording_only" (reportMissingParameterType)
::warning file=/home/runner/work/hol-guard/hol-guard/tests/test_native_runtime_delivery_contract.py,line=78,col=92::Type annotation is missing for parameter "recording_only" (reportMissingParameterType)
/home/runner/work/hol-guard/hol-guard/tests/test_native_runtime_delivery_contract.py:81:17 - warning: Argument type is unknown
  Argument corresponds to parameter "harness" in function "availability_harness_response" (reportUnknownArgumentType)
::warning file=/home/runner/work/hol-guard/hol-guard/tests/test_native_runtime_delivery_contract.py,line=81,col=17::Argument type is unknown%0A  Argument corresponds to parameter "harness" in function "availability_harness_response" (reportUnknownArgumentType)
/home/runner/work/hol-guard/hol-guard/tests/test_native_runtime_delivery_contract.py:83:21 - warning: Argument type is unknown
  Argument corresponds to parameter "reason_code" in function "availability_harness_response" (reportUnknownArgumentType)
::warning file=/home/runner/work/hol-guard/hol-guard/tests/test_native_runtime_delivery_contract.py,line=83,col=21::Argument type is unknown%0A  Argument corresponds to parameter "reason_code" in function "availability_harness_response" (reportUnknownArgumentType)
/home/runner/work/hol-guard/hol-guard/tests/test_native_runtime_delivery_contract.py:85:24 - warning: Argument type is unknown
  Argument corresponds to parameter "recording_only" in function "availability_harness_response" (reportUnknownArgumentType)
::warning file=/home/runner/work/hol-guard/hol-guard/tests/test_native_runtime_delivery_contract.py,line=85,col=24::Argument type is unknown%0A  Argument corresponds to parameter "recording_only" in function "availability_harness_response" (reportUnknownArgumentType)
/home/runner/work/hol-guard/hol-guard/tests/test_native_runtime_delivery_contract.py:98:68 - warning: Type of parameter "harness" is unknown (reportUnknownParameterType)
::warning file=/home/runner/work/hol-guard/hol-guard/tests/test_native_runtime_delivery_contract.py,line=98,col=68::Type of parameter "harness" is unknown (reportUnknownParameterType)
/home/runner/work/hol-guard/hol-guard/tests/test_native_runtime_delivery_contract.py:98:68 - warning: Type annotation is missing for parameter "harness" (reportMissingParameterType)
::warning file=/home/runner/work/hol-guard/hol-guard/tests/test_native_runtime_delivery_contract.py,line=98,col=68::Type annotation is missing for parameter "harness" (reportMissingParameterType)
/home/runner/work/hol-guard/hol-guard/tests/test_native_runtime_delivery_contract.py:101:17 - warning: Argument type is unknown
  Argument corresponds to parameter "harness" in function "availability_harness_response" (reportUnknownArgumentType)
::warning file=/home/runner/work/hol-guard/hol-guard/tests/test_native_runtime_delivery_contract.py,line=101,col=17::Argument type is unknown%0A  Argument corresponds to parameter "harness" in function "availability_harness_response" (reportUnknownArgumentType)
/home/runner/work/hol-guard/hol-guard/tests/test_native_runtime_delivery_contract.py:113:50 - warning: Argument type is unknown
  Argument corresponds to parameter "harness" in function "harness_json_from_native_post_tool" (reportUnknownArgumentType)
::warning file=/home/runner/work/hol-guard/hol-guard/tests/test_native_runtime_delivery_contract.py,line=113,col=50::Argument type is unknown%0A  Argument corresponds to parameter "harness" in function "harness_json_from_native_post_tool" (reportUnknownArgumentType)
/home/runner/work/hol-guard/hol-guard/tests/test_native_runtime_delivery_contract.py:128:62 - warning: Type of parameter "harness" is unknown (reportUnknownParameterType)
::warning file=/home/runner/work/hol-guard/hol-guard/tests/test_native_runtime_delivery_contract.py,line=128,col=62::Type of parameter "harness" is unknown (reportUnknownParameterType)
/home/runner/work/hol-guard/hol-guard/tests/test_native_runtime_delivery_contract.py:128:62 - warning: Type annotation is missing for parameter "harness" (reportMissingParameterType)
::warning file=/home/runner/work/hol-guard/hol-guard/tests/test_native_runtime_delivery_contract.py,line=128,col=62::Type annotation is missing for parameter "harness" (reportMissingParameterType)
/home/runner/work/hol-guard/hol-guard/tests/test_native_runtime_delivery_contract.py:131:17 - warning: Argument type is unknown
  Argument corresponds to parameter "harness" in function "availability_harness_response" (reportUnknownArgumentType)
::warning file=/home/runner/work/hol-guard/hol-guard/tests/test_native_runtime_delivery_contract.py,line=131,col=17::Argument type is unknown%0A  Argument corresponds to parameter "harness" in function "availability_harness_response" (reportUnknownArgumentType)
/home/runner/work/hol-guard/hol-guard/tests/test_native_runtime_delivery_contract.py:150:73 - warning: Type of parameter "event" is unknown (reportUnknownParameterType)
::warning file=/home/runner/work/hol-guard/hol-guard/tests/test_native_runtime_delivery_contract.py,line=150,col=73::Type of parameter "event" is unknown (reportUnknownParameterType)
/home/runner/work/hol-guard/hol-guard/tests/test_native_runtime_delivery_contract.py:150:73 - warning: Type annotation is missing for parameter "event" (reportMissingParameterType)
::warning file=/home/runner/work/hol-guard/hol-guard/tests/test_native_runtime_delivery_contract.py,line=150,col=73::Type annotation is missing for parameter "event" (reportMissingParameterType)
/home/runner/work/hol-guard/hol-guard/tests/test_native_runtime_delivery_contract.py:151:104 - warning: Argument type is unknown
  Argument corresponds to parameter "hook_event_name" in function "cursor_fallback_permission" (reportUnknownArgumentType)
::warning file=/home/runner/work/hol-guard/hol-guard/tests/test_native_runtime_delivery_contract.py,line=151,col=104::Argument type is unknown%0A  Argument corresponds to parameter "hook_event_name" in function "cursor_fallback_permission" (reportUnknownArgumentType)
/home/runner/work/hol-guard/hol-guard/tests/test_native_runtime_delivery_contract.py:152:61 - warning: Argument type is unknown
  Argument corresponds to parameter "hook_event_name" in function "cursor_unparseable_input_permission" (reportUnknownArgumentType)
::warning file=/home/runner/work/hol-guard/hol-guard/tests/test_native_runtime_delivery_contract.py,line=152,col=61::Argument type is unknown%0A  Argument corresponds to parameter "hook_event_name" in function "cursor_unparseable_input_permission" (reportUnknownArgumentType)
/home/runner/work/hol-guard/hol-guard/tests/test_native_runtime_delivery_contract.py:153:66 - warning: Argument type is unknown
  Argument corresponds to parameter "hook_event_name" in function "cursor_unparseable_input_permission" (reportUnknownArgumentType)
::warning file=/home/runner/work/hol-guard/hol-guard/tests/test_native_runtime_delivery_contract.py,line=153,col=66::Argument type is unknown%0A  Argument corresponds to parameter "hook_event_name" in function "cursor_unparseable_input_permission" (reportUnknownArgumentType)
0 errors, 34 warnings, 0 notes
