2026-09-19T18:56:57.5657670Z Current runner version: '2.337.0'
2026-09-19T18:56:57.5678700Z ##[group]Runner Image Provisioner
2026-09-19T18:56:57.5679310Z Hosted Compute Agent
2026-09-19T18:56:57.5679690Z Version: 20260828.587
2026-09-19T18:56:57.5680110Z Commit: abac92662cab4cc7352de4f9f9d2e2419aad9c29
2026-09-19T18:56:57.5680580Z Build Date: 2026-08-28T16:44:25Z
2026-09-19T18:56:57.5681020Z Worker ID: {c4efe993-5272-4977-8947-f313ecae9fb8}
2026-09-19T18:56:57.5681480Z Azure Region: westus
2026-09-19T18:56:57.5681860Z ##[endgroup]
2026-09-19T18:56:57.5682860Z ##[group]Operating System
2026-09-19T18:56:57.5683250Z macOS
2026-09-19T18:56:57.5683590Z 15.7.9
2026-09-19T18:56:57.5683920Z 24G830
2026-09-19T18:56:57.5684300Z ##[endgroup]
2026-09-19T18:56:57.5684730Z ##[group]Runner Image
2026-09-19T18:56:57.5685110Z Image: macos-15-arm64
2026-09-19T18:56:57.5685480Z Version: 20260907.0337.1
2026-09-19T18:56:57.5686340Z Included Software: https://github.com/actions/runner-images/blob/macos-15-arm64/20260907.0337/images/macos/macos-15-arm64-Readme.md
2026-09-19T18:56:57.5687400Z Image Release: https://github.com/actions/runner-images/releases/tag/macos-15-arm64%2F20260907.0337
2026-09-19T18:56:57.5688060Z ##[endgroup]
2026-09-19T18:56:57.5688800Z ##[group]GITHUB_TOKEN Permissions
2026-09-19T18:56:57.5690020Z Contents: read
2026-09-19T18:56:57.5690390Z Metadata: read
2026-09-19T18:56:57.5690750Z ##[endgroup]
2026-09-19T18:56:57.5692170Z Secret source: Actions
2026-09-19T18:56:57.5692750Z Cache mode: write
2026-09-19T18:56:57.5693190Z Prepare workflow directory
2026-09-19T18:56:57.5955340Z Prepare all required actions
2026-09-19T18:56:57.5989800Z Getting action download info
2026-09-19T18:56:58.0125890Z Download action repository 'actions/checkout@df4cb1c069e1874edd31b4311f1884172cec0e10' (SHA:df4cb1c069e1874edd31b4311f1884172cec0e10)
2026-09-19T18:56:58.3050520Z Download action repository 'actions/setup-python@a309ff8b426b58ec0e2a45f0f869d46889d02405' (SHA:a309ff8b426b58ec0e2a45f0f869d46889d02405)
2026-09-19T18:56:58.4661370Z Download action repository 'actions/upload-artifact@043fb46d1a93c77aae656e7c1c64a875d1fc6a0a' (SHA:043fb46d1a93c77aae656e7c1c64a875d1fc6a0a)
2026-09-19T18:56:58.6131370Z Complete job name: arm64-sigpipe-condition
2026-09-19T18:56:58.6572190Z ##[group]Run python3 -I -B - <<'PY'
2026-09-19T18:56:58.6572740Z [36;1mpython3 -I -B - <<'PY'[0m
2026-09-19T18:56:58.6573230Z [36;1mimport json, os[0m
2026-09-19T18:56:58.6573640Z [36;1mfrom pathlib import Path[0m
2026-09-19T18:56:58.6590560Z [36;1mfor name in ('macos-sigpipe-report', 'macos-sigpipe-build'):[0m
2026-09-19T18:56:58.6591440Z [36;1m    (Path(os.environ['RUNNER_TEMP']) / name).mkdir(mode=0o700)[0m
2026-09-19T18:56:58.6592150Z [36;1mreport = {'workflow_commit': os.environ['GITHUB_SHA'], 'run': os.environ['GITHUB_RUN_ID'],[0m
2026-09-19T18:56:58.6592900Z [36;1m          'attempt': os.environ['GITHUB_RUN_ATTEMPT'], 'status': 'not_run',[0m
2026-09-19T18:56:58.6594150Z [36;1m          'qualification_pass': False, 'cause_proved': False, 'prior_children_replayed': False,[0m
2026-09-19T18:56:58.6595100Z [36;1m          'architecture': 'arm64', 'planned_children': 8, 'old_83_or_475_replayed': False}[0m
2026-09-19T18:56:58.6595890Z [36;1m(Path(os.environ['RUNNER_TEMP']) / 'macos-sigpipe-report/job-outcome.json').write_text([0m
2026-09-19T18:56:58.6596580Z [36;1m    json.dumps(report, sort_keys=True) + '\n')[0m
2026-09-19T18:56:58.6597070Z [36;1mPY[0m
2026-09-19T18:56:58.6648260Z shell: /bin/bash --noprofile --norc -e -o pipefail {0}
2026-09-19T18:56:58.6648990Z env:
2026-09-19T18:56:58.6649380Z   PYTHONDONTWRITEBYTECODE: 1
2026-09-19T18:56:58.6649760Z   PYTEST_DISABLE_PLUGIN_AUTOLOAD: 1
2026-09-19T18:56:58.6650210Z ##[endgroup]
2026-09-19T18:56:58.8579810Z ##[group]Run actions/checkout@df4cb1c069e1874edd31b4311f1884172cec0e10
2026-09-19T18:56:58.8580370Z with:
2026-09-19T18:56:58.8580710Z   ref: 45a8c31391325b8c09f6809d96ad793f8195211b
2026-09-19T18:56:58.8581110Z   fetch-depth: 4
2026-09-19T18:56:58.8581450Z   persist-credentials: false
2026-09-19T18:56:58.8581830Z   repository: hashgraph-online/hol-guard
2026-09-19T18:56:58.8585000Z   token: ***
2026-09-19T18:56:58.8585340Z   ssh-strict: true
2026-09-19T18:56:58.8585650Z   ssh-user: git
2026-09-19T18:56:58.8585970Z   clean: true
2026-09-19T18:56:58.8586290Z   sparse-checkout-cone-mode: true
2026-09-19T18:56:58.8586670Z   fetch-tags: false
2026-09-19T18:56:58.8587000Z   show-progress: true
2026-09-19T18:56:58.8587330Z   lfs: false
2026-09-19T18:56:58.8587640Z   submodules: false
2026-09-19T18:56:58.8587970Z   set-safe-directory: true
2026-09-19T18:56:58.8588310Z env:
2026-09-19T18:56:58.8588620Z   PYTHONDONTWRITEBYTECODE: 1
2026-09-19T18:56:58.8589040Z   PYTEST_DISABLE_PLUGIN_AUTOLOAD: 1
2026-09-19T18:56:58.8589410Z ##[endgroup]
2026-09-19T18:56:59.1919750Z Syncing repository: hashgraph-online/hol-guard
2026-09-19T18:56:59.1921340Z ##[group]Getting Git version info
2026-09-19T18:56:59.1921940Z Working directory is '/Users/runner/work/hol-guard/hol-guard'
2026-09-19T18:56:59.1922770Z [command]/opt/homebrew/bin/git version
2026-09-19T18:56:59.2683340Z git version 2.55.0
2026-09-19T18:56:59.2893770Z ##[endgroup]
2026-09-19T18:56:59.2928160Z Copying '/Users/runner/.gitconfig' to '/Users/runner/work/_temp/590d8d68-baf8-4f13-8695-f6cac9ff3b03/.gitconfig'
2026-09-19T18:56:59.2996790Z Temporarily overriding HOME='/Users/runner/work/_temp/590d8d68-baf8-4f13-8695-f6cac9ff3b03' before making global git config changes
2026-09-19T18:56:59.3004790Z Adding repository directory to the temporary git global config as a safe directory
2026-09-19T18:56:59.3007470Z [command]/opt/homebrew/bin/git config --global --add safe.directory /Users/runner/work/hol-guard/hol-guard
2026-09-19T18:56:59.3011240Z Deleting the contents of '/Users/runner/work/hol-guard/hol-guard'
2026-09-19T18:56:59.3013720Z ##[group]Determining repository object format
2026-09-19T18:56:59.3015540Z ##[endgroup]
2026-09-19T18:56:59.3017250Z ##[group]Initializing the repository
2026-09-19T18:56:59.3018860Z [command]/opt/homebrew/bin/git init /Users/runner/work/hol-guard/hol-guard
2026-09-19T18:56:59.3277490Z hint: Using 'master' as the name for the initial branch. This default branch name
2026-09-19T18:56:59.3280440Z hint: will change to "main" in Git 3.0. To configure the initial branch name
2026-09-19T18:56:59.3282430Z hint: to use in all of your new repositories, which will suppress this warning,
2026-09-19T18:56:59.3284200Z hint: call:
2026-09-19T18:56:59.3285230Z hint:
2026-09-19T18:56:59.3285730Z hint: 	git config --global init.defaultBranch <name>
2026-09-19T18:56:59.3286210Z hint:
2026-09-19T18:56:59.3286660Z hint: Names commonly chosen instead of 'master' are 'main', 'trunk' and
2026-09-19T18:56:59.3287460Z hint: 'development'. The just-created branch can be renamed via this command:
2026-09-19T18:56:59.3343370Z hint:
2026-09-19T18:56:59.3343840Z hint: 	git branch -m <name>
2026-09-19T18:56:59.3344290Z hint:
2026-09-19T18:56:59.3344750Z hint: Disable this message with "git config set advice.defaultBranchName false"
2026-09-19T18:56:59.3345470Z Initialized empty Git repository in /Users/runner/work/hol-guard/hol-guard/.git/
2026-09-19T18:56:59.3347090Z [command]/opt/homebrew/bin/git remote add origin https://github.com/hashgraph-online/hol-guard
2026-09-19T18:56:59.3373660Z ##[endgroup]
2026-09-19T18:56:59.3374350Z ##[group]Disabling automatic garbage collection
2026-09-19T18:56:59.3377460Z [command]/opt/homebrew/bin/git config --local gc.auto 0
2026-09-19T18:56:59.3455320Z ##[endgroup]
2026-09-19T18:56:59.3457740Z ##[group]Setting up auth
2026-09-19T18:56:59.3459970Z Removing SSH command configuration
2026-09-19T18:56:59.3461790Z [command]/opt/homebrew/bin/git config --local --name-only --get-regexp core\.sshCommand
2026-09-19T18:56:59.3541210Z [command]/opt/homebrew/bin/git submodule foreach --recursive sh -c "git config --local --name-only --get-regexp 'core\.sshCommand' && git config --local --unset-all 'core.sshCommand' || :"
2026-09-19T18:56:59.4700150Z Removing HTTP extra header
2026-09-19T18:56:59.4704750Z [command]/opt/homebrew/bin/git config --local --name-only --get-regexp http\.https\:\/\/github\.com\/\.extraheader
2026-09-19T18:56:59.4775490Z [command]/opt/homebrew/bin/git submodule foreach --recursive sh -c "git config --local --name-only --get-regexp 'http\.https\:\/\/github\.com\/\.extraheader' && git config --local --unset-all 'http.https://github.com/.extraheader' || :"
2026-09-19T18:56:59.5972670Z Removing includeIf entries pointing to credentials config files
2026-09-19T18:56:59.5975180Z [command]/opt/homebrew/bin/git config --local --name-only --get-regexp ^includeIf\.gitdir:
2026-09-19T18:56:59.6040470Z [command]/opt/homebrew/bin/git submodule foreach --recursive git config --local --show-origin --name-only --get-regexp remote.origin.url
2026-09-19T18:56:59.7174240Z [command]/opt/homebrew/bin/git config --file /Users/runner/work/_temp/git-credentials-0fa33556-d7db-494b-a0fb-55132a5928c9.config http.https://github.com/.extraheader AUTHORIZATION: basic ***
2026-09-19T18:56:59.7211480Z [command]/opt/homebrew/bin/git config --local includeIf.gitdir:/Users/runner/work/hol-guard/hol-guard/.git.path /Users/runner/work/_temp/git-credentials-0fa33556-d7db-494b-a0fb-55132a5928c9.config
2026-09-19T18:56:59.7390460Z [command]/opt/homebrew/bin/git config --local includeIf.gitdir:/Users/runner/work/hol-guard/hol-guard/.git/worktrees/*.path /Users/runner/work/_temp/git-credentials-0fa33556-d7db-494b-a0fb-55132a5928c9.config
2026-09-19T18:56:59.7410460Z [command]/opt/homebrew/bin/git config --local includeIf.gitdir:/github/workspace/.git.path /github/runner_temp/git-credentials-0fa33556-d7db-494b-a0fb-55132a5928c9.config
2026-09-19T18:56:59.7521600Z [command]/opt/homebrew/bin/git config --local includeIf.gitdir:/github/workspace/.git/worktrees/*.path /github/runner_temp/git-credentials-0fa33556-d7db-494b-a0fb-55132a5928c9.config
2026-09-19T18:56:59.7601250Z ##[endgroup]
2026-09-19T18:56:59.7622940Z ##[group]Fetching the repository
2026-09-19T18:56:59.7644740Z [command]/opt/homebrew/bin/git -c protocol.version=2 fetch --no-tags --prune --no-recurse-submodules --depth=4 origin 45a8c31391325b8c09f6809d96ad793f8195211b
2026-09-19T18:57:02.3130510Z From https://github.com/hashgraph-online/hol-guard
2026-09-19T18:57:02.3139890Z  * branch            45a8c31391325b8c09f6809d96ad793f8195211b -> FETCH_HEAD
2026-09-19T18:57:02.3271710Z [command]/opt/homebrew/bin/git rev-parse --verify --quiet 45a8c31391325b8c09f6809d96ad793f8195211b^{object}
2026-09-19T18:57:02.3272720Z 45a8c31391325b8c09f6809d96ad793f8195211b
2026-09-19T18:57:02.3274330Z ##[endgroup]
2026-09-19T18:57:02.3275130Z ##[group]Determining the checkout info
2026-09-19T18:57:02.3275930Z ##[endgroup]
2026-09-19T18:57:02.3276520Z [command]/opt/homebrew/bin/git sparse-checkout disable
2026-09-19T18:57:02.3402940Z [command]/opt/homebrew/bin/git config --local --unset-all extensions.worktreeConfig
2026-09-19T18:57:02.3489870Z ##[group]Checking out the ref
2026-09-19T18:57:02.3494900Z [command]/opt/homebrew/bin/git checkout --progress --force 45a8c31391325b8c09f6809d96ad793f8195211b
2026-09-19T18:57:02.9212510Z HEAD is now at 45a8c31 retain actual formatted source for bounded SIGPIPE discriminator
2026-09-19T18:57:02.9224580Z ##[endgroup]
2026-09-19T18:57:02.9344530Z [command]/opt/homebrew/bin/git log -1 --format=%H
2026-09-19T18:57:02.9437170Z 45a8c31391325b8c09f6809d96ad793f8195211b
2026-09-19T18:57:02.9451980Z ##[group]Removing auth
2026-09-19T18:57:02.9452670Z Removing SSH command configuration
2026-09-19T18:57:02.9458840Z [command]/opt/homebrew/bin/git config --local --name-only --get-regexp core\.sshCommand
2026-09-19T18:57:02.9557360Z [command]/opt/homebrew/bin/git submodule foreach --recursive sh -c "git config --local --name-only --get-regexp 'core\.sshCommand' && git config --local --unset-all 'core.sshCommand' || :"
2026-09-19T18:57:03.0944040Z Removing HTTP extra header
2026-09-19T18:57:03.1046480Z [command]/opt/homebrew/bin/git config --local --name-only --get-regexp http\.https\:\/\/github\.com\/\.extraheader
2026-09-19T18:57:03.1351250Z [command]/opt/homebrew/bin/git submodule foreach --recursive sh -c "git config --local --name-only --get-regexp 'http\.https\:\/\/github\.com\/\.extraheader' && git config --local --unset-all 'http.https://github.com/.extraheader' || :"
2026-09-19T18:57:03.2860250Z Removing includeIf entries pointing to credentials config files
2026-09-19T18:57:03.2964480Z [command]/opt/homebrew/bin/git config --local --name-only --get-regexp ^includeIf\.gitdir:
2026-09-19T18:57:03.3049930Z includeif.gitdir:/Users/runner/work/hol-guard/hol-guard/.git.path
2026-09-19T18:57:03.3052780Z includeif.gitdir:/Users/runner/work/hol-guard/hol-guard/.git/worktrees/*.path
2026-09-19T18:57:03.3055270Z includeif.gitdir:/github/workspace/.git.path
2026-09-19T18:57:03.3057530Z includeif.gitdir:/github/workspace/.git/worktrees/*.path
2026-09-19T18:57:03.3061390Z [command]/opt/homebrew/bin/git config --local --get-all includeif.gitdir:/Users/runner/work/hol-guard/hol-guard/.git.path
2026-09-19T18:57:03.3062970Z /Users/runner/work/_temp/git-credentials-0fa33556-d7db-494b-a0fb-55132a5928c9.config
2026-09-19T18:57:03.3065910Z [command]/opt/homebrew/bin/git config --local --unset includeif.gitdir:/Users/runner/work/hol-guard/hol-guard/.git.path /Users/runner/work/_temp/git-credentials-0fa33556-d7db-494b-a0fb-55132a5928c9.config
2026-09-19T18:57:03.3069070Z [command]/opt/homebrew/bin/git config --local --get-all includeif.gitdir:/Users/runner/work/hol-guard/hol-guard/.git/worktrees/*.path
2026-09-19T18:57:03.3070520Z /Users/runner/work/_temp/git-credentials-0fa33556-d7db-494b-a0fb-55132a5928c9.config
2026-09-19T18:57:03.3073910Z [command]/opt/homebrew/bin/git config --local --unset includeif.gitdir:/Users/runner/work/hol-guard/hol-guard/.git/worktrees/*.path /Users/runner/work/_temp/git-credentials-0fa33556-d7db-494b-a0fb-55132a5928c9.config
2026-09-19T18:57:03.3110630Z [command]/opt/homebrew/bin/git config --local --get-all includeif.gitdir:/github/workspace/.git.path
2026-09-19T18:57:03.3180110Z /github/runner_temp/git-credentials-0fa33556-d7db-494b-a0fb-55132a5928c9.config
2026-09-19T18:57:03.3186080Z [command]/opt/homebrew/bin/git config --local --unset includeif.gitdir:/github/workspace/.git.path /github/runner_temp/git-credentials-0fa33556-d7db-494b-a0fb-55132a5928c9.config
2026-09-19T18:57:03.3256410Z [command]/opt/homebrew/bin/git config --local --get-all includeif.gitdir:/github/workspace/.git/worktrees/*.path
2026-09-19T18:57:03.3323260Z /github/runner_temp/git-credentials-0fa33556-d7db-494b-a0fb-55132a5928c9.config
2026-09-19T18:57:03.3328000Z [command]/opt/homebrew/bin/git config --local --unset includeif.gitdir:/github/workspace/.git/worktrees/*.path /github/runner_temp/git-credentials-0fa33556-d7db-494b-a0fb-55132a5928c9.config
2026-09-19T18:57:03.3408230Z [command]/opt/homebrew/bin/git submodule foreach --recursive git config --local --show-origin --name-only --get-regexp remote.origin.url
2026-09-19T18:57:03.4567100Z Removing credentials config '/Users/runner/work/_temp/git-credentials-0fa33556-d7db-494b-a0fb-55132a5928c9.config'
2026-09-19T18:57:03.4570030Z ##[endgroup]
2026-09-19T18:57:03.4784020Z ##[group]Run actions/setup-python@a309ff8b426b58ec0e2a45f0f869d46889d02405
2026-09-19T18:57:03.4784480Z with:
2026-09-19T18:57:03.4784640Z   python-version: 3.12.10
2026-09-19T18:57:03.4784820Z   check-latest: false
2026-09-19T18:57:03.4787090Z   token: ***
2026-09-19T18:57:03.4787250Z   update-environment: true
2026-09-19T18:57:03.4787480Z   allow-prereleases: false
2026-09-19T18:57:03.4788190Z   freethreaded: false
2026-09-19T18:57:03.4788980Z env:
2026-09-19T18:57:03.4789420Z   PYTHONDONTWRITEBYTECODE: 1
2026-09-19T18:57:03.4790030Z   PYTEST_DISABLE_PLUGIN_AUTOLOAD: 1
2026-09-19T18:57:03.4790250Z ##[endgroup]
2026-09-19T18:57:03.6116890Z ##[group]Installed versions
2026-09-19T18:57:03.6156550Z Successfully set up CPython (3.12.10)
2026-09-19T18:57:03.6158380Z ##[endgroup]
2026-09-19T18:57:03.6250240Z ##[group]Run python -B -m pip install --disable-pip-version-check pytest==9.0.3 iniconfig==2.3.0 packaging==26.0 pluggy==1.6.0 pygments==2.20.0 ruff==0.15.17 basedpyright==1.39.8 nodejs-wheel-binaries==24.16.0 pyyaml==6.0.3
2026-09-19T18:57:03.6251870Z [36;1mpython -B -m pip install --disable-pip-version-check pytest==9.0.3 iniconfig==2.3.0 packaging==26.0 pluggy==1.6.0 pygments==2.20.0 ruff==0.15.17 basedpyright==1.39.8 nodejs-wheel-binaries==24.16.0 pyyaml==6.0.3[0m
2026-09-19T18:57:03.6312700Z shell: /bin/bash -e {0}
2026-09-19T18:57:03.6312950Z env:
2026-09-19T18:57:03.6313150Z   PYTHONDONTWRITEBYTECODE: 1
2026-09-19T18:57:03.6313430Z   PYTEST_DISABLE_PLUGIN_AUTOLOAD: 1
2026-09-19T18:57:03.6313760Z   pythonLocation: /Users/runner/hostedtoolcache/Python/3.12.10/arm64
2026-09-19T18:57:03.6314220Z   PKG_CONFIG_PATH: /Users/runner/hostedtoolcache/Python/3.12.10/arm64/lib/pkgconfig
2026-09-19T18:57:03.6314640Z   Python_ROOT_DIR: /Users/runner/hostedtoolcache/Python/3.12.10/arm64
2026-09-19T18:57:03.6315130Z   Python2_ROOT_DIR: /Users/runner/hostedtoolcache/Python/3.12.10/arm64
2026-09-19T18:57:03.6315580Z   Python3_ROOT_DIR: /Users/runner/hostedtoolcache/Python/3.12.10/arm64
2026-09-19T18:57:03.6315880Z ##[endgroup]
2026-09-19T18:57:05.0881760Z Collecting pytest==9.0.3
2026-09-19T18:57:05.1423790Z   Downloading pytest-9.0.3-py3-none-any.whl.metadata (7.6 kB)
2026-09-19T18:57:05.1634320Z Collecting iniconfig==2.3.0
2026-09-19T18:57:05.1679710Z   Downloading iniconfig-2.3.0-py3-none-any.whl.metadata (2.5 kB)
2026-09-19T18:57:05.1890030Z Collecting packaging==26.0
2026-09-19T18:57:05.1936890Z   Downloading packaging-26.0-py3-none-any.whl.metadata (3.3 kB)
2026-09-19T18:57:05.2086790Z Collecting pluggy==1.6.0
2026-09-19T18:57:05.2127270Z   Downloading pluggy-1.6.0-py3-none-any.whl.metadata (4.8 kB)
2026-09-19T18:57:05.2363200Z Collecting pygments==2.20.0
2026-09-19T18:57:05.2417720Z   Downloading pygments-2.20.0-py3-none-any.whl.metadata (2.5 kB)
2026-09-19T18:57:05.5393350Z Collecting ruff==0.15.17
2026-09-19T18:57:05.5496440Z   Downloading ruff-0.15.17-py3-none-macosx_11_0_arm64.whl.metadata (26 kB)
2026-09-19T18:57:05.5897140Z Collecting basedpyright==1.39.8
2026-09-19T18:57:05.5970210Z   Downloading basedpyright-1.39.8-py3-none-any.whl.metadata (2.4 kB)
2026-09-19T18:57:05.6319070Z Collecting nodejs-wheel-binaries==24.16.0
2026-09-19T18:57:05.6400440Z   Downloading nodejs_wheel_binaries-24.16.0-py2.py3-none-macosx_13_0_arm64.whl.metadata (4.6 kB)
2026-09-19T18:57:05.6779710Z Collecting pyyaml==6.0.3
2026-09-19T18:57:05.6840200Z   Downloading pyyaml-6.0.3-cp312-cp312-macosx_11_0_arm64.whl.metadata (2.4 kB)
2026-09-19T18:57:05.7031840Z Downloading pytest-9.0.3-py3-none-any.whl (375 kB)
2026-09-19T18:57:05.7195180Z Downloading pluggy-1.6.0-py3-none-any.whl (20 kB)
2026-09-19T18:57:05.7288110Z Downloading iniconfig-2.3.0-py3-none-any.whl (7.5 kB)
2026-09-19T18:57:05.7374040Z Downloading packaging-26.0-py3-none-any.whl (74 kB)
2026-09-19T18:57:05.7461190Z Downloading pygments-2.20.0-py3-none-any.whl (1.2 MB)
2026-09-19T18:57:05.7606270Z    ━━━━━━━━━━━━━━━━━━━━━━━━━━━━━━━━━━━━━━━━ 1.2/1.2 MB 75.2 MB/s  0:00:00
2026-09-19T18:57:05.7663170Z Downloading ruff-0.15.17-py3-none-macosx_11_0_arm64.whl (10.6 MB)
2026-09-19T18:57:05.8334280Z    ━━━━━━━━━━━━━━━━━━━━━━━━━━━━━━━━━━━━━━━━ 10.6/10.6 MB 159.5 MB/s  0:00:00
2026-09-19T18:57:05.8409510Z Downloading basedpyright-1.39.8-py3-none-any.whl (13.2 MB)
2026-09-19T18:57:05.9472510Z    ━━━━━━━━━━━━━━━━━━━━━━━━━━━━━━━━━━━━━━━━ 13.2/13.2 MB 133.3 MB/s  0:00:00
2026-09-19T18:57:05.9551910Z Downloading nodejs_wheel_binaries-24.16.0-py2.py3-none-macosx_13_0_arm64.whl (55.7 MB)
2026-09-19T18:57:06.4324010Z    ━━━━━━━━━━━━━━━━━━━━━━━━━━━━━━━━━━━━━━━━ 55.7/55.7 MB 117.4 MB/s  0:00:00
2026-09-19T18:57:06.4382050Z Downloading pyyaml-6.0.3-cp312-cp312-macosx_11_0_arm64.whl (173 kB)
2026-09-19T18:57:06.6300410Z Installing collected packages: ruff, pyyaml, pygments, pluggy, packaging, nodejs-wheel-binaries, iniconfig, pytest, basedpyright
2026-09-19T18:57:10.7705210Z 
2026-09-19T18:57:10.7726380Z Successfully installed basedpyright-1.39.8 iniconfig-2.3.0 nodejs-wheel-binaries-24.16.0 packaging-26.0 pluggy-1.6.0 pygments-2.20.0 pytest-9.0.3 pyyaml-6.0.3 ruff-0.15.17
2026-09-19T18:57:10.8668200Z ##[group]Run python -I -B scripts/ci/native_macos_dnssd_endpoint_environment.py "$RUNNER_TEMP/macos-sigpipe-report/environment-before.json"
2026-09-19T18:57:10.8669430Z [36;1mpython -I -B scripts/ci/native_macos_dnssd_endpoint_environment.py "$RUNNER_TEMP/macos-sigpipe-report/environment-before.json"[0m
2026-09-19T18:57:10.8769830Z shell: /bin/bash -e {0}
2026-09-19T18:57:10.8770190Z env:
2026-09-19T18:57:10.8770440Z   PYTHONDONTWRITEBYTECODE: 1
2026-09-19T18:57:10.8770790Z   PYTEST_DISABLE_PLUGIN_AUTOLOAD: 1
2026-09-19T18:57:10.8771090Z   pythonLocation: /Users/runner/hostedtoolcache/Python/3.12.10/arm64
2026-09-19T18:57:10.8771520Z   PKG_CONFIG_PATH: /Users/runner/hostedtoolcache/Python/3.12.10/arm64/lib/pkgconfig
2026-09-19T18:57:10.8771920Z   Python_ROOT_DIR: /Users/runner/hostedtoolcache/Python/3.12.10/arm64
2026-09-19T18:57:10.8772280Z   Python2_ROOT_DIR: /Users/runner/hostedtoolcache/Python/3.12.10/arm64
2026-09-19T18:57:10.8772700Z   Python3_ROOT_DIR: /Users/runner/hostedtoolcache/Python/3.12.10/arm64
2026-09-19T18:57:10.8772970Z ##[endgroup]
2026-09-19T18:57:13.3061220Z ##[group]Run python -I -B scripts/ci/native_macos_dnssd_sigpipe_path.py --prepare --output "$RUNNER_TEMP/macos-sigpipe-report/prepared.json"
2026-09-19T18:57:13.3062870Z [36;1mpython -I -B scripts/ci/native_macos_dnssd_sigpipe_path.py --prepare --output "$RUNNER_TEMP/macos-sigpipe-report/prepared.json"[0m
2026-09-19T18:57:13.3159620Z shell: /bin/bash -e {0}
2026-09-19T18:57:13.3160570Z env:
2026-09-19T18:57:13.3161220Z   PYTHONDONTWRITEBYTECODE: 1
2026-09-19T18:57:13.3161860Z   PYTEST_DISABLE_PLUGIN_AUTOLOAD: 1
2026-09-19T18:57:13.3162900Z   pythonLocation: /Users/runner/hostedtoolcache/Python/3.12.10/arm64
2026-09-19T18:57:13.3164020Z   PKG_CONFIG_PATH: /Users/runner/hostedtoolcache/Python/3.12.10/arm64/lib/pkgconfig
2026-09-19T18:57:13.3165800Z   Python_ROOT_DIR: /Users/runner/hostedtoolcache/Python/3.12.10/arm64
2026-09-19T18:57:13.3166990Z   Python2_ROOT_DIR: /Users/runner/hostedtoolcache/Python/3.12.10/arm64
2026-09-19T18:57:13.3168310Z   Python3_ROOT_DIR: /Users/runner/hostedtoolcache/Python/3.12.10/arm64
2026-09-19T18:57:13.3169380Z ##[endgroup]
2026-09-19T18:57:20.6249640Z ##[group]Run python -B -m ruff check scripts/ci/native_macos_dnssd_sigpipe_*.py tests/test_native_macos_dnssd_sigpipe*.py
2026-09-19T18:57:20.6250970Z [36;1mpython -B -m ruff check scripts/ci/native_macos_dnssd_sigpipe_*.py tests/test_native_macos_dnssd_sigpipe*.py[0m
2026-09-19T18:57:20.6252010Z [36;1mpython -B -m ruff format --check scripts/ci/native_macos_dnssd_sigpipe_*.py tests/test_native_macos_dnssd_sigpipe*.py[0m
2026-09-19T18:57:20.6252860Z [36;1mbasedpyright --pythonpath "$(command -v python)" --level error \[0m
2026-09-19T18:57:20.6253540Z [36;1m  scripts/ci/native_macos_dnssd_sigpipe_binding.py scripts/ci/native_macos_dnssd_sigpipe_child.py \[0m
2026-09-19T18:57:20.6254380Z [36;1m  scripts/ci/native_macos_dnssd_sigpipe_evidence.py scripts/ci/native_macos_dnssd_sigpipe_finite.py \[0m
2026-09-19T18:57:20.6255390Z [36;1m  scripts/ci/native_macos_dnssd_sigpipe_path.py \[0m
2026-09-19T18:57:20.6255890Z [36;1m  scripts/ci/native_macos_dnssd_sigpipe_final.py[0m
2026-09-19T18:57:20.6347150Z shell: /bin/bash --noprofile --norc -e -o pipefail {0}
2026-09-19T18:57:20.6347670Z env:
2026-09-19T18:57:20.6347880Z   PYTHONDONTWRITEBYTECODE: 1
2026-09-19T18:57:20.6348270Z   PYTEST_DISABLE_PLUGIN_AUTOLOAD: 1
2026-09-19T18:57:20.6348600Z   pythonLocation: /Users/runner/hostedtoolcache/Python/3.12.10/arm64
2026-09-19T18:57:20.6349500Z   PKG_CONFIG_PATH: /Users/runner/hostedtoolcache/Python/3.12.10/arm64/lib/pkgconfig
2026-09-19T18:57:20.6351180Z   Python_ROOT_DIR: /Users/runner/hostedtoolcache/Python/3.12.10/arm64
2026-09-19T18:57:20.6352270Z   Python2_ROOT_DIR: /Users/runner/hostedtoolcache/Python/3.12.10/arm64
2026-09-19T18:57:20.6353340Z   Python3_ROOT_DIR: /Users/runner/hostedtoolcache/Python/3.12.10/arm64
2026-09-19T18:57:20.6354020Z ##[endgroup]
2026-09-19T18:57:20.9545390Z All checks passed!
2026-09-19T18:57:21.0218430Z 9 files already formatted
2026-09-19T18:57:22.4984920Z 0 errors, 230 warnings, 0 notes
2026-09-19T18:57:22.5276330Z ##[group]Run set +e
2026-09-19T18:57:22.5276630Z [36;1mset +e[0m
2026-09-19T18:57:22.5279090Z [36;1mpython -B -m pytest --noconftest -c /dev/null --rootdir "$GITHUB_WORKSPACE" -q --tb=long \[0m
2026-09-19T18:57:22.5280790Z [36;1m  --junitxml="$RUNNER_TEMP/macos-sigpipe-report/finite-junit.xml" \[0m
2026-09-19T18:57:22.5281960Z [36;1m  tests/test_native_macos_dnssd_sigpipe.py \[0m
2026-09-19T18:57:22.5283140Z [36;1m  tests/test_native_macos_dnssd_sigpipe_path.py tests/test_native_macos_dnssd_sigpipe_forwarding.py \[0m
2026-09-19T18:57:22.5284470Z [36;1m  > "$RUNNER_TEMP/macos-sigpipe-report/finite.log" 2>&1[0m
2026-09-19T18:57:22.5285200Z [36;1mresult=$?[0m
2026-09-19T18:57:22.5285870Z [36;1mcat "$RUNNER_TEMP/macos-sigpipe-report/finite.log"[0m
2026-09-19T18:57:22.5287160Z [36;1mpython -I -B scripts/ci/native_macos_dnssd_sigpipe_finite.py "$RUNNER_TEMP/macos-sigpipe-report"[0m
2026-09-19T18:57:22.5288310Z [36;1mcontract=$?[0m
2026-09-19T18:57:22.5288950Z [36;1mif [ "$result" -ne 0 ]; then exit "$result"; fi[0m
2026-09-19T18:57:22.5289620Z [36;1mexit "$contract"[0m
2026-09-19T18:57:22.5431660Z shell: /bin/bash --noprofile --norc -e -o pipefail {0}
2026-09-19T18:57:22.5431920Z env:
2026-09-19T18:57:22.5432120Z   PYTHONDONTWRITEBYTECODE: 1
2026-09-19T18:57:22.5432460Z   PYTEST_DISABLE_PLUGIN_AUTOLOAD: 1
2026-09-19T18:57:22.5432760Z   pythonLocation: /Users/runner/hostedtoolcache/Python/3.12.10/arm64
2026-09-19T18:57:22.5433200Z   PKG_CONFIG_PATH: /Users/runner/hostedtoolcache/Python/3.12.10/arm64/lib/pkgconfig
2026-09-19T18:57:22.5433630Z   Python_ROOT_DIR: /Users/runner/hostedtoolcache/Python/3.12.10/arm64
2026-09-19T18:57:22.5434010Z   Python2_ROOT_DIR: /Users/runner/hostedtoolcache/Python/3.12.10/arm64
2026-09-19T18:57:22.5434520Z   Python3_ROOT_DIR: /Users/runner/hostedtoolcache/Python/3.12.10/arm64
2026-09-19T18:57:22.5434800Z ##[endgroup]
2026-09-19T18:57:24.2569830Z ................................................                         [100%]
2026-09-19T18:57:24.2570450Z 48 passed in 1.32s
2026-09-19T18:57:24.3147750Z ##[group]Run /usr/bin/xcrun --sdk macosx clang -std=c11 -O0 -Wall -Wextra -Werror -dynamiclib -DHOL_GUARD_PHASE_LIBRARY \
2026-09-19T18:57:24.3148600Z [36;1m/usr/bin/xcrun --sdk macosx clang -std=c11 -O0 -Wall -Wextra -Werror -dynamiclib -DHOL_GUARD_PHASE_LIBRARY \[0m
2026-09-19T18:57:24.3149090Z [36;1m  scripts/ci/native_macos_dnssd_sigpipe_probe.c \[0m
2026-09-19T18:57:24.3149560Z [36;1m  -o "$RUNNER_TEMP/macos-sigpipe-build/sigpipe-bridge.dylib" \[0m
2026-09-19T18:57:24.3150100Z [36;1m  > "$RUNNER_TEMP/macos-sigpipe-build/bridge.stdout" 2> "$RUNNER_TEMP/macos-sigpipe-build/bridge.stderr"[0m
2026-09-19T18:57:24.3150680Z [36;1m/usr/bin/xcrun --sdk macosx clang -std=c11 -O0 -Wall -Wextra -Werror \[0m
2026-09-19T18:57:24.3151160Z [36;1m  scripts/ci/native_macos_dnssd_sigpipe_host.c \[0m
2026-09-19T18:57:24.3151510Z [36;1m  -o "$RUNNER_TEMP/macos-sigpipe-build/sigpipe-host" \[0m
2026-09-19T18:57:24.3152380Z [36;1m  > "$RUNNER_TEMP/macos-sigpipe-build/host.stdout" 2> "$RUNNER_TEMP/macos-sigpipe-build/host.stderr"[0m
2026-09-19T18:57:24.3209680Z shell: /bin/bash --noprofile --norc -e -o pipefail {0}
2026-09-19T18:57:24.3209960Z env:
2026-09-19T18:57:24.3210150Z   PYTHONDONTWRITEBYTECODE: 1
2026-09-19T18:57:24.3210370Z   PYTEST_DISABLE_PLUGIN_AUTOLOAD: 1
2026-09-19T18:57:24.3210780Z   pythonLocation: /Users/runner/hostedtoolcache/Python/3.12.10/arm64
2026-09-19T18:57:24.3211240Z   PKG_CONFIG_PATH: /Users/runner/hostedtoolcache/Python/3.12.10/arm64/lib/pkgconfig
2026-09-19T18:57:24.3211670Z   Python_ROOT_DIR: /Users/runner/hostedtoolcache/Python/3.12.10/arm64
2026-09-19T18:57:24.3212070Z   Python2_ROOT_DIR: /Users/runner/hostedtoolcache/Python/3.12.10/arm64
2026-09-19T18:57:24.3212520Z   Python3_ROOT_DIR: /Users/runner/hostedtoolcache/Python/3.12.10/arm64
2026-09-19T18:57:24.3212980Z ##[endgroup]
2026-09-19T18:57:24.5731330Z ##[group]Run python -I -B scripts/ci/native_macos_dnssd_sigpipe_path.py --prepared "$RUNNER_TEMP/macos-sigpipe-report/prepared.json" --host "$RUNNER_TEMP/macos-sigpipe-build/sigpipe-host" --bridge "$RUNNER_TEMP/macos-sigpipe-build/sigpipe-bridge.dylib" --output "$RUNNER_TEMP/macos-sigpipe-report/sigpipe-context.json"
2026-09-19T18:57:24.5733620Z [36;1mpython -I -B scripts/ci/native_macos_dnssd_sigpipe_path.py --prepared "$RUNNER_TEMP/macos-sigpipe-report/prepared.json" --host "$RUNNER_TEMP/macos-sigpipe-build/sigpipe-host" --bridge "$RUNNER_TEMP/macos-sigpipe-build/sigpipe-bridge.dylib" --output "$RUNNER_TEMP/macos-sigpipe-report/sigpipe-context.json"[0m
2026-09-19T18:57:24.5784150Z shell: /bin/bash -e {0}
2026-09-19T18:57:24.5784910Z env:
2026-09-19T18:57:24.5785390Z   PYTHONDONTWRITEBYTECODE: 1
2026-09-19T18:57:24.5786240Z   PYTEST_DISABLE_PLUGIN_AUTOLOAD: 1
2026-09-19T18:57:24.5787060Z   pythonLocation: /Users/runner/hostedtoolcache/Python/3.12.10/arm64
2026-09-19T18:57:24.5788330Z   PKG_CONFIG_PATH: /Users/runner/hostedtoolcache/Python/3.12.10/arm64/lib/pkgconfig
2026-09-19T18:57:24.5789390Z   Python_ROOT_DIR: /Users/runner/hostedtoolcache/Python/3.12.10/arm64
2026-09-19T18:57:24.5790390Z   Python2_ROOT_DIR: /Users/runner/hostedtoolcache/Python/3.12.10/arm64
2026-09-19T18:57:24.5791390Z   Python3_ROOT_DIR: /Users/runner/hostedtoolcache/Python/3.12.10/arm64
2026-09-19T18:57:24.5792150Z ##[endgroup]
2026-09-19T18:57:48.1709310Z ##[error]Process completed with exit code 1.
2026-09-19T18:57:48.2257120Z ##[group]Run python -I -B scripts/ci/native_macos_dnssd_sigpipe_final.py --report-dir "$RUNNER_TEMP/macos-sigpipe-report" --build-dir "$RUNNER_TEMP/macos-sigpipe-build"
2026-09-19T18:57:48.2260290Z [36;1mpython -I -B scripts/ci/native_macos_dnssd_sigpipe_final.py --report-dir "$RUNNER_TEMP/macos-sigpipe-report" --build-dir "$RUNNER_TEMP/macos-sigpipe-build"[0m
2026-09-19T18:57:48.2590420Z shell: /bin/bash -e {0}
2026-09-19T18:57:48.2591220Z env:
2026-09-19T18:57:48.2592450Z   PYTHONDONTWRITEBYTECODE: 1
2026-09-19T18:57:48.2592940Z   PYTEST_DISABLE_PLUGIN_AUTOLOAD: 1
2026-09-19T18:57:48.2593350Z   pythonLocation: /Users/runner/hostedtoolcache/Python/3.12.10/arm64
2026-09-19T18:57:48.2595110Z   PKG_CONFIG_PATH: /Users/runner/hostedtoolcache/Python/3.12.10/arm64/lib/pkgconfig
2026-09-19T18:57:48.2595650Z   Python_ROOT_DIR: /Users/runner/hostedtoolcache/Python/3.12.10/arm64
2026-09-19T18:57:48.2597400Z   Python2_ROOT_DIR: /Users/runner/hostedtoolcache/Python/3.12.10/arm64
2026-09-19T18:57:48.2599930Z   Python3_ROOT_DIR: /Users/runner/hostedtoolcache/Python/3.12.10/arm64
2026-09-19T18:57:48.2601380Z ##[endgroup]
2026-09-19T18:57:50.3296190Z ##[group]Run python -I -B scripts/ci/native_macos_dnssd_endpoint_environment.py "$RUNNER_TEMP/macos-sigpipe-report/environment-after.json" "$RUNNER_TEMP/macos-sigpipe-report/environment-before.json"
2026-09-19T18:57:50.3297480Z [36;1mpython -I -B scripts/ci/native_macos_dnssd_endpoint_environment.py "$RUNNER_TEMP/macos-sigpipe-report/environment-after.json" "$RUNNER_TEMP/macos-sigpipe-report/environment-before.json"[0m
2026-09-19T18:57:50.3345720Z shell: /bin/bash -e {0}
2026-09-19T18:57:50.3346120Z env:
2026-09-19T18:57:50.3346490Z   PYTHONDONTWRITEBYTECODE: 1
2026-09-19T18:57:50.3346810Z   PYTEST_DISABLE_PLUGIN_AUTOLOAD: 1
2026-09-19T18:57:50.3347260Z   pythonLocation: /Users/runner/hostedtoolcache/Python/3.12.10/arm64
2026-09-19T18:57:50.3347760Z   PKG_CONFIG_PATH: /Users/runner/hostedtoolcache/Python/3.12.10/arm64/lib/pkgconfig
2026-09-19T18:57:50.3348330Z   Python_ROOT_DIR: /Users/runner/hostedtoolcache/Python/3.12.10/arm64
2026-09-19T18:57:50.3348940Z   Python2_ROOT_DIR: /Users/runner/hostedtoolcache/Python/3.12.10/arm64
2026-09-19T18:57:50.3349450Z   Python3_ROOT_DIR: /Users/runner/hostedtoolcache/Python/3.12.10/arm64
2026-09-19T18:57:50.3350080Z ##[endgroup]
2026-09-19T18:57:55.1353820Z ##[group]Run python3 -I -B - <<'PY'
2026-09-19T18:57:55.1354230Z [36;1mpython3 -I -B - <<'PY'[0m
2026-09-19T18:57:55.1354570Z [36;1mimport hashlib, json, os[0m
2026-09-19T18:57:55.1354770Z [36;1mfrom pathlib import Path[0m
2026-09-19T18:57:55.1355030Z [36;1mroot = Path(os.environ['RUNNER_TEMP'])[0m
2026-09-19T18:57:55.1355880Z [36;1moutput = root / 'macos-sigpipe-report/job-outcome.json'[0m
2026-09-19T18:57:55.1356180Z [36;1mreport = json.loads(output.read_text())[0m
2026-09-19T18:57:55.1356560Z [36;1mreport.update(status='finished', steps={key.lower(): os.environ[key] for key in ([0m
2026-09-19T18:57:55.1357050Z [36;1m    'PREPARE', 'SOURCE', 'FINITE', 'BUILD', 'LOOKUPS', 'FINAL_WITNESS', 'ENVIRONMENT_AFTER')},[0m
2026-09-19T18:57:55.1357500Z [36;1m    build_boundary='one_minute_workflow_step_no_descendant_certificate',[0m
2026-09-19T18:57:55.1357950Z [36;1m    raw_compiler_output_exported=False, raw_endpoint_addresses_exported=False)[0m
2026-09-19T18:57:55.1358390Z [36;1mfinal = root / 'macos-sigpipe-report/final-witness.json'[0m
2026-09-19T18:57:55.1358740Z [36;1mreport['final_witness_retained'] = final.is_file()[0m
2026-09-19T18:57:55.1359090Z [36;1mif final.is_file():[0m
2026-09-19T18:57:55.1359280Z [36;1m    data = final.read_bytes()[0m
2026-09-19T18:57:55.1359650Z [36;1m    report['final_witness_file'] = {'bytes': len(data), 'sha256': hashlib.sha256(data).hexdigest()}[0m
2026-09-19T18:57:55.1360030Z [36;1mreport['compiler'] = {}[0m
2026-09-19T18:57:55.1360250Z [36;1mfor prefix in ('bridge', 'host'):[0m
2026-09-19T18:57:55.1360500Z [36;1m    for channel in ('stdout', 'stderr'):[0m
2026-09-19T18:57:55.1360820Z [36;1m        path = root / ('macos-sigpipe-build/' + prefix + '.' + channel)[0m
2026-09-19T18:57:55.1361140Z [36;1m        if path.is_file():[0m
2026-09-19T18:57:55.1361370Z [36;1m            data = path.read_bytes()[0m
2026-09-19T18:57:55.1361650Z [36;1m            report['compiler'][prefix + '.' + channel] = {[0m
2026-09-19T18:57:55.1362040Z [36;1m                'bytes': len(data), 'sha256': hashlib.sha256(data).hexdigest()}[0m
2026-09-19T18:57:55.1362450Z [36;1moutput.write_text(json.dumps(report, sort_keys=True, indent=2) + '\n')[0m
2026-09-19T18:57:55.1362770Z [36;1mPY[0m
2026-09-19T18:57:55.1404060Z shell: /bin/bash --noprofile --norc -e -o pipefail {0}
2026-09-19T18:57:55.1404330Z env:
2026-09-19T18:57:55.1404510Z   PYTHONDONTWRITEBYTECODE: 1
2026-09-19T18:57:55.1404710Z   PYTEST_DISABLE_PLUGIN_AUTOLOAD: 1
2026-09-19T18:57:55.1405000Z   pythonLocation: /Users/runner/hostedtoolcache/Python/3.12.10/arm64
2026-09-19T18:57:55.1405420Z   PKG_CONFIG_PATH: /Users/runner/hostedtoolcache/Python/3.12.10/arm64/lib/pkgconfig
2026-09-19T18:57:55.1405830Z   Python_ROOT_DIR: /Users/runner/hostedtoolcache/Python/3.12.10/arm64
2026-09-19T18:57:55.1406220Z   Python2_ROOT_DIR: /Users/runner/hostedtoolcache/Python/3.12.10/arm64
2026-09-19T18:57:55.1406580Z   Python3_ROOT_DIR: /Users/runner/hostedtoolcache/Python/3.12.10/arm64
2026-09-19T18:57:55.1406880Z   PREPARE: success
2026-09-19T18:57:55.1407030Z   SOURCE: success
2026-09-19T18:57:55.1407190Z   FINITE: success
2026-09-19T18:57:55.1407340Z   BUILD: success
2026-09-19T18:57:55.1407490Z   LOOKUPS: failure
2026-09-19T18:57:55.1407640Z   FINAL_WITNESS: success
2026-09-19T18:57:55.1407830Z   ENVIRONMENT_AFTER: success
2026-09-19T18:57:55.1408040Z ##[endgroup]
2026-09-19T18:57:55.2782230Z ##[group]Run actions/upload-artifact@043fb46d1a93c77aae656e7c1c64a875d1fc6a0a
2026-09-19T18:57:55.2782620Z with:
2026-09-19T18:57:55.2782900Z   name: macos-sigpipe-arm64-45a8c31391325b8c09f6809d96ad793f8195211b-35462790028-1
2026-09-19T18:57:55.2783410Z   path: /Users/runner/work/_temp/macos-sigpipe-report/
2026-09-19T18:57:55.2783660Z   if-no-files-found: error
2026-09-19T18:57:55.2783930Z   retention-days: 30
2026-09-19T18:57:55.2784160Z   compression-level: 6
2026-09-19T18:57:55.2784340Z   overwrite: false
2026-09-19T18:57:55.2784510Z   include-hidden-files: false
2026-09-19T18:57:55.2784720Z   archive: true
2026-09-19T18:57:55.2784910Z env:
2026-09-19T18:57:55.2785070Z   PYTHONDONTWRITEBYTECODE: 1
2026-09-19T18:57:55.2785290Z   PYTEST_DISABLE_PLUGIN_AUTOLOAD: 1
2026-09-19T18:57:55.2785640Z   pythonLocation: /Users/runner/hostedtoolcache/Python/3.12.10/arm64
2026-09-19T18:57:55.2786140Z   PKG_CONFIG_PATH: /Users/runner/hostedtoolcache/Python/3.12.10/arm64/lib/pkgconfig
2026-09-19T18:57:55.2787490Z   Python_ROOT_DIR: /Users/runner/hostedtoolcache/Python/3.12.10/arm64
2026-09-19T18:57:55.2788310Z   Python2_ROOT_DIR: /Users/runner/hostedtoolcache/Python/3.12.10/arm64
2026-09-19T18:57:55.2788740Z   Python3_ROOT_DIR: /Users/runner/hostedtoolcache/Python/3.12.10/arm64
2026-09-19T18:57:55.2789070Z ##[endgroup]
2026-09-19T18:57:55.7286400Z With the provided path, there will be 9 files uploaded
2026-09-19T18:57:55.7288660Z Artifact name is valid!
2026-09-19T18:57:55.7289010Z Root directory input is valid!
2026-09-19T18:57:56.1947410Z Uploading artifact: macos-sigpipe-arm64-45a8c31391325b8c09f6809d96ad793f8195211b-35462790028-1.zip
2026-09-19T18:57:56.1948520Z Beginning upload of artifact content to blob storage
2026-09-19T18:57:57.0301310Z Uploaded bytes 915711
2026-09-19T18:57:57.1187230Z Finished uploading artifact content to blob storage!
2026-09-19T18:57:57.1291940Z SHA256 digest of uploaded artifact is 3f8f12c8bc7edcc3dc2fb1353912f127e32dd4e3f0f9e50ef14893ea5b02d7be
2026-09-19T18:57:57.1393180Z Finalizing artifact upload
2026-09-19T18:57:57.5103770Z Artifact macos-sigpipe-arm64-45a8c31391325b8c09f6809d96ad793f8195211b-35462790028-1 successfully finalized. Artifact ID 10590017341
2026-09-19T18:57:57.5122140Z Artifact macos-sigpipe-arm64-45a8c31391325b8c09f6809d96ad793f8195211b-35462790028-1 has been successfully uploaded! Final size is 915711 bytes. Artifact ID is 10590017341
2026-09-19T18:57:57.5128660Z Artifact download URL: https://github.com/hashgraph-online/hol-guard/actions/runs/35462790028/artifacts/10590017341
2026-09-19T18:57:57.5257260Z Post job cleanup.
2026-09-19T18:57:57.6644580Z [command]/opt/homebrew/bin/git version
2026-09-19T18:57:57.6758620Z git version 2.55.0
2026-09-19T18:57:57.6782620Z Copying '/Users/runner/.gitconfig' to '/Users/runner/work/_temp/04d7e6a0-c315-4fa2-8de8-383b01d3fb19/.gitconfig'
2026-09-19T18:57:57.6789290Z Temporarily overriding HOME='/Users/runner/work/_temp/04d7e6a0-c315-4fa2-8de8-383b01d3fb19' before making global git config changes
2026-09-19T18:57:57.6792980Z Adding repository directory to the temporary git global config as a safe directory
2026-09-19T18:57:57.6795630Z [command]/opt/homebrew/bin/git config --global --add safe.directory /Users/runner/work/hol-guard/hol-guard
2026-09-19T18:57:57.6895030Z Removing SSH command configuration
2026-09-19T18:57:57.6911100Z [command]/opt/homebrew/bin/git config --local --name-only --get-regexp core\.sshCommand
2026-09-19T18:57:57.7378840Z [command]/opt/homebrew/bin/git submodule foreach --recursive sh -c "git config --local --name-only --get-regexp 'core\.sshCommand' && git config --local --unset-all 'core.sshCommand' || :"
2026-09-19T18:57:57.8690720Z Removing HTTP extra header
2026-09-19T18:57:57.8695370Z [command]/opt/homebrew/bin/git config --local --name-only --get-regexp http\.https\:\/\/github\.com\/\.extraheader
2026-09-19T18:57:57.8777840Z [command]/opt/homebrew/bin/git submodule foreach --recursive sh -c "git config --local --name-only --get-regexp 'http\.https\:\/\/github\.com\/\.extraheader' && git config --local --unset-all 'http.https://github.com/.extraheader' || :"
2026-09-19T18:57:57.9687920Z Removing includeIf entries pointing to credentials config files
2026-09-19T18:57:57.9691780Z [command]/opt/homebrew/bin/git config --local --name-only --get-regexp ^includeIf\.gitdir:
2026-09-19T18:57:57.9745830Z [command]/opt/homebrew/bin/git submodule foreach --recursive git config --local --show-origin --name-only --get-regexp remote.origin.url
2026-09-19T18:57:58.1778470Z Cleaning up orphan processes
