Collecting twine==6.2.0
  Downloading twine-6.2.0-py3-none-any.whl.metadata (3.6 kB)
Collecting readme-renderer>=35.0 (from twine==6.2.0)
  Downloading readme_renderer-44.0-py3-none-any.whl.metadata (2.8 kB)
Collecting requests>=2.20 (from twine==6.2.0)
  Downloading requests-2.33.1-py3-none-any.whl.metadata (4.8 kB)
Collecting requests-toolbelt!=0.9.0,>=0.8.0 (from twine==6.2.0)
  Downloading requests_toolbelt-1.0.0-py2.py3-none-any.whl.metadata (14 kB)
Collecting urllib3>=1.26.0 (from twine==6.2.0)
  Downloading urllib3-2.7.0-py3-none-any.whl.metadata (6.9 kB)
Collecting keyring>=21.2.0 (from twine==6.2.0)
  Downloading keyring-25.7.0-py3-none-any.whl.metadata (21 kB)
Collecting rfc3986>=1.4.0 (from twine==6.2.0)
  Downloading rfc3986-2.0.0-py2.py3-none-any.whl.metadata (6.6 kB)
Collecting rich>=12.0.0 (from twine==6.2.0)
  Downloading rich-14.2.0-py3-none-any.whl.metadata (18 kB)
Collecting packaging>=24.0 (from twine==6.2.0)
  Using cached packaging-26.0-py3-none-any.whl.metadata (3.3 kB)
Collecting id (from twine==6.2.0)
  Downloading id-1.6.1-py3-none-any.whl.metadata (5.1 kB)
Collecting SecretStorage>=3.2 (from keyring>=21.2.0->twine==6.2.0)
  Downloading secretstorage-3.5.0-py3-none-any.whl.metadata (4.0 kB)
Collecting jeepney>=0.4.2 (from keyring>=21.2.0->twine==6.2.0)
  Downloading jeepney-0.9.0-py3-none-any.whl.metadata (1.2 kB)
Collecting jaraco.classes (from keyring>=21.2.0->twine==6.2.0)
  Downloading jaraco.classes-3.4.0-py3-none-any.whl.metadata (2.6 kB)
Collecting jaraco.functools (from keyring>=21.2.0->twine==6.2.0)
  Downloading jaraco_functools-4.4.0-py3-none-any.whl.metadata (3.0 kB)
Collecting jaraco.context (from keyring>=21.2.0->twine==6.2.0)
  Downloading jaraco_context-6.1.2-py3-none-any.whl.metadata (4.2 kB)
Collecting nh3>=0.2.14 (from readme-renderer>=35.0->twine==6.2.0)
  Downloading nh3-0.3.4-cp38-abi3-manylinux_2_17_x86_64.manylinux2014_x86_64.whl.metadata (2.0 kB)
Collecting docutils>=0.21.2 (from readme-renderer>=35.0->twine==6.2.0)
  Downloading docutils-0.22.4-py3-none-any.whl.metadata (15 kB)
Collecting Pygments>=2.5.1 (from readme-renderer>=35.0->twine==6.2.0)
  Downloading pygments-2.20.0-py3-none-any.whl.metadata (2.5 kB)
Collecting charset_normalizer<4,>=2 (from requests>=2.20->twine==6.2.0)
  Downloading charset_normalizer-3.4.7-cp312-cp312-manylinux2014_x86_64.manylinux_2_17_x86_64.manylinux_2_28_x86_64.whl.metadata (40 kB)
Collecting idna<4,>=2.5 (from requests>=2.20->twine==6.2.0)
  Downloading idna-3.15-py3-none-any.whl.metadata (7.7 kB)
Collecting certifi>=2023.5.7 (from requests>=2.20->twine==6.2.0)
  Downloading certifi-2026.2.25-py3-none-any.whl.metadata (2.5 kB)
Collecting markdown-it-py>=2.2.0 (from rich>=12.0.0->twine==6.2.0)
  Downloading markdown_it_py-4.0.0-py3-none-any.whl.metadata (7.3 kB)
Collecting mdurl~=0.1 (from markdown-it-py>=2.2.0->rich>=12.0.0->twine==6.2.0)
  Downloading mdurl-0.1.2-py3-none-any.whl.metadata (1.6 kB)
Collecting cryptography>=2.0 (from SecretStorage>=3.2->keyring>=21.2.0->twine==6.2.0)
  Downloading cryptography-50.0.0-cp311-abi3-manylinux_2_34_x86_64.whl.metadata (4.3 kB)
Collecting cffi>=2.0.0 (from cryptography>=2.0->SecretStorage>=3.2->keyring>=21.2.0->twine==6.2.0)
  Downloading cffi-2.0.0-cp312-cp312-manylinux2014_x86_64.manylinux_2_17_x86_64.whl.metadata (2.6 kB)
Collecting pycparser (from cffi>=2.0.0->cryptography>=2.0->SecretStorage>=3.2->keyring>=21.2.0->twine==6.2.0)
  Downloading pycparser-3.0-py3-none-any.whl.metadata (8.2 kB)
Collecting more-itertools (from jaraco.classes->keyring>=21.2.0->twine==6.2.0)
  Downloading more_itertools-11.0.1-py3-none-any.whl.metadata (41 kB)
Downloading twine-6.2.0-py3-none-any.whl (42 kB)
Downloading keyring-25.7.0-py3-none-any.whl (39 kB)
Downloading jeepney-0.9.0-py3-none-any.whl (49 kB)
Using cached packaging-26.0-py3-none-any.whl (74 kB)
Downloading readme_renderer-44.0-py3-none-any.whl (13 kB)
Downloading docutils-0.22.4-py3-none-any.whl (633 kB)
   ━━━━━━━━━━━━━━━━━━━━━━━━━━━━━━━━━━━━━━━━ 633.2/633.2 kB 4.4 MB/s  0:00:00
Downloading nh3-0.3.4-cp38-abi3-manylinux_2_17_x86_64.manylinux2014_x86_64.whl (804 kB)
   ━━━━━━━━━━━━━━━━━━━━━━━━━━━━━━━━━━━━━━━━ 805.0/805.0 kB 11.0 MB/s  0:00:00
Downloading pygments-2.20.0-py3-none-any.whl (1.2 MB)
   ━━━━━━━━━━━━━━━━━━━━━━━━━━━━━━━━━━━━━━━━ 1.2/1.2 MB 20.8 MB/s  0:00:00
Downloading requests-2.33.1-py3-none-any.whl (64 kB)
Downloading charset_normalizer-3.4.7-cp312-cp312-manylinux2014_x86_64.manylinux_2_17_x86_64.manylinux_2_28_x86_64.whl (216 kB)
Downloading idna-3.15-py3-none-any.whl (72 kB)
Downloading urllib3-2.7.0-py3-none-any.whl (131 kB)
Downloading certifi-2026.2.25-py3-none-any.whl (153 kB)
Downloading requests_toolbelt-1.0.0-py2.py3-none-any.whl (54 kB)
Downloading rfc3986-2.0.0-py2.py3-none-any.whl (31 kB)
Downloading rich-14.2.0-py3-none-any.whl (243 kB)
Downloading markdown_it_py-4.0.0-py3-none-any.whl (87 kB)
Downloading mdurl-0.1.2-py3-none-any.whl (10.0 kB)
Downloading secretstorage-3.5.0-py3-none-any.whl (15 kB)
Downloading cryptography-50.0.0-cp311-abi3-manylinux_2_34_x86_64.whl (4.7 MB)
   ━━━━━━━━━━━━━━━━━━━━━━━━━━━━━━━━━━━━━━━━ 4.7/4.7 MB 55.7 MB/s  0:00:00
Downloading cffi-2.0.0-cp312-cp312-manylinux2014_x86_64.manylinux_2_17_x86_64.whl (219 kB)
Downloading id-1.6.1-py3-none-any.whl (14 kB)
Downloading jaraco.classes-3.4.0-py3-none-any.whl (6.8 kB)
Downloading jaraco_context-6.1.2-py3-none-any.whl (7.9 kB)
Downloading jaraco_functools-4.4.0-py3-none-any.whl (10 kB)
Downloading more_itertools-11.0.1-py3-none-any.whl (72 kB)
Downloading pycparser-3.0-py3-none-any.whl (48 kB)
Saved ./metadata-wheelhouse/twine-6.2.0-py3-none-any.whl
Saved ./metadata-wheelhouse/keyring-25.7.0-py3-none-any.whl
Saved ./metadata-wheelhouse/jeepney-0.9.0-py3-none-any.whl
Saved ./metadata-wheelhouse/packaging-26.0-py3-none-any.whl
Saved ./metadata-wheelhouse/readme_renderer-44.0-py3-none-any.whl
Saved ./metadata-wheelhouse/docutils-0.22.4-py3-none-any.whl
Saved ./metadata-wheelhouse/nh3-0.3.4-cp38-abi3-manylinux_2_17_x86_64.manylinux2014_x86_64.whl
Saved ./metadata-wheelhouse/pygments-2.20.0-py3-none-any.whl
Saved ./metadata-wheelhouse/requests-2.33.1-py3-none-any.whl
Saved ./metadata-wheelhouse/charset_normalizer-3.4.7-cp312-cp312-manylinux2014_x86_64.manylinux_2_17_x86_64.manylinux_2_28_x86_64.whl
Saved ./metadata-wheelhouse/idna-3.15-py3-none-any.whl
Saved ./metadata-wheelhouse/urllib3-2.7.0-py3-none-any.whl
Saved ./metadata-wheelhouse/certifi-2026.2.25-py3-none-any.whl
Saved ./metadata-wheelhouse/requests_toolbelt-1.0.0-py2.py3-none-any.whl
Saved ./metadata-wheelhouse/rfc3986-2.0.0-py2.py3-none-any.whl
Saved ./metadata-wheelhouse/rich-14.2.0-py3-none-any.whl
Saved ./metadata-wheelhouse/markdown_it_py-4.0.0-py3-none-any.whl
Saved ./metadata-wheelhouse/mdurl-0.1.2-py3-none-any.whl
Saved ./metadata-wheelhouse/secretstorage-3.5.0-py3-none-any.whl
Saved ./metadata-wheelhouse/cryptography-50.0.0-cp311-abi3-manylinux_2_34_x86_64.whl
Saved ./metadata-wheelhouse/cffi-2.0.0-cp312-cp312-manylinux2014_x86_64.manylinux_2_17_x86_64.whl
Saved ./metadata-wheelhouse/id-1.6.1-py3-none-any.whl
Saved ./metadata-wheelhouse/jaraco.classes-3.4.0-py3-none-any.whl
Saved ./metadata-wheelhouse/jaraco_context-6.1.2-py3-none-any.whl
Saved ./metadata-wheelhouse/jaraco_functools-4.4.0-py3-none-any.whl
Saved ./metadata-wheelhouse/more_itertools-11.0.1-py3-none-any.whl
Saved ./metadata-wheelhouse/pycparser-3.0-py3-none-any.whl
Successfully downloaded twine keyring jeepney packaging readme-renderer docutils nh3 Pygments requests charset_normalizer idna urllib3 certifi requests-toolbelt rfc3986 rich markdown-it-py mdurl SecretStorage cryptography cffi id jaraco.classes jaraco.context jaraco.functools more-itertools pycparser
