Looking in links: /workspace/scratch/745337b67ff9/release-set-rehearsal/metadata-wheelhouse
Processing /workspace/scratch/745337b67ff9/release-set-rehearsal/metadata-wheelhouse/certifi-2026.2.25-py3-none-any.whl (from -r /workspace/scratch/745337b67ff9/release-set-rehearsal/metadata-lock/requirements.txt (line 1))
Processing /workspace/scratch/745337b67ff9/release-set-rehearsal/metadata-wheelhouse/cffi-2.0.0-cp312-cp312-manylinux2014_x86_64.manylinux_2_17_x86_64.whl (from -r /workspace/scratch/745337b67ff9/release-set-rehearsal/metadata-lock/requirements.txt (line 2))
Processing /workspace/scratch/745337b67ff9/release-set-rehearsal/metadata-wheelhouse/charset_normalizer-3.4.7-cp312-cp312-manylinux2014_x86_64.manylinux_2_17_x86_64.manylinux_2_28_x86_64.whl (from -r /workspace/scratch/745337b67ff9/release-set-rehearsal/metadata-lock/requirements.txt (line 3))
Processing /workspace/scratch/745337b67ff9/release-set-rehearsal/metadata-wheelhouse/cryptography-50.0.0-cp311-abi3-manylinux_2_34_x86_64.whl (from -r /workspace/scratch/745337b67ff9/release-set-rehearsal/metadata-lock/requirements.txt (line 4))
Processing /workspace/scratch/745337b67ff9/release-set-rehearsal/metadata-wheelhouse/docutils-0.22.4-py3-none-any.whl (from -r /workspace/scratch/745337b67ff9/release-set-rehearsal/metadata-lock/requirements.txt (line 5))
Processing /workspace/scratch/745337b67ff9/release-set-rehearsal/metadata-wheelhouse/id-1.6.1-py3-none-any.whl (from -r /workspace/scratch/745337b67ff9/release-set-rehearsal/metadata-lock/requirements.txt (line 6))
Processing /workspace/scratch/745337b67ff9/release-set-rehearsal/metadata-wheelhouse/idna-3.15-py3-none-any.whl (from -r /workspace/scratch/745337b67ff9/release-set-rehearsal/metadata-lock/requirements.txt (line 7))
Processing /workspace/scratch/745337b67ff9/release-set-rehearsal/metadata-wheelhouse/jaraco.classes-3.4.0-py3-none-any.whl (from -r /workspace/scratch/745337b67ff9/release-set-rehearsal/metadata-lock/requirements.txt (line 8))
Processing /workspace/scratch/745337b67ff9/release-set-rehearsal/metadata-wheelhouse/jaraco_context-6.1.2-py3-none-any.whl (from -r /workspace/scratch/745337b67ff9/release-set-rehearsal/metadata-lock/requirements.txt (line 9))
Processing /workspace/scratch/745337b67ff9/release-set-rehearsal/metadata-wheelhouse/jaraco_functools-4.4.0-py3-none-any.whl (from -r /workspace/scratch/745337b67ff9/release-set-rehearsal/metadata-lock/requirements.txt (line 10))
Processing /workspace/scratch/745337b67ff9/release-set-rehearsal/metadata-wheelhouse/jeepney-0.9.0-py3-none-any.whl (from -r /workspace/scratch/745337b67ff9/release-set-rehearsal/metadata-lock/requirements.txt (line 11))
Processing /workspace/scratch/745337b67ff9/release-set-rehearsal/metadata-wheelhouse/keyring-25.7.0-py3-none-any.whl (from -r /workspace/scratch/745337b67ff9/release-set-rehearsal/metadata-lock/requirements.txt (line 12))
Processing /workspace/scratch/745337b67ff9/release-set-rehearsal/metadata-wheelhouse/markdown_it_py-4.0.0-py3-none-any.whl (from -r /workspace/scratch/745337b67ff9/release-set-rehearsal/metadata-lock/requirements.txt (line 13))
Processing /workspace/scratch/745337b67ff9/release-set-rehearsal/metadata-wheelhouse/mdurl-0.1.2-py3-none-any.whl (from -r /workspace/scratch/745337b67ff9/release-set-rehearsal/metadata-lock/requirements.txt (line 14))
Processing /workspace/scratch/745337b67ff9/release-set-rehearsal/metadata-wheelhouse/more_itertools-11.0.1-py3-none-any.whl (from -r /workspace/scratch/745337b67ff9/release-set-rehearsal/metadata-lock/requirements.txt (line 15))
Processing /workspace/scratch/745337b67ff9/release-set-rehearsal/metadata-wheelhouse/nh3-0.3.4-cp38-abi3-manylinux_2_17_x86_64.manylinux2014_x86_64.whl (from -r /workspace/scratch/745337b67ff9/release-set-rehearsal/metadata-lock/requirements.txt (line 16))
Processing /workspace/scratch/745337b67ff9/release-set-rehearsal/metadata-wheelhouse/packaging-26.0-py3-none-any.whl (from -r /workspace/scratch/745337b67ff9/release-set-rehearsal/metadata-lock/requirements.txt (line 17))
Processing /workspace/scratch/745337b67ff9/release-set-rehearsal/metadata-wheelhouse/pycparser-3.0-py3-none-any.whl (from -r /workspace/scratch/745337b67ff9/release-set-rehearsal/metadata-lock/requirements.txt (line 18))
Processing /workspace/scratch/745337b67ff9/release-set-rehearsal/metadata-wheelhouse/pygments-2.20.0-py3-none-any.whl (from -r /workspace/scratch/745337b67ff9/release-set-rehearsal/metadata-lock/requirements.txt (line 19))
Processing /workspace/scratch/745337b67ff9/release-set-rehearsal/metadata-wheelhouse/readme_renderer-44.0-py3-none-any.whl (from -r /workspace/scratch/745337b67ff9/release-set-rehearsal/metadata-lock/requirements.txt (line 20))
Processing /workspace/scratch/745337b67ff9/release-set-rehearsal/metadata-wheelhouse/requests-2.33.1-py3-none-any.whl (from -r /workspace/scratch/745337b67ff9/release-set-rehearsal/metadata-lock/requirements.txt (line 21))
Processing /workspace/scratch/745337b67ff9/release-set-rehearsal/metadata-wheelhouse/requests_toolbelt-1.0.0-py2.py3-none-any.whl (from -r /workspace/scratch/745337b67ff9/release-set-rehearsal/metadata-lock/requirements.txt (line 22))
Processing /workspace/scratch/745337b67ff9/release-set-rehearsal/metadata-wheelhouse/rfc3986-2.0.0-py2.py3-none-any.whl (from -r /workspace/scratch/745337b67ff9/release-set-rehearsal/metadata-lock/requirements.txt (line 23))
Processing /workspace/scratch/745337b67ff9/release-set-rehearsal/metadata-wheelhouse/rich-14.2.0-py3-none-any.whl (from -r /workspace/scratch/745337b67ff9/release-set-rehearsal/metadata-lock/requirements.txt (line 24))
Processing /workspace/scratch/745337b67ff9/release-set-rehearsal/metadata-wheelhouse/secretstorage-3.5.0-py3-none-any.whl (from -r /workspace/scratch/745337b67ff9/release-set-rehearsal/metadata-lock/requirements.txt (line 25))
Processing /workspace/scratch/745337b67ff9/release-set-rehearsal/metadata-wheelhouse/twine-6.2.0-py3-none-any.whl (from -r /workspace/scratch/745337b67ff9/release-set-rehearsal/metadata-lock/requirements.txt (line 26))
Processing /workspace/scratch/745337b67ff9/release-set-rehearsal/metadata-wheelhouse/urllib3-2.7.0-py3-none-any.whl (from -r /workspace/scratch/745337b67ff9/release-set-rehearsal/metadata-lock/requirements.txt (line 27))
Installing collected packages: urllib3, rfc3986, pygments, pycparser, packaging, nh3, more-itertools, mdurl, jeepney, jaraco-context, idna, docutils, charset-normalizer, certifi, requests, readme-renderer, markdown-it-py, jaraco-functools, jaraco-classes, id, cffi, rich, requests-toolbelt, cryptography, secretstorage, keyring, twine
Successfully installed certifi-2026.2.25 cffi-2.0.0 charset-normalizer-3.4.7 cryptography-50.0.0 docutils-0.22.4 id-1.6.1 idna-3.15 jaraco-classes-3.4.0 jaraco-context-6.1.2 jaraco-functools-4.4.0 jeepney-0.9.0 keyring-25.7.0 markdown-it-py-4.0.0 mdurl-0.1.2 more-itertools-11.0.1 nh3-0.3.4 packaging-26.0 pycparser-3.0 pygments-2.20.0 readme-renderer-44.0 requests-2.33.1 requests-toolbelt-1.0.0 rfc3986-2.0.0 rich-14.2.0 secretstorage-3.5.0 twine-6.2.0 urllib3-2.7.0
