/dev/shm/rsp078-driver-v2-work/scripts/ci/managed_aliases_installed/driver.py
  /dev/shm/rsp078-driver-v2-work/scripts/ci/managed_aliases_installed/driver.py:34:33 - warning: Type `Any` is not allowed (reportExplicitAny)
  /dev/shm/rsp078-driver-v2-work/scripts/ci/managed_aliases_installed/driver.py:34:53 - warning: Type `Any` is not allowed (reportExplicitAny)
  /dev/shm/rsp078-driver-v2-work/scripts/ci/managed_aliases_installed/driver.py:35:23 - warning: Type `Any` is not allowed (reportExplicitAny)
  /dev/shm/rsp078-driver-v2-work/scripts/ci/managed_aliases_installed/driver.py:36:14 - warning: Type of "value" is Any (reportAny)
  /dev/shm/rsp078-driver-v2-work/scripts/ci/managed_aliases_installed/driver.py:42:5 - warning: Return type is Any (reportAny)
  /dev/shm/rsp078-driver-v2-work/scripts/ci/managed_aliases_installed/driver.py:42:57 - warning: Type `Any` is not allowed (reportExplicitAny)
  /dev/shm/rsp078-driver-v2-work/scripts/ci/managed_aliases_installed/driver.py:46:12 - warning: Return type is Any (reportAny)
  /dev/shm/rsp078-driver-v2-work/scripts/ci/managed_aliases_installed/driver.py:52:9 - warning: Result of call expression is of type "int" and is not used; assign to variable "_" if this is intentional (reportUnusedCallResult)
  /dev/shm/rsp078-driver-v2-work/scripts/ci/managed_aliases_installed/driver.py:76:62 - warning: Type `Any` is not allowed (reportExplicitAny)
  /dev/shm/rsp078-driver-v2-work/scripts/ci/managed_aliases_installed/driver.py:76:84 - warning: Type `Any` is not allowed (reportExplicitAny)
  /dev/shm/rsp078-driver-v2-work/scripts/ci/managed_aliases_installed/driver.py:76:103 - warning: Type `Any` is not allowed (reportExplicitAny)
  /dev/shm/rsp078-driver-v2-work/scripts/ci/managed_aliases_installed/driver.py:78:13 - warning: Argument type is Any
    Argument corresponds to parameter "value" in function "require" (reportAny)
  /dev/shm/rsp078-driver-v2-work/scripts/ci/managed_aliases_installed/driver.py:80:13 - warning: Argument type is Any
    Argument corresponds to parameter "value" in function "require" (reportAny)
  /dev/shm/rsp078-driver-v2-work/scripts/ci/managed_aliases_installed/driver.py:81:5 - warning: Type of "product" is Any (reportAny)
  /dev/shm/rsp078-driver-v2-work/scripts/ci/managed_aliases_installed/driver.py:82:5 - warning: Type of "predecessor" is Any (reportAny)
  /dev/shm/rsp078-driver-v2-work/scripts/ci/managed_aliases_installed/driver.py:83:13 - warning: Argument type is Any
    Argument corresponds to parameter "value" in function "require" (reportAny)
  /dev/shm/rsp078-driver-v2-work/scripts/ci/managed_aliases_installed/driver.py:83:36 - warning: Argument type is Any
    Argument corresponds to parameter "arguments" in function "git" (reportAny)
  /dev/shm/rsp078-driver-v2-work/scripts/ci/managed_aliases_installed/driver.py:84:5 - warning: Type of "changes" is Any (reportAny)
  /dev/shm/rsp078-driver-v2-work/scripts/ci/managed_aliases_installed/driver.py:86:46 - warning: Argument type is Any
    Argument corresponds to parameter "arguments" in function "git" (reportAny)
  /dev/shm/rsp078-driver-v2-work/scripts/ci/managed_aliases_installed/driver.py:86:59 - warning: Argument type is Any
    Argument corresponds to parameter "arguments" in function "git" (reportAny)
  /dev/shm/rsp078-driver-v2-work/scripts/ci/managed_aliases_installed/driver.py:86:102 - warning: Type of "row" is Any (reportAny)
  /dev/shm/rsp078-driver-v2-work/scripts/ci/managed_aliases_installed/driver.py:89:9 - warning: Type of "row" is Any (reportAny)
  /dev/shm/rsp078-driver-v2-work/scripts/ci/managed_aliases_installed/driver.py:90:17 - warning: Type of "startswith" is Any (reportAny)
  /dev/shm/rsp078-driver-v2-work/scripts/ci/managed_aliases_installed/driver.py:90:17 - warning: Argument type is Any
    Argument corresponds to parameter "value" in function "require" (reportAny)
  /dev/shm/rsp078-driver-v2-work/scripts/ci/managed_aliases_installed/driver.py:91:39 - warning: Argument type is Any
    Argument corresponds to parameter "arguments" in function "git" (reportAny)
  /dev/shm/rsp078-driver-v2-work/scripts/ci/managed_aliases_installed/driver.py:91:58 - warning: Argument type is Any
    Argument corresponds to parameter "arguments" in function "git" (reportAny)
  /dev/shm/rsp078-driver-v2-work/scripts/ci/managed_aliases_installed/driver.py:92:17 - warning: Argument type is Any
    Argument corresponds to parameter "value" in function "require" (reportAny)
  /dev/shm/rsp078-driver-v2-work/scripts/ci/managed_aliases_installed/driver.py:93:17 - warning: Argument type is Any
    Argument corresponds to parameter "value" in function "require" (reportAny)
  /dev/shm/rsp078-driver-v2-work/scripts/ci/managed_aliases_installed/driver.py:93:40 - warning: Argument type is Any
    Argument corresponds to parameter "arguments" in function "git" (reportAny)
  /dev/shm/rsp078-driver-v2-work/scripts/ci/managed_aliases_installed/driver.py:98:52 - warning: Argument type is Any
    Argument corresponds to parameter "arguments" in function "git" (reportAny)
  /dev/shm/rsp078-driver-v2-work/scripts/ci/managed_aliases_installed/driver.py:103:59 - warning: Type `Any` is not allowed (reportExplicitAny)
  /dev/shm/rsp078-driver-v2-work/scripts/ci/managed_aliases_installed/driver.py:103:78 - warning: Type `Any` is not allowed (reportExplicitAny)
  /dev/shm/rsp078-driver-v2-work/scripts/ci/managed_aliases_installed/driver.py:105:5 - warning: Type of "cell" is Any (reportAny)
  /dev/shm/rsp078-driver-v2-work/scripts/ci/managed_aliases_installed/driver.py:105:30 - warning: Type of "cell" is Any (reportAny)
  /dev/shm/rsp078-driver-v2-work/scripts/ci/managed_aliases_installed/driver.py:111:13 - warning: Argument type is Any
    Argument corresponds to parameter "value" in function "require" (reportAny)
  /dev/shm/rsp078-driver-v2-work/scripts/ci/managed_aliases_installed/driver.py:112:13 - warning: Argument type is Any
    Argument corresponds to parameter "value" in function "require" (reportAny)
  /dev/shm/rsp078-driver-v2-work/scripts/ci/managed_aliases_installed/driver.py:118:13 - warning: Argument type is Any
    Argument corresponds to parameter "value" in function "require" (reportAny)
  /dev/shm/rsp078-driver-v2-work/scripts/ci/managed_aliases_installed/driver.py:120:5 - warning: Type of "files" is Any (reportAny)
  /dev/shm/rsp078-driver-v2-work/scripts/ci/managed_aliases_installed/driver.py:122:97 - warning: Type of "r" is Any (reportAny)
  /dev/shm/rsp078-driver-v2-work/scripts/ci/managed_aliases_installed/driver.py:126:47 - warning: Type of "built_source" is Any (reportAny)
  /dev/shm/rsp078-driver-v2-work/scripts/ci/managed_aliases_installed/driver.py:126:47 - warning: Argument type is Any
    Argument corresponds to parameter "built" in function "artifact_source_binding" (reportAny)
  /dev/shm/rsp078-driver-v2-work/scripts/ci/managed_aliases_installed/driver.py:126:76 - warning: Argument type is Any
    Argument corresponds to parameter "cell" in function "artifact_source_binding" (reportAny)
  /dev/shm/rsp078-driver-v2-work/scripts/ci/managed_aliases_installed/driver.py:127:13 - warning: Argument type is Any
    Argument corresponds to parameter "value" in function "require" (reportAny)
  /dev/shm/rsp078-driver-v2-work/scripts/ci/managed_aliases_installed/driver.py:127:36 - warning: Argument type is Any
    Argument corresponds to parameter "arguments" in function "git" (reportAny)
  /dev/shm/rsp078-driver-v2-work/scripts/ci/managed_aliases_installed/driver.py:128:21 - warning: Type of "built_source" is Any (reportAny)
  /dev/shm/rsp078-driver-v2-work/scripts/ci/managed_aliases_installed/driver.py:128:21 - warning: Argument type is Any
    Argument corresponds to parameter "root" in function "git" (reportAny)
  /dev/shm/rsp078-driver-v2-work/scripts/ci/managed_aliases_installed/driver.py:130:9 - warning: Type of "row" is Any (reportAny)
  /dev/shm/rsp078-driver-v2-work/scripts/ci/managed_aliases_installed/driver.py:131:24 - warning: Argument type is Any
    Argument corresponds to parameter "path" in function "digest" (reportAny)
  /dev/shm/rsp078-driver-v2-work/scripts/ci/managed_aliases_installed/driver.py:133:17 - warning: Argument type is Any
    Argument corresponds to parameter "value" in function "require" (reportAny)
  /dev/shm/rsp078-driver-v2-work/scripts/ci/managed_aliases_installed/driver.py:133:40 - warning: Argument type is Any
    Argument corresponds to parameter "arguments" in function "git" (reportAny)
  /dev/shm/rsp078-driver-v2-work/scripts/ci/managed_aliases_installed/driver.py:135:37 - warning: Type of "row" is Any (reportAny)
  /dev/shm/rsp078-driver-v2-work/scripts/ci/managed_aliases_installed/driver.py:136:33 - warning: Argument type is Any
    Argument corresponds to parameter "obj" in function "len" (reportAny)
  /dev/shm/rsp078-driver-v2-work/scripts/ci/managed_aliases_installed/driver.py:138:10 - warning: Type of "relative_to" is Any (reportAny)
  /dev/shm/rsp078-driver-v2-work/scripts/ci/managed_aliases_installed/driver.py:138:10 - warning: Type of "as_posix" is Any (reportAny)
  /dev/shm/rsp078-driver-v2-work/scripts/ci/managed_aliases_installed/driver.py:138:24 - warning: Type of "artifact" is Any (reportAny)
  /dev/shm/rsp078-driver-v2-work/scripts/ci/managed_aliases_installed/driver.py:138:54 - warning: Type of "p" is Any (reportAny)
  /dev/shm/rsp078-driver-v2-work/scripts/ci/managed_aliases_installed/driver.py:138:59 - warning: Type of "artifact" is Any (reportAny)
  /dev/shm/rsp078-driver-v2-work/scripts/ci/managed_aliases_installed/driver.py:138:59 - warning: Type of "rglob" is Any (reportAny)
  /dev/shm/rsp078-driver-v2-work/scripts/ci/managed_aliases_installed/driver.py:138:91 - warning: Type of "is_dir" is Any (reportAny)
  /dev/shm/rsp078-driver-v2-work/scripts/ci/managed_aliases_installed/driver.py:142:9 - warning: Type of "name" is Any (reportAny)
  /dev/shm/rsp078-driver-v2-work/scripts/ci/managed_aliases_installed/driver.py:142:15 - warning: Type of "row" is Any (reportAny)
  /dev/shm/rsp078-driver-v2-work/scripts/ci/managed_aliases_installed/driver.py:143:30 - warning: Argument type is Any
    Argument corresponds to parameter "args" in function "__new__" (reportAny)
  /dev/shm/rsp078-driver-v2-work/scripts/ci/managed_aliases_installed/driver.py:145:31 - warning: Type of "artifact" is Any (reportAny)
  /dev/shm/rsp078-driver-v2-work/scripts/ci/managed_aliases_installed/driver.py:145:31 - warning: Argument type is Any
    Argument corresponds to parameter "path" in function "digest" (reportAny)
  /dev/shm/rsp078-driver-v2-work/scripts/ci/managed_aliases_installed/driver.py:146:17 - warning: Argument type is unknown
    Argument corresponds to parameter "value" in function "require" (reportUnknownArgumentType)
  /dev/shm/rsp078-driver-v2-work/scripts/ci/managed_aliases_installed/driver.py:147:5 - warning: Type of "wheel" is Any (reportAny)
  /dev/shm/rsp078-driver-v2-work/scripts/ci/managed_aliases_installed/driver.py:148:13 - warning: Argument type is unknown
    Argument corresponds to parameter "value" in function "require" (reportUnknownArgumentType)
  /dev/shm/rsp078-driver-v2-work/scripts/ci/managed_aliases_installed/driver.py:149:26 - warning: Type of "artifact" is Any (reportAny)
  /dev/shm/rsp078-driver-v2-work/scripts/ci/managed_aliases_installed/driver.py:149:26 - warning: Argument type is Any
    Argument corresponds to parameter "file" in function "__init__" (reportAny)
  /dev/shm/rsp078-driver-v2-work/scripts/ci/managed_aliases_installed/driver.py:155:9 - warning: Type of "native" is Any (reportAny)
  /dev/shm/rsp078-driver-v2-work/scripts/ci/managed_aliases_installed/driver.py:156:17 - warning: Argument type is Any
    Argument corresponds to parameter "value" in function "require" (reportAny)
  /dev/shm/rsp078-driver-v2-work/scripts/ci/managed_aliases_installed/driver.py:171:17 - warning: Type of "cell" is Any (reportAny)
  /dev/shm/rsp078-driver-v2-work/scripts/ci/managed_aliases_installed/driver.py:206:61 - warning: Type `Any` is not allowed (reportExplicitAny)
  /dev/shm/rsp078-driver-v2-work/scripts/ci/managed_aliases_installed/driver.py:206:80 - warning: Type `Any` is not allowed (reportExplicitAny)
  /dev/shm/rsp078-driver-v2-work/scripts/ci/managed_aliases_installed/driver.py:216:5 - warning: Type of "cell" is Any (reportAny)
  /dev/shm/rsp078-driver-v2-work/scripts/ci/managed_aliases_installed/driver.py:216:30 - warning: Type of "cell" is Any (reportAny)
  /dev/shm/rsp078-driver-v2-work/scripts/ci/managed_aliases_installed/driver.py:217:5 - warning: Type of "wheel" is Any (reportAny)
  /dev/shm/rsp078-driver-v2-work/scripts/ci/managed_aliases_installed/driver.py:217:13 - warning: Type of "artifact" is Any (reportAny)
  /dev/shm/rsp078-driver-v2-work/scripts/ci/managed_aliases_installed/driver.py:218:5 - warning: Type of "requirement" is Any (reportAny)
  /dev/shm/rsp078-driver-v2-work/scripts/ci/managed_aliases_installed/driver.py:218:36 - warning: Type of "as_uri" is Any (reportAny)
  /dev/shm/rsp078-driver-v2-work/scripts/ci/managed_aliases_installed/driver.py:219:13 - warning: Type of "read_text" is Any (reportAny)
  /dev/shm/rsp078-driver-v2-work/scripts/ci/managed_aliases_installed/driver.py:219:13 - warning: Argument type is Any
    Argument corresponds to parameter "value" in function "require" (reportAny)
  /dev/shm/rsp078-driver-v2-work/scripts/ci/managed_aliases_installed/driver.py:219:14 - warning: Type of "output" is Any (reportAny)
  /dev/shm/rsp078-driver-v2-work/scripts/ci/managed_aliases_installed/driver.py:220:5 - warning: Type of "install" is Any (reportAny)
  /dev/shm/rsp078-driver-v2-work/scripts/ci/managed_aliases_installed/driver.py:220:25 - warning: Type of "output" is Any (reportAny)
  /dev/shm/rsp078-driver-v2-work/scripts/ci/managed_aliases_installed/driver.py:220:25 - warning: Argument type is Any
    Argument corresponds to parameter "path" in function "read_json" (reportAny)
  /dev/shm/rsp078-driver-v2-work/scripts/ci/managed_aliases_installed/driver.py:221:13 - warning: Type of "get" is Any (reportAny)
  /dev/shm/rsp078-driver-v2-work/scripts/ci/managed_aliases_installed/driver.py:221:49 - warning: Type of "get" is Any (reportAny)
  /dev/shm/rsp078-driver-v2-work/scripts/ci/managed_aliases_installed/driver.py:223:9 - warning: Type of "get" is Any (reportAny)
  /dev/shm/rsp078-driver-v2-work/scripts/ci/managed_aliases_installed/driver.py:223:9 - warning: Argument type is Any
    Argument corresponds to parameter "value" in function "require" (reportAny)
  /dev/shm/rsp078-driver-v2-work/scripts/ci/managed_aliases_installed/driver.py:238:17 - warning: Type of "output" is Any (reportAny)
  /dev/shm/rsp078-driver-v2-work/scripts/ci/managed_aliases_installed/driver.py:238:17 - warning: Argument type is Any
    Argument corresponds to parameter "object" in function "__new__" (reportAny)
  /dev/shm/rsp078-driver-v2-work/scripts/ci/managed_aliases_installed/driver.py:242:13 - warning: Type of "get" is Any (reportAny)
  /dev/shm/rsp078-driver-v2-work/scripts/ci/managed_aliases_installed/driver.py:242:13 - warning: Argument type is Any
    Argument corresponds to parameter "value" in function "require" (reportAny)
  /dev/shm/rsp078-driver-v2-work/scripts/ci/managed_aliases_installed/driver.py:242:50 - warning: Type of "output" is Any (reportAny)
  /dev/shm/rsp078-driver-v2-work/scripts/ci/managed_aliases_installed/driver.py:242:50 - warning: Argument type is Any
    Argument corresponds to parameter "path" in function "digest" (reportAny)
  /dev/shm/rsp078-driver-v2-work/scripts/ci/managed_aliases_installed/driver.py:243:15 - warning: Type of "distribution" is Any (reportAny)
  /dev/shm/rsp078-driver-v2-work/scripts/ci/managed_aliases_installed/driver.py:243:29 - warning: Type of "_" is Any (reportAny)
  /dev/shm/rsp078-driver-v2-work/scripts/ci/managed_aliases_installed/driver.py:243:49 - warning: Argument type is Any
    Argument corresponds to parameter "wheel" in function "admit_installed" (reportAny)
  /dev/shm/rsp078-driver-v2-work/scripts/ci/managed_aliases_installed/driver.py:243:56 - warning: Argument type is Any
    Argument corresponds to parameter "source_sha" in function "admit_installed" (reportAny)
  /dev/shm/rsp078-driver-v2-work/scripts/ci/managed_aliases_installed/driver.py:244:13 - warning: Argument type is Any
    Argument corresponds to parameter "value" in function "require" (reportAny)
  /dev/shm/rsp078-driver-v2-work/scripts/ci/managed_aliases_installed/driver.py:245:13 - warning: Argument type is Any
    Argument corresponds to parameter "value" in function "require" (reportAny)
  /dev/shm/rsp078-driver-v2-work/scripts/ci/managed_aliases_installed/driver.py:246:13 - warning: Argument type is Any
    Argument corresponds to parameter "value" in function "require" (reportAny)
  /dev/shm/rsp078-driver-v2-work/scripts/ci/managed_aliases_installed/driver.py:247:13 - warning: Argument type is Any
    Argument corresponds to parameter "value" in function "require" (reportAny)
  /dev/shm/rsp078-driver-v2-work/scripts/ci/managed_aliases_installed/driver.py:248:29 - warning: Argument type is Any
    Argument corresponds to parameter "distribution" in function "wheel_members" (reportAny)
  /dev/shm/rsp078-driver-v2-work/scripts/ci/managed_aliases_installed/driver.py:248:43 - warning: Argument type is Any
    Argument corresponds to parameter "wheel" in function "wheel_members" (reportAny)
  /dev/shm/rsp078-driver-v2-work/scripts/ci/managed_aliases_installed/driver.py:249:61 - warning: Argument type is Any
    Argument corresponds to parameter "distribution" in function "verify_installed_record" (reportAny)
  /dev/shm/rsp078-driver-v2-work/scripts/ci/managed_aliases_installed/driver.py:259:47 - warning: Type of "output" is Any (reportAny)
  /dev/shm/rsp078-driver-v2-work/scripts/ci/managed_aliases_installed/driver.py:259:47 - warning: Argument type is Any
    Argument corresponds to parameter "path" in function "digest" (reportAny)
  /dev/shm/rsp078-driver-v2-work/scripts/ci/managed_aliases_installed/driver.py:263:61 - warning: Type `Any` is not allowed (reportExplicitAny)
  /dev/shm/rsp078-driver-v2-work/scripts/ci/managed_aliases_installed/driver.py:263:85 - warning: Type `Any` is not allowed (reportExplicitAny)
  /dev/shm/rsp078-driver-v2-work/scripts/ci/managed_aliases_installed/driver.py:272:13 - warning: Argument type is Any
    Argument corresponds to parameter "value" in function "require" (reportAny)
  /dev/shm/rsp078-driver-v2-work/scripts/ci/managed_aliases_installed/driver.py:278:45 - warning: Type `Any` is not allowed (reportExplicitAny)
  /dev/shm/rsp078-driver-v2-work/scripts/ci/managed_aliases_installed/driver.py:300:15 - warning: Type of "row" is Any (reportAny)
  /dev/shm/rsp078-driver-v2-work/scripts/ci/managed_aliases_installed/driver.py:300:33 - warning: Argument type is Any
    Argument corresponds to parameter "iter2" in function "__new__" (reportAny)
  /dev/shm/rsp078-driver-v2-work/scripts/ci/managed_aliases_installed/driver.py:302:14 - warning: Type of "get" is Any (reportAny)
  /dev/shm/rsp078-driver-v2-work/scripts/ci/managed_aliases_installed/driver.py:302:34 - warning: Type of "get" is Any (reportAny)
  /dev/shm/rsp078-driver-v2-work/scripts/ci/managed_aliases_installed/driver.py:302:52 - warning: Type of "get" is Any (reportAny)
  /dev/shm/rsp078-driver-v2-work/scripts/ci/managed_aliases_installed/driver.py:302:70 - warning: Type of "get" is Any (reportAny)
  /dev/shm/rsp078-driver-v2-work/scripts/ci/managed_aliases_installed/driver.py:307:13 - warning: Type of "get" is Any (reportAny)
  /dev/shm/rsp078-driver-v2-work/scripts/ci/managed_aliases_installed/driver.py:308:21 - warning: Type of "get" is Any (reportAny)
  /dev/shm/rsp078-driver-v2-work/scripts/ci/managed_aliases_installed/driver.py:312:13 - warning: Type of "text" is Any (reportAny)
  /dev/shm/rsp078-driver-v2-work/scripts/ci/managed_aliases_installed/driver.py:312:20 - warning: Type of "get" is Any (reportAny)
  /dev/shm/rsp078-driver-v2-work/scripts/ci/managed_aliases_installed/driver.py:317:17 - warning: Argument type is Any
    Argument corresponds to parameter "value" in function "require" (reportAny)
  /dev/shm/rsp078-driver-v2-work/scripts/ci/managed_aliases_installed/driver.py:318:44 - warning: Type of "get" is Any (reportAny)
  /dev/shm/rsp078-driver-v2-work/scripts/ci/managed_aliases_installed/driver.py:318:44 - warning: Argument type is Any
    Argument corresponds to parameter "value" in function "validate_delivery_projection" (reportAny)
  /dev/shm/rsp078-driver-v2-work/scripts/ci/managed_aliases_installed/driver.py:318:65 - warning: Type of "get" is Any (reportAny)
  /dev/shm/rsp078-driver-v2-work/scripts/ci/managed_aliases_installed/driver.py:318:65 - warning: Argument type is Any
    Argument corresponds to parameter "exit_code" in function "validate_delivery_projection" (reportAny)
  /dev/shm/rsp078-driver-v2-work/scripts/ci/managed_aliases_installed/driver.py:320:37 - warning: Argument type is Any
    Argument corresponds to parameter "before" in function "witnessed_route" (reportAny)
  /dev/shm/rsp078-driver-v2-work/scripts/ci/managed_aliases_installed/driver.py:320:59 - warning: Argument type is Any
    Argument corresponds to parameter "after" in function "witnessed_route" (reportAny)
  /dev/shm/rsp078-driver-v2-work/scripts/ci/managed_aliases_installed/driver.py:321:21 - warning: Argument type is Any
    Argument corresponds to parameter "value" in function "require" (reportAny)
  /dev/shm/rsp078-driver-v2-work/scripts/ci/managed_aliases_installed/driver.py:321:30 - warning: Type of "get" is Any (reportAny)
  /dev/shm/rsp078-driver-v2-work/scripts/ci/managed_aliases_installed/driver.py:322:44 - warning: Argument type is Any
    Argument corresponds to parameter "evidence" in function "validate_daemon_evidence" (reportAny)
  /dev/shm/rsp078-driver-v2-work/scripts/ci/managed_aliases_installed/driver.py:326:17 - warning: Type of "get" is Any (reportAny)
  /dev/shm/rsp078-driver-v2-work/scripts/ci/managed_aliases_installed/driver.py:326:17 - warning: Argument type is Any
    Argument corresponds to parameter "value" in function "require" (reportAny)
  /dev/shm/rsp078-driver-v2-work/scripts/ci/managed_aliases_installed/driver.py:326:65 - warning: Type of "get" is Any (reportAny)
  /dev/shm/rsp078-driver-v2-work/scripts/ci/managed_aliases_installed/driver.py:330:17 - warning: Type of "get" is Any (reportAny)
  /dev/shm/rsp078-driver-v2-work/scripts/ci/managed_aliases_installed/driver.py:330:17 - warning: Argument type is Any
    Argument corresponds to parameter "value" in function "require" (reportAny)
  /dev/shm/rsp078-driver-v2-work/scripts/ci/managed_aliases_installed/driver.py:333:17 - warning: Type of "get" is Any (reportAny)
  /dev/shm/rsp078-driver-v2-work/scripts/ci/managed_aliases_installed/driver.py:346:9 - warning: Type of "get" is Any (reportAny)
  /dev/shm/rsp078-driver-v2-work/scripts/ci/managed_aliases_installed/driver.py:346:9 - warning: Argument type is Any
    Argument corresponds to parameter "value" in function "require" (reportAny)
  /dev/shm/rsp078-driver-v2-work/scripts/ci/managed_aliases_installed/driver.py:360:55 - warning: Type `Any` is not allowed (reportExplicitAny)
  /dev/shm/rsp078-driver-v2-work/scripts/ci/managed_aliases_installed/driver.py:360:79 - warning: Type `Any` is not allowed (reportExplicitAny)
  /dev/shm/rsp078-driver-v2-work/scripts/ci/managed_aliases_installed/driver.py:362:5 - warning: Type of "prepared" is Any (reportAny)
  /dev/shm/rsp078-driver-v2-work/scripts/ci/managed_aliases_installed/driver.py:362:26 - warning: Type of "output" is Any (reportAny)
  /dev/shm/rsp078-driver-v2-work/scripts/ci/managed_aliases_installed/driver.py:362:26 - warning: Argument type is Any
    Argument corresponds to parameter "path" in function "read_json" (reportAny)
  /dev/shm/rsp078-driver-v2-work/scripts/ci/managed_aliases_installed/driver.py:363:13 - warning: Argument type is Any
    Argument corresponds to parameter "value" in function "require" (reportAny)
  /dev/shm/rsp078-driver-v2-work/scripts/ci/managed_aliases_installed/driver.py:367:5 - warning: Type of "cell" is Any (reportAny)
  /dev/shm/rsp078-driver-v2-work/scripts/ci/managed_aliases_installed/driver.py:367:30 - warning: Type of "cell" is Any (reportAny)
  /dev/shm/rsp078-driver-v2-work/scripts/ci/managed_aliases_installed/driver.py:368:5 - warning: Type of "wheel" is Any (reportAny)
  /dev/shm/rsp078-driver-v2-work/scripts/ci/managed_aliases_installed/driver.py:368:13 - warning: Type of "artifact" is Any (reportAny)
  /dev/shm/rsp078-driver-v2-work/scripts/ci/managed_aliases_installed/driver.py:371:5 - warning: Result of call expression is of type "tuple[str, ...]" and is not used; assign to variable "_" if this is intentional (reportUnusedCallResult)
  /dev/shm/rsp078-driver-v2-work/scripts/ci/managed_aliases_installed/driver.py:372:5 - warning: Result of call expression is of type "str | None" and is not used; assign to variable "_" if this is intentional (reportUnusedCallResult)
  /dev/shm/rsp078-driver-v2-work/scripts/ci/managed_aliases_installed/driver.py:373:5 - warning: Result of call expression is of type "str | None" and is not used; assign to variable "_" if this is intentional (reportUnusedCallResult)
  /dev/shm/rsp078-driver-v2-work/scripts/ci/managed_aliases_installed/driver.py:374:5 - warning: Type of "work" is Any (reportAny)
  /dev/shm/rsp078-driver-v2-work/scripts/ci/managed_aliases_installed/driver.py:374:12 - warning: Type of "output" is Any (reportAny)
  /dev/shm/rsp078-driver-v2-work/scripts/ci/managed_aliases_installed/driver.py:375:5 - warning: Type of "mkdir" is Any (reportAny)
  /dev/shm/rsp078-driver-v2-work/scripts/ci/managed_aliases_installed/driver.py:376:28 - warning: Type `Any` is not allowed (reportExplicitAny)
  /dev/shm/rsp078-driver-v2-work/scripts/ci/managed_aliases_installed/driver.py:382:13 - warning: Type of "output" is Any (reportAny)
  /dev/shm/rsp078-driver-v2-work/scripts/ci/managed_aliases_installed/driver.py:382:22 - warning: Type of "output" is Any (reportAny)
  /dev/shm/rsp078-driver-v2-work/scripts/ci/managed_aliases_installed/driver.py:388:21 - warning: Argument type is Any
    Argument corresponds to parameter "object" in function "__new__" (reportAny)
  /dev/shm/rsp078-driver-v2-work/scripts/ci/managed_aliases_installed/driver.py:392:21 - warning: Argument type is Any
    Argument corresponds to parameter "object" in function "__new__" (reportAny)
  /dev/shm/rsp078-driver-v2-work/scripts/ci/managed_aliases_installed/driver.py:394:30 - warning: Type `Any` is not allowed (reportExplicitAny)
  /dev/shm/rsp078-driver-v2-work/scripts/ci/managed_aliases_installed/driver.py:396:24 - warning: Type of "output" is Any (reportAny)
  /dev/shm/rsp078-driver-v2-work/scripts/ci/managed_aliases_installed/driver.py:396:24 - warning: Argument type is Any
    Argument corresponds to parameter "path" in function "write_json" (reportAny)
  /dev/shm/rsp078-driver-v2-work/scripts/ci/managed_aliases_installed/driver.py:399:21 - warning: Argument type is Any
    Argument corresponds to parameter "cwd" in function "run_isolated_hook_process" (reportAny)
  /dev/shm/rsp078-driver-v2-work/scripts/ci/managed_aliases_installed/driver.py:413:17 - warning: Type of "path" is Any (reportAny)
  /dev/shm/rsp078-driver-v2-work/scripts/ci/managed_aliases_installed/driver.py:413:24 - warning: Type of "output" is Any (reportAny)
  /dev/shm/rsp078-driver-v2-work/scripts/ci/managed_aliases_installed/driver.py:414:17 - warning: Type of "write_text" is Any (reportAny)
  /dev/shm/rsp078-driver-v2-work/scripts/ci/managed_aliases_installed/driver.py:415:17 - warning: Type of "chmod" is Any (reportAny)
  /dev/shm/rsp078-driver-v2-work/scripts/ci/managed_aliases_installed/driver.py:416:38 - warning: Argument type is Any
    Argument corresponds to parameter "path" in function "digest" (reportAny)
  /dev/shm/rsp078-driver-v2-work/scripts/ci/managed_aliases_installed/driver.py:417:16 - warning: Type of "exists" is Any (reportAny)
  /dev/shm/rsp078-driver-v2-work/scripts/ci/managed_aliases_installed/driver.py:418:17 - warning: Type of "value" is Any (reportAny)
  /dev/shm/rsp078-driver-v2-work/scripts/ci/managed_aliases_installed/driver.py:418:35 - warning: Argument type is Any
    Argument corresponds to parameter "path" in function "read_json" (reportAny)
  /dev/shm/rsp078-driver-v2-work/scripts/ci/managed_aliases_installed/driver.py:419:42 - warning: Argument type is Any
    Argument corresponds to parameter "path" in function "digest" (reportAny)
  /dev/shm/rsp078-driver-v2-work/scripts/ci/managed_aliases_installed/driver.py:420:44 - warning: Type of "get" is Any (reportAny)
  /dev/shm/rsp078-driver-v2-work/scripts/ci/managed_aliases_installed/driver.py:422:61 - warning: Argument type is Any
    Argument corresponds to parameter "value" in function "population" (reportAny)
  /dev/shm/rsp078-driver-v2-work/scripts/ci/managed_aliases_installed/driver.py:428:24 - warning: Type of "output" is Any (reportAny)
  /dev/shm/rsp078-driver-v2-work/scripts/ci/managed_aliases_installed/driver.py:428:24 - warning: Argument type is Any
    Argument corresponds to parameter "path" in function "write_json" (reportAny)
  /dev/shm/rsp078-driver-v2-work/scripts/ci/managed_aliases_installed/driver.py:448:5 - warning: Result of call expression is of type "Action" and is not used; assign to variable "_" if this is intentional (reportUnusedCallResult)
  /dev/shm/rsp078-driver-v2-work/scripts/ci/managed_aliases_installed/driver.py:449:5 - warning: Result of call expression is of type "Action" and is not used; assign to variable "_" if this is intentional (reportUnusedCallResult)
  /dev/shm/rsp078-driver-v2-work/scripts/ci/managed_aliases_installed/driver.py:450:5 - warning: Result of call expression is of type "Action" and is not used; assign to variable "_" if this is intentional (reportUnusedCallResult)
  /dev/shm/rsp078-driver-v2-work/scripts/ci/managed_aliases_installed/driver.py:451:5 - warning: Result of call expression is of type "Action" and is not used; assign to variable "_" if this is intentional (reportUnusedCallResult)
  /dev/shm/rsp078-driver-v2-work/scripts/ci/managed_aliases_installed/driver.py:452:5 - warning: Result of call expression is of type "Action" and is not used; assign to variable "_" if this is intentional (reportUnusedCallResult)
  /dev/shm/rsp078-driver-v2-work/scripts/ci/managed_aliases_installed/driver.py:454:19 - warning: Type of "output" is Any (reportAny)
  /dev/shm/rsp078-driver-v2-work/scripts/ci/managed_aliases_installed/driver.py:454:19 - warning: Type of "resolve" is Any (reportAny)
  /dev/shm/rsp078-driver-v2-work/scripts/ci/managed_aliases_installed/driver.py:455:21 - warning: Type of "artifact" is Any (reportAny)
  /dev/shm/rsp078-driver-v2-work/scripts/ci/managed_aliases_installed/driver.py:455:21 - warning: Type of "resolve" is Any (reportAny)
  /dev/shm/rsp078-driver-v2-work/scripts/ci/managed_aliases_installed/driver.py:456:5 - warning: Type of "output" is Any (reportAny)
  /dev/shm/rsp078-driver-v2-work/scripts/ci/managed_aliases_installed/driver.py:456:5 - warning: Type of "mkdir" is Any (reportAny)
  /dev/shm/rsp078-driver-v2-work/scripts/ci/managed_aliases_installed/driver.py:457:23 - warning: Type `Any` is not allowed (reportExplicitAny)
  /dev/shm/rsp078-driver-v2-work/scripts/ci/managed_aliases_installed/driver.py:462:22 - warning: Type of "operation" is Any (reportAny)
  /dev/shm/rsp078-driver-v2-work/scripts/ci/managed_aliases_installed/driver.py:465:9 - warning: Type of "contract" is Any (reportAny)
  /dev/shm/rsp078-driver-v2-work/scripts/ci/managed_aliases_installed/driver.py:466:43 - warning: Argument type is Any
    Argument corresponds to parameter "contract" in function "binding" (reportAny)
  /dev/shm/rsp078-driver-v2-work/scripts/ci/managed_aliases_installed/driver.py:467:12 - warning: Type of "operation" is Any (reportAny)
  /dev/shm/rsp078-driver-v2-work/scripts/ci/managed_aliases_installed/driver.py:468:13 - warning: Type of "cell" is Any (reportAny)
  /dev/shm/rsp078-driver-v2-work/scripts/ci/managed_aliases_installed/driver.py:468:38 - warning: Type of "cell" is Any (reportAny)
  /dev/shm/rsp078-driver-v2-work/scripts/ci/managed_aliases_installed/driver.py:469:13 - warning: Type of "wheel" is Any (reportAny)
  /dev/shm/rsp078-driver-v2-work/scripts/ci/managed_aliases_installed/driver.py:469:21 - warning: Type of "artifact" is Any (reportAny)
  /dev/shm/rsp078-driver-v2-work/scripts/ci/managed_aliases_installed/driver.py:470:13 - warning: Type of "line" is Any (reportAny)
  /dev/shm/rsp078-driver-v2-work/scripts/ci/managed_aliases_installed/driver.py:470:37 - warning: Type of "as_uri" is Any (reportAny)
  /dev/shm/rsp078-driver-v2-work/scripts/ci/managed_aliases_installed/driver.py:471:18 - warning: Type of "open" is Any (reportAny)
  /dev/shm/rsp078-driver-v2-work/scripts/ci/managed_aliases_installed/driver.py:471:19 - warning: Type of "output" is Any (reportAny)
  /dev/shm/rsp078-driver-v2-work/scripts/ci/managed_aliases_installed/driver.py:471:90 - warning: Type of "stream" is Any (reportAny)
  /dev/shm/rsp078-driver-v2-work/scripts/ci/managed_aliases_installed/driver.py:472:17 - warning: Type of "write" is Any (reportAny)
  /dev/shm/rsp078-driver-v2-work/scripts/ci/managed_aliases_installed/driver.py:473:14 - warning: Type of "operation" is Any (reportAny)
  /dev/shm/rsp078-driver-v2-work/scripts/ci/managed_aliases_installed/driver.py:474:29 - warning: Argument type is Any
    Argument corresponds to parameter "contract" in function "provision" (reportAny)
  /dev/shm/rsp078-driver-v2-work/scripts/ci/managed_aliases_installed/driver.py:475:14 - warning: Type of "operation" is Any (reportAny)
  /dev/shm/rsp078-driver-v2-work/scripts/ci/managed_aliases_installed/driver.py:476:23 - warning: Argument type is Any
    Argument corresponds to parameter "contract" in function "run" (reportAny)
  /dev/shm/rsp078-driver-v2-work/scripts/ci/managed_aliases_installed/driver.py:478:13 - warning: Type of "before" is Any (reportAny)
  /dev/shm/rsp078-driver-v2-work/scripts/ci/managed_aliases_installed/driver.py:478:32 - warning: Type of "output" is Any (reportAny)
  /dev/shm/rsp078-driver-v2-work/scripts/ci/managed_aliases_installed/driver.py:478:32 - warning: Argument type is Any
    Argument corresponds to parameter "path" in function "read_json" (reportAny)
  /dev/shm/rsp078-driver-v2-work/scripts/ci/managed_aliases_installed/driver.py:479:21 - warning: Argument type is Any
    Argument corresponds to parameter "value" in function "require" (reportAny)
  /dev/shm/rsp078-driver-v2-work/scripts/ci/managed_aliases_installed/driver.py:486:16 - warning: Type of "output" is Any (reportAny)
  /dev/shm/rsp078-driver-v2-work/scripts/ci/managed_aliases_installed/driver.py:486:16 - warning: Argument type is Any
    Argument corresponds to parameter "path" in function "write_json" (reportAny)
0 errors, 215 warnings, 0 notes
