/workspace/scratch/745337b67ff9/native-matrix-aggregation-validation/validate_existing_artifacts.py
  /workspace/scratch/745337b67ff9/native-matrix-aggregation-validation/validate_existing_artifacts.py:27:5 - warning: Result of call expression is of type "Action" and is not used; assign to variable "_" if this is intentional (reportUnusedCallResult)
  /workspace/scratch/745337b67ff9/native-matrix-aggregation-validation/validate_existing_artifacts.py:28:5 - warning: Result of call expression is of type "Action" and is not used; assign to variable "_" if this is intentional (reportUnusedCallResult)
  /workspace/scratch/745337b67ff9/native-matrix-aggregation-validation/validate_existing_artifacts.py:29:5 - warning: Result of call expression is of type "Action" and is not used; assign to variable "_" if this is intentional (reportUnusedCallResult)
  /workspace/scratch/745337b67ff9/native-matrix-aggregation-validation/validate_existing_artifacts.py:32:5 - warning: Type of "contract" is Any (reportAny)
  /workspace/scratch/745337b67ff9/native-matrix-aggregation-validation/validate_existing_artifacts.py:33:5 - warning: Type of "output" is Any (reportAny)
  /workspace/scratch/745337b67ff9/native-matrix-aggregation-validation/validate_existing_artifacts.py:33:5 - warning: Type of "mkdir" is Any (reportAny)
  /workspace/scratch/745337b67ff9/native-matrix-aggregation-validation/validate_existing_artifacts.py:34:23 - warning: Type `Any` is not allowed (reportExplicitAny)
  /workspace/scratch/745337b67ff9/native-matrix-aggregation-validation/validate_existing_artifacts.py:49:13 - warning: Type of "expected" is Any (reportAny)
  /workspace/scratch/745337b67ff9/native-matrix-aggregation-validation/validate_existing_artifacts.py:50:13 - warning: Type of "path" is Any (reportAny)
  /workspace/scratch/745337b67ff9/native-matrix-aggregation-validation/validate_existing_artifacts.py:50:20 - warning: Type of "source" is Any (reportAny)
  /workspace/scratch/745337b67ff9/native-matrix-aggregation-validation/validate_existing_artifacts.py:51:31 - warning: Type `Any` is not allowed (reportExplicitAny)
  /workspace/scratch/745337b67ff9/native-matrix-aggregation-validation/validate_existing_artifacts.py:51:74 - warning: Type of "stat" is Any (reportAny)
  /workspace/scratch/745337b67ff9/native-matrix-aggregation-validation/validate_existing_artifacts.py:51:74 - warning: Type of "st_size" is Any (reportAny)
  /workspace/scratch/745337b67ff9/native-matrix-aggregation-validation/validate_existing_artifacts.py:51:112 - warning: Argument type is Any
    Argument corresponds to parameter "path" in function "digest" (reportAny)
  /workspace/scratch/745337b67ff9/native-matrix-aggregation-validation/validate_existing_artifacts.py:52:13 - warning: Type of "append" is Any (reportAny)
  /workspace/scratch/745337b67ff9/native-matrix-aggregation-validation/validate_existing_artifacts.py:54:74 - warning: Type of "source" is Any (reportAny)
  /workspace/scratch/745337b67ff9/native-matrix-aggregation-validation/validate_existing_artifacts.py:54:74 - warning: Argument type is Any
    Argument corresponds to parameter "cwd" in function "check_output" (reportAny)
  /workspace/scratch/745337b67ff9/native-matrix-aggregation-validation/validate_existing_artifacts.py:58:57 - warning: Type of "source" is Any (reportAny)
  /workspace/scratch/745337b67ff9/native-matrix-aggregation-validation/validate_existing_artifacts.py:58:57 - warning: Argument type is Any
    Argument corresponds to parameter "cwd" in function "check_output" (reportAny)
  /workspace/scratch/745337b67ff9/native-matrix-aggregation-validation/validate_existing_artifacts.py:61:72 - warning: Type of "source" is Any (reportAny)
  /workspace/scratch/745337b67ff9/native-matrix-aggregation-validation/validate_existing_artifacts.py:61:72 - warning: Argument type is Any
    Argument corresponds to parameter "cwd" in function "check_output" (reportAny)
  /workspace/scratch/745337b67ff9/native-matrix-aggregation-validation/validate_existing_artifacts.py:70:17 - warning: Type of "source" is Any (reportAny)
  /workspace/scratch/745337b67ff9/native-matrix-aggregation-validation/validate_existing_artifacts.py:70:17 - warning: Argument type is Any
    Argument corresponds to parameter "cwd" in function "run" (reportAny)
  /workspace/scratch/745337b67ff9/native-matrix-aggregation-validation/validate_existing_artifacts.py:76:9 - warning: Type of "append" is Any (reportAny)
  /workspace/scratch/745337b67ff9/native-matrix-aggregation-validation/validate_existing_artifacts.py:88:17 - warning: Type of "expected" is Any (reportAny)
  /workspace/scratch/745337b67ff9/native-matrix-aggregation-validation/validate_existing_artifacts.py:89:17 - warning: Type of "archive" is Any (reportAny)
  /workspace/scratch/745337b67ff9/native-matrix-aggregation-validation/validate_existing_artifacts.py:89:27 - warning: Type of "archives" is Any (reportAny)
  /workspace/scratch/745337b67ff9/native-matrix-aggregation-validation/validate_existing_artifacts.py:93:30 - warning: Type of "stat" is Any (reportAny)
  /workspace/scratch/745337b67ff9/native-matrix-aggregation-validation/validate_existing_artifacts.py:93:30 - warning: Type of "st_size" is Any (reportAny)
  /workspace/scratch/745337b67ff9/native-matrix-aggregation-validation/validate_existing_artifacts.py:94:38 - warning: Argument type is Any
    Argument corresponds to parameter "path" in function "digest" (reportAny)
  /workspace/scratch/745337b67ff9/native-matrix-aggregation-validation/validate_existing_artifacts.py:97:17 - warning: Type of "append" is Any (reportAny)
  /workspace/scratch/745337b67ff9/native-matrix-aggregation-validation/validate_existing_artifacts.py:100:17 - warning: Type of "target" is Any (reportAny)
  /workspace/scratch/745337b67ff9/native-matrix-aggregation-validation/validate_existing_artifacts.py:101:17 - warning: Type of "mkdir" is Any (reportAny)
  /workspace/scratch/745337b67ff9/native-matrix-aggregation-validation/validate_existing_artifacts.py:102:53 - warning: Type of "entry" is Any (reportAny)
  /workspace/scratch/745337b67ff9/native-matrix-aggregation-validation/validate_existing_artifacts.py:103:38 - warning: Argument type is Any
    Argument corresponds to parameter "file" in function "__init__" (reportAny)
  /workspace/scratch/745337b67ff9/native-matrix-aggregation-validation/validate_existing_artifacts.py:107:25 - warning: Type of "member" is Any (reportAny)
  /workspace/scratch/745337b67ff9/native-matrix-aggregation-validation/validate_existing_artifacts.py:111:25 - warning: Type of "output" is Any (reportAny)
  /workspace/scratch/745337b67ff9/native-matrix-aggregation-validation/validate_existing_artifacts.py:112:25 - warning: Type of "parent" is Any (reportAny)
  /workspace/scratch/745337b67ff9/native-matrix-aggregation-validation/validate_existing_artifacts.py:112:25 - warning: Type of "mkdir" is Any (reportAny)
  /workspace/scratch/745337b67ff9/native-matrix-aggregation-validation/validate_existing_artifacts.py:113:63 - warning: Type of "open" is Any (reportAny)
  /workspace/scratch/745337b67ff9/native-matrix-aggregation-validation/validate_existing_artifacts.py:113:84 - warning: Type of "writer" is Any (reportAny)
  /workspace/scratch/745337b67ff9/native-matrix-aggregation-validation/validate_existing_artifacts.py:114:56 - warning: Argument type is Any
    Argument corresponds to parameter "fdst" in function "copyfileobj" (reportAny)
  /workspace/scratch/745337b67ff9/native-matrix-aggregation-validation/validate_existing_artifacts.py:115:32 - warning: Type of "stat" is Any (reportAny)
  /workspace/scratch/745337b67ff9/native-matrix-aggregation-validation/validate_existing_artifacts.py:115:32 - warning: Type of "st_size" is Any (reportAny)
  /workspace/scratch/745337b67ff9/native-matrix-aggregation-validation/validate_existing_artifacts.py:115:84 - warning: Argument type is Any
    Argument corresponds to parameter "path" in function "digest" (reportAny)
  /workspace/scratch/745337b67ff9/native-matrix-aggregation-validation/validate_existing_artifacts.py:116:25 - warning: Type of "append" is Any (reportAny)
  /workspace/scratch/745337b67ff9/native-matrix-aggregation-validation/validate_existing_artifacts.py:130:21 - warning: Type of "output" is Any (reportAny)
  /workspace/scratch/745337b67ff9/native-matrix-aggregation-validation/validate_existing_artifacts.py:130:21 - warning: Argument type is Any
    Argument corresponds to parameter "object" in function "__new__" (reportAny)
  /workspace/scratch/745337b67ff9/native-matrix-aggregation-validation/validate_existing_artifacts.py:132:50 - warning: Type of "source" is Any (reportAny)
  /workspace/scratch/745337b67ff9/native-matrix-aggregation-validation/validate_existing_artifacts.py:132:50 - warning: Argument type is Any
    Argument corresponds to parameter "cwd" in function "run" (reportAny)
  /workspace/scratch/745337b67ff9/native-matrix-aggregation-validation/validate_existing_artifacts.py:133:13 - warning: Type of "write_text" is Any (reportAny)
  /workspace/scratch/745337b67ff9/native-matrix-aggregation-validation/validate_existing_artifacts.py:133:14 - warning: Type of "output" is Any (reportAny)
  /workspace/scratch/745337b67ff9/native-matrix-aggregation-validation/validate_existing_artifacts.py:134:13 - warning: Type of "write_text" is Any (reportAny)
  /workspace/scratch/745337b67ff9/native-matrix-aggregation-validation/validate_existing_artifacts.py:134:14 - warning: Type of "output" is Any (reportAny)
  /workspace/scratch/745337b67ff9/native-matrix-aggregation-validation/validate_existing_artifacts.py:135:13 - warning: Type of "append" is Any (reportAny)
  /workspace/scratch/745337b67ff9/native-matrix-aggregation-validation/validate_existing_artifacts.py:140:45 - warning: Type of "output" is Any (reportAny)
  /workspace/scratch/745337b67ff9/native-matrix-aggregation-validation/validate_existing_artifacts.py:140:45 - warning: Argument type is Any
    Argument corresponds to parameter "path" in function "digest" (reportAny)
  /workspace/scratch/745337b67ff9/native-matrix-aggregation-validation/validate_existing_artifacts.py:141:45 - warning: Type of "output" is Any (reportAny)
  /workspace/scratch/745337b67ff9/native-matrix-aggregation-validation/validate_existing_artifacts.py:141:45 - warning: Argument type is Any
    Argument corresponds to parameter "path" in function "digest" (reportAny)
  /workspace/scratch/745337b67ff9/native-matrix-aggregation-validation/validate_existing_artifacts.py:145:13 - warning: Type of "admitted" is Any (reportAny)
  /workspace/scratch/745337b67ff9/native-matrix-aggregation-validation/validate_existing_artifacts.py:145:35 - warning: Type of "read_bytes" is Any (reportAny)
  /workspace/scratch/745337b67ff9/native-matrix-aggregation-validation/validate_existing_artifacts.py:145:35 - warning: Argument type is Any
    Argument corresponds to parameter "s" in function "loads" (reportAny)
  /workspace/scratch/745337b67ff9/native-matrix-aggregation-validation/validate_existing_artifacts.py:145:36 - warning: Type of "output" is Any (reportAny)
  /workspace/scratch/745337b67ff9/native-matrix-aggregation-validation/validate_existing_artifacts.py:147:24 - warning: Argument type is Any
    Argument corresponds to parameter "obj" in function "len" (reportAny)
  /workspace/scratch/745337b67ff9/native-matrix-aggregation-validation/validate_existing_artifacts.py:148:24 - warning: Argument type is Any
    Argument corresponds to parameter "obj" in function "len" (reportAny)
  /workspace/scratch/745337b67ff9/native-matrix-aggregation-validation/validate_existing_artifacts.py:149:24 - warning: Argument type is Any
    Argument corresponds to parameter "obj" in function "len" (reportAny)
  /workspace/scratch/745337b67ff9/native-matrix-aggregation-validation/validate_existing_artifacts.py:150:58 - warning: Type of "record" is Any (reportAny)
  /workspace/scratch/745337b67ff9/native-matrix-aggregation-validation/validate_existing_artifacts.py:151:13 - warning: Type of "expected" is Any (reportAny)
  /workspace/scratch/745337b67ff9/native-matrix-aggregation-validation/validate_existing_artifacts.py:152:27 - warning: Type of "source" is Any (reportAny)
  /workspace/scratch/745337b67ff9/native-matrix-aggregation-validation/validate_existing_artifacts.py:152:27 - warning: Argument type is Any
    Argument corresponds to parameter "path" in function "digest" (reportAny)
  /workspace/scratch/745337b67ff9/native-matrix-aggregation-validation/validate_existing_artifacts.py:159:5 - warning: Type of "write_text" is Any (reportAny)
  /workspace/scratch/745337b67ff9/native-matrix-aggregation-validation/validate_existing_artifacts.py:159:6 - warning: Type of "output" is Any (reportAny)
0 errors, 72 warnings, 0 notes
