/workspace/scratch/745337b67ff9/native-matrix-aggregation-source/scripts/ci/aggregate_native_wheel_artifacts.py
  /workspace/scratch/745337b67ff9/native-matrix-aggregation-source/scripts/ci/aggregate_native_wheel_artifacts.py:109:13 - warning: Result of call expression is of type "Path" and is not used; assign to variable "_" if this is intentional (reportUnusedCallResult)
  /workspace/scratch/745337b67ff9/native-matrix-aggregation-source/scripts/ci/aggregate_native_wheel_artifacts.py:130:5 - warning: Result of call expression is of type "Action" and is not used; assign to variable "_" if this is intentional (reportUnusedCallResult)
  /workspace/scratch/745337b67ff9/native-matrix-aggregation-source/scripts/ci/aggregate_native_wheel_artifacts.py:131:5 - warning: Result of call expression is of type "Action" and is not used; assign to variable "_" if this is intentional (reportUnusedCallResult)
  /workspace/scratch/745337b67ff9/native-matrix-aggregation-source/scripts/ci/aggregate_native_wheel_artifacts.py:132:5 - warning: Result of call expression is of type "Action" and is not used; assign to variable "_" if this is intentional (reportUnusedCallResult)
  /workspace/scratch/745337b67ff9/native-matrix-aggregation-source/scripts/ci/aggregate_native_wheel_artifacts.py:133:5 - warning: Result of call expression is of type "Action" and is not used; assign to variable "_" if this is intentional (reportUnusedCallResult)
  /workspace/scratch/745337b67ff9/native-matrix-aggregation-source/scripts/ci/aggregate_native_wheel_artifacts.py:134:5 - warning: Result of call expression is of type "Action" and is not used; assign to variable "_" if this is intentional (reportUnusedCallResult)
  /workspace/scratch/745337b67ff9/native-matrix-aggregation-source/scripts/ci/aggregate_native_wheel_artifacts.py:138:13 - warning: Type of "artifacts_dir" is Any (reportAny)
  /workspace/scratch/745337b67ff9/native-matrix-aggregation-source/scripts/ci/aggregate_native_wheel_artifacts.py:138:13 - warning: Argument type is Any
    Argument corresponds to parameter "artifacts_dir" in function "aggregate_artifacts" (reportAny)
  /workspace/scratch/745337b67ff9/native-matrix-aggregation-source/scripts/ci/aggregate_native_wheel_artifacts.py:138:41 - warning: Type of "version" is Any (reportAny)
  /workspace/scratch/745337b67ff9/native-matrix-aggregation-source/scripts/ci/aggregate_native_wheel_artifacts.py:138:41 - warning: Argument type is Any
    Argument corresponds to parameter "version" in function "aggregate_artifacts" (reportAny)
  /workspace/scratch/745337b67ff9/native-matrix-aggregation-source/scripts/ci/aggregate_native_wheel_artifacts.py:138:66 - warning: Type of "source_sha" is Any (reportAny)
  /workspace/scratch/745337b67ff9/native-matrix-aggregation-source/scripts/ci/aggregate_native_wheel_artifacts.py:138:66 - warning: Argument type is Any
    Argument corresponds to parameter "source_sha" in function "aggregate_artifacts" (reportAny)
  /workspace/scratch/745337b67ff9/native-matrix-aggregation-source/scripts/ci/aggregate_native_wheel_artifacts.py:138:95 - warning: Type of "rule_digest" is Any (reportAny)
  /workspace/scratch/745337b67ff9/native-matrix-aggregation-source/scripts/ci/aggregate_native_wheel_artifacts.py:138:95 - warning: Argument type is Any
    Argument corresponds to parameter "rule_digest" in function "aggregate_artifacts" (reportAny)
  /workspace/scratch/745337b67ff9/native-matrix-aggregation-source/scripts/ci/aggregate_native_wheel_artifacts.py:143:5 - warning: Type of "output" is Any (reportAny)
  /workspace/scratch/745337b67ff9/native-matrix-aggregation-source/scripts/ci/aggregate_native_wheel_artifacts.py:143:5 - warning: Type of "parent" is Any (reportAny)
  /workspace/scratch/745337b67ff9/native-matrix-aggregation-source/scripts/ci/aggregate_native_wheel_artifacts.py:143:5 - warning: Type of "mkdir" is Any (reportAny)
  /workspace/scratch/745337b67ff9/native-matrix-aggregation-source/scripts/ci/aggregate_native_wheel_artifacts.py:144:5 - warning: Type of "output" is Any (reportAny)
  /workspace/scratch/745337b67ff9/native-matrix-aggregation-source/scripts/ci/aggregate_native_wheel_artifacts.py:144:5 - warning: Type of "write_text" is Any (reportAny)
/workspace/scratch/745337b67ff9/native-matrix-aggregation-source/tests/test_aggregate_native_wheel_artifacts.py
  /workspace/scratch/745337b67ff9/native-matrix-aggregation-source/tests/test_aggregate_native_wheel_artifacts.py:11:85 - warning: "_dist" is private and used outside of the module in which it is declared (reportPrivateUsage)
  /workspace/scratch/745337b67ff9/native-matrix-aggregation-source/tests/test_aggregate_native_wheel_artifacts.py:20:9 - warning: Result of call expression is of type "Path" and is not used; assign to variable "_" if this is intentional (reportUnusedCallResult)
  /workspace/scratch/745337b67ff9/native-matrix-aggregation-source/tests/test_aggregate_native_wheel_artifacts.py:25:13 - warning: Result of call expression is of type "Path" and is not used; assign to variable "_" if this is intentional (reportUnusedCallResult)
  /workspace/scratch/745337b67ff9/native-matrix-aggregation-source/tests/test_aggregate_native_wheel_artifacts.py:42:16 - warning: Argument type is unknown
    Argument corresponds to parameter "obj" in function "len" (reportUnknownArgumentType)
  /workspace/scratch/745337b67ff9/native-matrix-aggregation-source/tests/test_aggregate_native_wheel_artifacts.py:45:16 - warning: Argument type is partially unknown
    Argument corresponds to parameter "obj" in function "len"
    Argument type is "list[Unknown]" (reportUnknownArgumentType)
  /workspace/scratch/745337b67ff9/native-matrix-aggregation-source/tests/test_aggregate_native_wheel_artifacts.py:46:16 - warning: Argument type is partially unknown
    Argument corresponds to parameter "iterable" in function "sum"
    Argument type is "Generator[Unknown, None, None]" (reportUnknownArgumentType)
  /workspace/scratch/745337b67ff9/native-matrix-aggregation-source/tests/test_aggregate_native_wheel_artifacts.py:46:50 - warning: Type of "record" is unknown (reportUnknownVariableType)
  /workspace/scratch/745337b67ff9/native-matrix-aggregation-source/tests/test_aggregate_native_wheel_artifacts.py:64:9 - warning: Result of call expression is of type "Path" and is not used; assign to variable "_" if this is intentional (reportUnusedCallResult)
  /workspace/scratch/745337b67ff9/native-matrix-aggregation-source/tests/test_aggregate_native_wheel_artifacts.py:66:9 - warning: Result of call expression is of type "Path" and is not used; assign to variable "_" if this is intentional (reportUnusedCallResult)
  /workspace/scratch/745337b67ff9/native-matrix-aggregation-source/tests/test_aggregate_native_wheel_artifacts.py:68:9 - warning: Result of call expression is of type "dict[str, object]" and is not used; assign to variable "_" if this is intentional (reportUnusedCallResult)
  /workspace/scratch/745337b67ff9/native-matrix-aggregation-source/tests/test_aggregate_native_wheel_artifacts.py:80:9 - warning: Result of call expression is of type "int" and is not used; assign to variable "_" if this is intentional (reportUnusedCallResult)
  /workspace/scratch/745337b67ff9/native-matrix-aggregation-source/tests/test_aggregate_native_wheel_artifacts.py:82:26 - warning: "args" is not accessed (reportUnusedParameter)
  /workspace/scratch/745337b67ff9/native-matrix-aggregation-source/tests/test_aggregate_native_wheel_artifacts.py:82:42 - warning: "kwargs" is not accessed (reportUnusedParameter)
  /workspace/scratch/745337b67ff9/native-matrix-aggregation-source/tests/test_aggregate_native_wheel_artifacts.py:87:9 - warning: Result of call expression is of type "dict[str, object]" and is not used; assign to variable "_" if this is intentional (reportUnusedCallResult)
  /workspace/scratch/745337b67ff9/native-matrix-aggregation-source/tests/test_aggregate_native_wheel_artifacts.py:95:9 - warning: Result of call expression is of type "dict[str, object]" and is not used; assign to variable "_" if this is intentional (reportUnusedCallResult)
  /workspace/scratch/745337b67ff9/native-matrix-aggregation-source/tests/test_aggregate_native_wheel_artifacts.py:103:5 - warning: Result of call expression is of type "int" and is not used; assign to variable "_" if this is intentional (reportUnusedCallResult)
  /workspace/scratch/745337b67ff9/native-matrix-aggregation-source/tests/test_aggregate_native_wheel_artifacts.py:122:5 - warning: Type of "report" is Any (reportAny)
  /workspace/scratch/745337b67ff9/native-matrix-aggregation-source/tests/test_aggregate_native_wheel_artifacts.py:133:5 - warning: Result of call expression is of type "Path" and is not used; assign to variable "_" if this is intentional (reportUnusedCallResult)
  /workspace/scratch/745337b67ff9/native-matrix-aggregation-source/tests/test_aggregate_native_wheel_artifacts.py:135:5 - warning: Result of call expression is of type "Path" and is not used; assign to variable "_" if this is intentional (reportUnusedCallResult)
  /workspace/scratch/745337b67ff9/native-matrix-aggregation-source/tests/test_aggregate_native_wheel_artifacts.py:137:9 - warning: Result of call expression is of type "dict[str, object]" and is not used; assign to variable "_" if this is intentional (reportUnusedCallResult)
  /workspace/scratch/745337b67ff9/native-matrix-aggregation-source/tests/test_aggregate_native_wheel_artifacts.py:148:13 - warning: Result of call expression is of type "int" and is not used; assign to variable "_" if this is intentional (reportUnusedCallResult)
  /workspace/scratch/745337b67ff9/native-matrix-aggregation-source/tests/test_aggregate_native_wheel_artifacts.py:153:9 - warning: Result of call expression is of type "dict[str, object]" and is not used; assign to variable "_" if this is intentional (reportUnusedCallResult)
0 errors, 41 warnings, 0 notes
