{
  "capabilities": [
    {
      "action_source_identity": "verified_rust_request_digest",
      "authority": "python_control_plane_with_verified_rust_decision",
      "failure": "continuation_not_completed",
      "id": "native_codex_browser_continuation_control",
      "inventory_categories": [
        "continuation_transport_decode",
        "continuation_protocol_identity",
        "continuation_endpoint_identity",
        "continuation_process_identity",
        "synchronous_control_durability"
      ],
      "python_decision_time_disk_io": true,
      "python_semantic_fallback": false,
      "scope": "bounded_envelope_decode_continuation_metadata_endpoint_and_waiter_liveness_local_durability"
    },
    {
      "authority": "shared_python_native_coordination",
      "failure": "existing_event_specific_availability_contract",
      "id": "command_review_mutation_fence",
      "inventory_category": "synchronous_authority_fence",
      "python_decision_time_disk_io": true,
      "python_semantic_fallback": false,
      "scope": "owned_lock_identity_and_shared_lease_through_review_response"
    },
    {
      "authority": "python_bridge",
      "failure": "event_specific_availability_contract",
      "id": "hook_posture_and_availability_response",
      "inventory_category": "synchronous_posture_config",
      "python_decision_time_disk_io": true,
      "python_semantic_fallback": false
    },
    {
      "authority": "rust",
      "compatibility_modes": [
        "off",
        "shadow"
      ],
      "failure": "fail_closed",
      "id": "post_tool_source_read",
      "python_semantic_fallback": false,
      "rust_symbols": [
        "guard_secure_fs::read_bounded",
        "guard_hook_core::review_post_tool"
      ]
    },
    {
      "authority": "rust",
      "compatibility_modes": [
        "off",
        "shadow"
      ],
      "failure": "fail_closed",
      "id": "sensitive_path_and_symlink_classification",
      "python_semantic_fallback": false,
      "rust_symbols": [
        "guard_secure_fs::classify_source_path",
        "guard_secure_fs::contains_symlink_component"
      ]
    },
    {
      "authority": "rust",
      "compatibility_modes": [
        "off",
        "shadow"
      ],
      "failure": "fail_closed",
      "id": "pre_post_identity_and_equivalence",
      "python_semantic_fallback": false,
      "rust_symbols": [
        "guard_secure_fs::FileIdentity",
        "guard_hook_core::review_post_tool"
      ]
    },
    {
      "authority": "rust_when_hook_reachable",
      "compatibility_modes": [
        "off",
        "shadow"
      ],
      "failure": "fail_closed",
      "id": "archive_decode_package_inspection",
      "python_semantic_fallback": false,
      "rust_symbols": [
        "guard_command::pretool::evaluate_pre_tool_envelope",
        "guard_runtime::strict_json::parse",
        "guard_hook_core::extract_payload_output"
      ]
    },
    {
      "authority": "rust",
      "failure": "fail_closed",
      "id": "policy_snapshot_admission",
      "python_decision_time_disk_io": false,
      "python_semantic_fallback": false,
      "rust_symbols": [
        "guard_runtime::policy_store::PolicySnapshotStore",
        "guard_runtime::edge::evaluate_envelope_with_store"
      ]
    }
  ],
  "compatibility_modes": [
    "off",
    "shadow"
  ],
  "inventory": [
    {
      "category": "continuation_endpoint_identity",
      "kind": "filesystem",
      "line": 579,
      "operation": "resolve",
      "path": "src/codex_plugin_scanner/guard/codex_app_server.py",
      "reachable": true
    },
    {
      "category": "continuation_endpoint_identity",
      "kind": "filesystem",
      "line": 582,
      "operation": "resolve",
      "path": "src/codex_plugin_scanner/guard/codex_app_server.py",
      "reachable": true
    },
    {
      "category": "continuation_endpoint_identity",
      "kind": "filesystem",
      "line": 583,
      "operation": "resolve",
      "path": "src/codex_plugin_scanner/guard/codex_app_server.py",
      "reachable": true
    },
    {
      "category": "continuation_endpoint_identity",
      "kind": "filesystem",
      "line": 584,
      "operation": "resolve",
      "path": "src/codex_plugin_scanner/guard/codex_app_server.py",
      "reachable": true
    },
    {
      "category": "continuation_endpoint_identity",
      "kind": "filesystem",
      "line": 585,
      "operation": "resolve",
      "path": "src/codex_plugin_scanner/guard/codex_app_server.py",
      "reachable": true
    },
    {
      "category": "continuation_endpoint_identity",
      "kind": "filesystem",
      "line": 598,
      "operation": "lstat",
      "path": "src/codex_plugin_scanner/guard/codex_app_server.py",
      "reachable": true
    },
    {
      "category": "continuation_endpoint_identity",
      "kind": "filesystem",
      "line": 599,
      "operation": "lstat",
      "path": "src/codex_plugin_scanner/guard/codex_app_server.py",
      "reachable": true
    },
    {
      "category": "transport_identity",
      "kind": "decode",
      "line": 63,
      "operation": "decode",
      "path": "src/codex_plugin_scanner/guard/codex_hook_launch_runtime.py",
      "reachable": true
    },
    {
      "category": "transport_identity",
      "kind": "decode",
      "line": 74,
      "operation": "decode",
      "path": "src/codex_plugin_scanner/guard/codex_hook_launch_runtime.py",
      "reachable": true
    },
    {
      "category": "transport_identity",
      "kind": "decode",
      "line": 76,
      "operation": "decode",
      "path": "src/codex_plugin_scanner/guard/codex_hook_launch_runtime.py",
      "reachable": true
    },
    {
      "category": "synchronous_posture_config",
      "kind": "decode",
      "line": 496,
      "operation": "decode",
      "path": "src/codex_plugin_scanner/guard/config.py",
      "reachable": true
    },
    {
      "category": "synchronous_posture_config",
      "kind": "decode",
      "line": 496,
      "operation": "loads",
      "path": "src/codex_plugin_scanner/guard/config.py",
      "reachable": true
    },
    {
      "category": "synchronous_posture_config",
      "kind": "filesystem",
      "line": 65,
      "operation": "open",
      "path": "src/codex_plugin_scanner/guard/config_source_io.py",
      "reachable": true
    },
    {
      "category": "synchronous_posture_config",
      "kind": "filesystem",
      "line": 69,
      "operation": "open",
      "path": "src/codex_plugin_scanner/guard/config_source_io.py",
      "reachable": true
    },
    {
      "category": "synchronous_posture_config",
      "kind": "filesystem",
      "line": 78,
      "operation": "stat",
      "path": "src/codex_plugin_scanner/guard/config_source_io.py",
      "reachable": true
    },
    {
      "category": "synchronous_posture_config",
      "kind": "filesystem",
      "line": 110,
      "operation": "read",
      "path": "src/codex_plugin_scanner/guard/config_source_io.py",
      "reachable": true
    },
    {
      "category": "synchronous_posture_config",
      "kind": "filesystem",
      "line": 123,
      "operation": "lstat",
      "path": "src/codex_plugin_scanner/guard/config_source_io.py",
      "reachable": true
    },
    {
      "category": "synchronous_posture_config",
      "kind": "filesystem",
      "line": 123,
      "operation": "stat",
      "path": "src/codex_plugin_scanner/guard/config_source_io.py",
      "reachable": true
    },
    {
      "category": "synchronous_posture_config",
      "kind": "filesystem",
      "line": 133,
      "operation": "open",
      "path": "src/codex_plugin_scanner/guard/config_source_io.py",
      "reachable": true
    },
    {
      "category": "synchronous_posture_config",
      "kind": "filesystem",
      "line": 154,
      "operation": "lstat",
      "path": "src/codex_plugin_scanner/guard/config_source_io.py",
      "reachable": true
    },
    {
      "category": "synchronous_posture_config",
      "kind": "filesystem",
      "line": 160,
      "operation": "stat",
      "path": "src/codex_plugin_scanner/guard/config_source_io.py",
      "reachable": true
    },
    {
      "category": "synchronous_posture_config",
      "kind": "filesystem",
      "line": 187,
      "operation": "stat",
      "path": "src/codex_plugin_scanner/guard/config_source_io.py",
      "reachable": true
    },
    {
      "category": "synchronous_posture_config",
      "kind": "filesystem",
      "line": 191,
      "operation": "resolve",
      "path": "src/codex_plugin_scanner/guard/config_source_io.py",
      "reachable": true
    },
    {
      "category": "synchronous_posture_config",
      "kind": "filesystem",
      "line": 194,
      "operation": "stat",
      "path": "src/codex_plugin_scanner/guard/config_source_io.py",
      "reachable": true
    },
    {
      "category": "synchronous_posture_config",
      "kind": "filesystem",
      "line": 204,
      "operation": "stat",
      "path": "src/codex_plugin_scanner/guard/config_source_io.py",
      "reachable": true
    },
    {
      "category": "synchronous_posture_config",
      "kind": "filesystem",
      "line": 215,
      "operation": "resolve",
      "path": "src/codex_plugin_scanner/guard/config_source_io.py",
      "reachable": true
    },
    {
      "category": "synchronous_posture_config",
      "kind": "filesystem",
      "line": 215,
      "operation": "stat",
      "path": "src/codex_plugin_scanner/guard/config_source_io.py",
      "reachable": true
    },
    {
      "category": "continuation_protocol_identity",
      "kind": "hash",
      "line": 81,
      "operation": "sha256",
      "path": "src/codex_plugin_scanner/guard/continuation_payload.py",
      "reachable": true
    },
    {
      "category": "continuation_protocol_identity",
      "kind": "hash",
      "line": 448,
      "operation": "sha256",
      "path": "src/codex_plugin_scanner/guard/continuation_runtime.py",
      "reachable": true
    },
    {
      "category": "continuation_transport_decode",
      "kind": "decode",
      "line": 47,
      "operation": "loads",
      "path": "src/codex_plugin_scanner/guard/daemon/codex_native_live_decision.py",
      "reachable": true
    },
    {
      "category": "approval_identity",
      "kind": "hash",
      "line": 154,
      "operation": "sha256",
      "path": "src/codex_plugin_scanner/guard/daemon/hook_native_review_binding.py",
      "reachable": true
    },
    {
      "category": "synchronous_control_durability",
      "kind": "filesystem",
      "line": 35,
      "operation": "open",
      "path": "src/codex_plugin_scanner/guard/durable_io.py",
      "reachable": true
    },
    {
      "category": "continuation_process_identity",
      "kind": "filesystem",
      "line": 96,
      "operation": "resolve",
      "path": "src/codex_plugin_scanner/guard/live_process_identity.py",
      "reachable": true
    },
    {
      "category": "continuation_process_identity",
      "kind": "filesystem",
      "line": 97,
      "operation": "stat",
      "path": "src/codex_plugin_scanner/guard/live_process_identity.py",
      "reachable": true
    },
    {
      "category": "continuation_process_identity",
      "kind": "filesystem",
      "line": 108,
      "operation": "open",
      "path": "src/codex_plugin_scanner/guard/live_process_identity.py",
      "reachable": true
    },
    {
      "category": "continuation_process_identity",
      "kind": "filesystem",
      "line": 109,
      "operation": "read",
      "path": "src/codex_plugin_scanner/guard/live_process_identity.py",
      "reachable": true
    },
    {
      "category": "persistence_only",
      "kind": "decode",
      "line": 45,
      "operation": "decode",
      "path": "src/codex_plugin_scanner/guard/local_dashboard_session.py",
      "reachable": true
    },
    {
      "category": "persistence_only",
      "kind": "decode",
      "line": 47,
      "operation": "decode",
      "path": "src/codex_plugin_scanner/guard/local_dashboard_session.py",
      "reachable": true
    },
    {
      "category": "synchronous_posture_config",
      "kind": "hash",
      "line": 439,
      "operation": "sha256",
      "path": "src/codex_plugin_scanner/guard/mdm/contracts.py",
      "reachable": true
    },
    {
      "category": "synchronous_posture_config",
      "kind": "filesystem",
      "line": 28,
      "operation": "lstat",
      "path": "src/codex_plugin_scanner/guard/mdm/managed_file_trust.py",
      "reachable": true
    },
    {
      "category": "synchronous_posture_config",
      "kind": "decode",
      "line": 119,
      "operation": "b64decode",
      "path": "src/codex_plugin_scanner/guard/mdm/policy.py",
      "reachable": true
    },
    {
      "category": "synchronous_posture_config",
      "kind": "filesystem",
      "line": 251,
      "operation": "stat",
      "path": "src/codex_plugin_scanner/guard/mdm/policy.py",
      "reachable": true
    },
    {
      "category": "synchronous_posture_config",
      "kind": "filesystem",
      "line": 254,
      "operation": "read_bytes",
      "path": "src/codex_plugin_scanner/guard/mdm/policy.py",
      "reachable": true
    },
    {
      "category": "synchronous_posture_config",
      "kind": "decode",
      "line": 256,
      "operation": "loads",
      "path": "src/codex_plugin_scanner/guard/mdm/policy.py",
      "reachable": true
    },
    {
      "category": "synchronous_posture_config",
      "kind": "decode",
      "line": 257,
      "operation": "loads",
      "path": "src/codex_plugin_scanner/guard/mdm/policy.py",
      "reachable": true
    },
    {
      "category": "synchronous_posture_config",
      "kind": "decode",
      "line": 288,
      "operation": "loads",
      "path": "src/codex_plugin_scanner/guard/mdm/policy.py",
      "reachable": true
    },
    {
      "category": "synchronous_posture_config",
      "kind": "filesystem",
      "line": 320,
      "operation": "stat",
      "path": "src/codex_plugin_scanner/guard/mdm/policy.py",
      "reachable": true
    },
    {
      "category": "synchronous_posture_config",
      "kind": "filesystem",
      "line": 335,
      "operation": "stat",
      "path": "src/codex_plugin_scanner/guard/mdm/policy.py",
      "reachable": true
    },
    {
      "category": "synchronous_posture_config",
      "kind": "decode",
      "line": 340,
      "operation": "loads",
      "path": "src/codex_plugin_scanner/guard/mdm/policy.py",
      "reachable": true
    },
    {
      "category": "synchronous_posture_config",
      "kind": "filesystem",
      "line": 340,
      "operation": "read_bytes",
      "path": "src/codex_plugin_scanner/guard/mdm/policy.py",
      "reachable": true
    },
    {
      "category": "synchronous_posture_config",
      "kind": "filesystem",
      "line": 362,
      "operation": "exists",
      "path": "src/codex_plugin_scanner/guard/mdm/policy.py",
      "reachable": true
    },
    {
      "category": "synchronous_authority_fence",
      "kind": "filesystem",
      "line": 59,
      "operation": "open",
      "path": "src/codex_plugin_scanner/guard/native_command_control_authority_io.py",
      "reachable": true
    },
    {
      "category": "synchronous_authority_fence",
      "kind": "filesystem",
      "line": 64,
      "operation": "lstat",
      "path": "src/codex_plugin_scanner/guard/native_command_control_authority_io.py",
      "reachable": true
    },
    {
      "category": "synchronous_authority_fence",
      "kind": "filesystem",
      "line": 67,
      "operation": "lstat",
      "path": "src/codex_plugin_scanner/guard/native_command_control_authority_io.py",
      "reachable": true
    },
    {
      "category": "synchronous_authority_fence",
      "kind": "filesystem",
      "line": 194,
      "operation": "open",
      "path": "src/codex_plugin_scanner/guard/native_command_control_authority_io.py",
      "reachable": true
    },
    {
      "category": "synchronous_authority_fence",
      "kind": "filesystem",
      "line": 223,
      "operation": "stat",
      "path": "src/codex_plugin_scanner/guard/native_command_control_authority_io.py",
      "reachable": true
    },
    {
      "category": "synchronous_authority_fence",
      "kind": "filesystem",
      "line": 230,
      "operation": "stat",
      "path": "src/codex_plugin_scanner/guard/native_command_control_authority_io.py",
      "reachable": true
    },
    {
      "category": "transport_decode",
      "kind": "decode",
      "line": 278,
      "operation": "decode",
      "path": "src/codex_plugin_scanner/guard/native_command_control_binding.py",
      "reachable": true
    },
    {
      "category": "compatibility_only",
      "kind": "decode",
      "line": 283,
      "operation": "loads",
      "path": "src/codex_plugin_scanner/guard/native_command_model.py",
      "reachable": true
    },
    {
      "category": "transport_integrity",
      "kind": "hash",
      "line": 202,
      "operation": "sha256",
      "path": "src/codex_plugin_scanner/guard/native_command_observations.py",
      "reachable": true
    },
    {
      "category": "transport_integrity",
      "kind": "hash",
      "line": 197,
      "operation": "sha256",
      "path": "src/codex_plugin_scanner/guard/native_decision_receipt.py",
      "reachable": true
    },
    {
      "category": "transport_decode",
      "kind": "decode",
      "line": 344,
      "operation": "loads",
      "path": "src/codex_plugin_scanner/guard/native_hook_edge.py",
      "reachable": true
    },
    {
      "category": "asynchronous_policy",
      "kind": "filesystem",
      "line": 130,
      "operation": "open",
      "path": "src/codex_plugin_scanner/guard/native_policy_snapshot_storage.py",
      "reachable": true
    },
    {
      "category": "asynchronous_policy",
      "kind": "filesystem",
      "line": 146,
      "operation": "read",
      "path": "src/codex_plugin_scanner/guard/native_policy_snapshot_storage.py",
      "reachable": true
    },
    {
      "category": "transport_decode",
      "kind": "decode",
      "line": 251,
      "operation": "loads",
      "path": "src/codex_plugin_scanner/guard/native_pretool.py",
      "reachable": true
    },
    {
      "category": "transport_identity",
      "kind": "filesystem",
      "line": 122,
      "operation": "resolve",
      "path": "src/codex_plugin_scanner/guard/native_resident_client.py",
      "reachable": true
    },
    {
      "category": "transport_identity",
      "kind": "decode",
      "line": 275,
      "operation": "decode",
      "path": "src/codex_plugin_scanner/guard/native_resident_client.py",
      "reachable": true
    },
    {
      "category": "transport_identity",
      "kind": "filesystem",
      "line": 133,
      "operation": "resolve",
      "path": "src/codex_plugin_scanner/guard/native_runtime.py",
      "reachable": true
    },
    {
      "category": "transport_identity",
      "kind": "filesystem",
      "line": 176,
      "operation": "lstat",
      "path": "src/codex_plugin_scanner/guard/native_runtime.py",
      "reachable": true
    },
    {
      "category": "transport_identity",
      "kind": "filesystem",
      "line": 186,
      "operation": "resolve",
      "path": "src/codex_plugin_scanner/guard/native_runtime.py",
      "reachable": true
    },
    {
      "category": "transport_identity",
      "kind": "filesystem",
      "line": 187,
      "operation": "stat",
      "path": "src/codex_plugin_scanner/guard/native_runtime.py",
      "reachable": true
    },
    {
      "category": "transport_identity",
      "kind": "hash",
      "line": 190,
      "operation": "sha256",
      "path": "src/codex_plugin_scanner/guard/native_runtime.py",
      "reachable": true
    },
    {
      "category": "transport_identity",
      "kind": "filesystem",
      "line": 191,
      "operation": "open",
      "path": "src/codex_plugin_scanner/guard/native_runtime.py",
      "reachable": true
    },
    {
      "category": "transport_identity",
      "kind": "filesystem",
      "line": 192,
      "operation": "read",
      "path": "src/codex_plugin_scanner/guard/native_runtime.py",
      "reachable": true
    },
    {
      "category": "transport_identity",
      "kind": "filesystem",
      "line": 258,
      "operation": "lstat",
      "path": "src/codex_plugin_scanner/guard/native_runtime.py",
      "reachable": true
    },
    {
      "category": "transport_identity",
      "kind": "decode",
      "line": 270,
      "operation": "loads",
      "path": "src/codex_plugin_scanner/guard/native_runtime.py",
      "reachable": true
    },
    {
      "category": "transport_identity",
      "kind": "filesystem",
      "line": 270,
      "operation": "read_text",
      "path": "src/codex_plugin_scanner/guard/native_runtime.py",
      "reachable": true
    },
    {
      "category": "transport_identity",
      "kind": "filesystem",
      "line": 298,
      "operation": "lstat",
      "path": "src/codex_plugin_scanner/guard/native_runtime.py",
      "reachable": true
    },
    {
      "category": "transport_identity",
      "kind": "decode",
      "line": 393,
      "operation": "loads",
      "path": "src/codex_plugin_scanner/guard/native_runtime.py",
      "reachable": true
    },
    {
      "category": "transport_identity",
      "kind": "decode",
      "line": 634,
      "operation": "loads",
      "path": "src/codex_plugin_scanner/guard/native_runtime.py",
      "reachable": true
    },
    {
      "category": "transport_identity",
      "kind": "hash",
      "line": 678,
      "operation": "sha256",
      "path": "src/codex_plugin_scanner/guard/native_runtime.py",
      "reachable": true
    },
    {
      "category": "transport_identity",
      "kind": "filesystem",
      "line": 86,
      "operation": "lstat",
      "path": "src/codex_plugin_scanner/guard/native_runtime_identity.py",
      "reachable": true
    },
    {
      "category": "transport_identity",
      "kind": "filesystem",
      "line": 95,
      "operation": "lstat",
      "path": "src/codex_plugin_scanner/guard/native_runtime_identity.py",
      "reachable": true
    },
    {
      "category": "transport_identity",
      "kind": "filesystem",
      "line": 98,
      "operation": "open",
      "path": "src/codex_plugin_scanner/guard/native_runtime_identity.py",
      "reachable": true
    },
    {
      "category": "transport_identity",
      "kind": "filesystem",
      "line": 99,
      "operation": "read",
      "path": "src/codex_plugin_scanner/guard/native_runtime_identity.py",
      "reachable": true
    },
    {
      "category": "transport_identity",
      "kind": "filesystem",
      "line": 100,
      "operation": "lstat",
      "path": "src/codex_plugin_scanner/guard/native_runtime_identity.py",
      "reachable": true
    },
    {
      "category": "transport_identity",
      "kind": "hash",
      "line": 103,
      "operation": "sha256",
      "path": "src/codex_plugin_scanner/guard/native_runtime_identity.py",
      "reachable": true
    },
    {
      "category": "transport_identity",
      "kind": "filesystem",
      "line": 118,
      "operation": "lstat",
      "path": "src/codex_plugin_scanner/guard/native_runtime_identity.py",
      "reachable": true
    },
    {
      "category": "transport_identity",
      "kind": "filesystem",
      "line": 131,
      "operation": "read_text",
      "path": "src/codex_plugin_scanner/guard/native_runtime_identity.py",
      "reachable": true
    },
    {
      "category": "transport_identity",
      "kind": "filesystem",
      "line": 143,
      "operation": "stat",
      "path": "src/codex_plugin_scanner/guard/native_runtime_identity.py",
      "reachable": true
    },
    {
      "category": "transport_identity",
      "kind": "hash",
      "line": 69,
      "operation": "sha256",
      "path": "src/codex_plugin_scanner/guard/native_runtime_resilience.py",
      "reachable": true
    },
    {
      "category": "transport_identity",
      "kind": "filesystem",
      "line": 73,
      "operation": "resolve",
      "path": "src/codex_plugin_scanner/guard/native_runtime_resilience.py",
      "reachable": true
    },
    {
      "category": "persistence_only",
      "kind": "filesystem",
      "line": 42,
      "operation": "lstat",
      "path": "src/codex_plugin_scanner/guard/private_file_io.py",
      "reachable": true
    },
    {
      "category": "persistence_only",
      "kind": "filesystem",
      "line": 43,
      "operation": "lstat",
      "path": "src/codex_plugin_scanner/guard/private_file_io.py",
      "reachable": true
    },
    {
      "category": "persistence_only",
      "kind": "filesystem",
      "line": 53,
      "operation": "open",
      "path": "src/codex_plugin_scanner/guard/private_file_io.py",
      "reachable": true
    },
    {
      "category": "persistence_only",
      "kind": "filesystem",
      "line": 68,
      "operation": "read",
      "path": "src/codex_plugin_scanner/guard/private_file_io.py",
      "reachable": true
    },
    {
      "category": "persistence_only",
      "kind": "filesystem",
      "line": 84,
      "operation": "lstat",
      "path": "src/codex_plugin_scanner/guard/private_file_io.py",
      "reachable": true
    },
    {
      "category": "persistence_only",
      "kind": "decode",
      "line": 111,
      "operation": "decode",
      "path": "src/codex_plugin_scanner/guard/private_file_io.py",
      "reachable": true
    },
    {
      "category": "asynchronous_policy",
      "kind": "filesystem",
      "line": 134,
      "operation": "is_dir",
      "path": "src/codex_plugin_scanner/guard/runtime/command_activity_correlation.py",
      "reachable": true
    },
    {
      "category": "asynchronous_policy",
      "kind": "hash",
      "line": 141,
      "operation": "sha256",
      "path": "src/codex_plugin_scanner/guard/runtime/command_activity_correlation.py",
      "reachable": true
    },
    {
      "category": "asynchronous_policy",
      "kind": "decode",
      "line": 150,
      "operation": "decode",
      "path": "src/codex_plugin_scanner/guard/runtime/command_activity_correlation.py",
      "reachable": true
    },
    {
      "category": "asynchronous_policy",
      "kind": "filesystem",
      "line": 156,
      "operation": "lstat",
      "path": "src/codex_plugin_scanner/guard/runtime/command_activity_correlation.py",
      "reachable": true
    },
    {
      "category": "asynchronous_policy",
      "kind": "decode",
      "line": 161,
      "operation": "loads",
      "path": "src/codex_plugin_scanner/guard/runtime/command_activity_correlation.py",
      "reachable": true
    },
    {
      "category": "asynchronous_policy",
      "kind": "filesystem",
      "line": 161,
      "operation": "read_text",
      "path": "src/codex_plugin_scanner/guard/runtime/command_activity_correlation.py",
      "reachable": true
    },
    {
      "category": "asynchronous_policy",
      "kind": "decode",
      "line": 176,
      "operation": "b64decode",
      "path": "src/codex_plugin_scanner/guard/runtime/command_activity_correlation.py",
      "reachable": true
    },
    {
      "category": "asynchronous_policy",
      "kind": "hash",
      "line": 180,
      "operation": "sha256",
      "path": "src/codex_plugin_scanner/guard/runtime/command_activity_correlation.py",
      "reachable": true
    },
    {
      "category": "compatibility_only",
      "kind": "decode",
      "line": 311,
      "operation": "decode",
      "path": "src/codex_plugin_scanner/guard/runtime/hook_content_scanner.py",
      "reachable": true
    },
    {
      "category": "compatibility_only",
      "kind": "hash",
      "line": 78,
      "operation": "sha256",
      "path": "src/codex_plugin_scanner/guard/runtime/hook_decision_cache.py",
      "reachable": true
    },
    {
      "category": "compatibility_only",
      "kind": "hash",
      "line": 91,
      "operation": "sha256",
      "path": "src/codex_plugin_scanner/guard/runtime/hook_decision_cache.py",
      "reachable": true
    },
    {
      "category": "compatibility_only",
      "kind": "hash",
      "line": 100,
      "operation": "sha256",
      "path": "src/codex_plugin_scanner/guard/runtime/hook_decision_cache.py",
      "reachable": true
    },
    {
      "category": "transport_decode",
      "kind": "decode",
      "line": 99,
      "operation": "decode",
      "path": "src/codex_plugin_scanner/guard/runtime/hook_output_text.py",
      "reachable": true
    },
    {
      "category": "compatibility_only",
      "kind": "equivalence",
      "line": 89,
      "operation": "sha256_text",
      "path": "src/codex_plugin_scanner/guard/runtime/hook_source_read.py",
      "reachable": true
    },
    {
      "category": "compatibility_only",
      "kind": "hash",
      "line": 91,
      "operation": "sha256",
      "path": "src/codex_plugin_scanner/guard/runtime/hook_source_read.py",
      "reachable": true
    },
    {
      "category": "compatibility_only",
      "kind": "equivalence",
      "line": 94,
      "operation": "output_equivalent",
      "path": "src/codex_plugin_scanner/guard/runtime/hook_source_read.py",
      "reachable": true
    },
    {
      "category": "compatibility_only",
      "kind": "filesystem",
      "line": 178,
      "operation": "realpath",
      "path": "src/codex_plugin_scanner/guard/runtime/hook_source_read.py",
      "reachable": true
    },
    {
      "category": "compatibility_only",
      "kind": "filesystem",
      "line": 220,
      "operation": "stat",
      "path": "src/codex_plugin_scanner/guard/runtime/hook_source_read.py",
      "reachable": true
    },
    {
      "category": "compatibility_only",
      "kind": "filesystem",
      "line": 231,
      "operation": "read_bytes",
      "path": "src/codex_plugin_scanner/guard/runtime/hook_source_read.py",
      "reachable": true
    },
    {
      "category": "compatibility_only",
      "kind": "filesystem",
      "line": 239,
      "operation": "stat",
      "path": "src/codex_plugin_scanner/guard/runtime/hook_source_read.py",
      "reachable": true
    },
    {
      "category": "compatibility_only",
      "kind": "decode",
      "line": 252,
      "operation": "decode",
      "path": "src/codex_plugin_scanner/guard/runtime/hook_source_read.py",
      "reachable": true
    },
    {
      "category": "synchronous_posture_config",
      "kind": "filesystem",
      "line": 13,
      "operation": "resolve",
      "path": "src/codex_plugin_scanner/guard/runtime/local_temp_paths.py",
      "reachable": true
    },
    {
      "category": "synchronous_posture_config",
      "kind": "filesystem",
      "line": 21,
      "operation": "resolve",
      "path": "src/codex_plugin_scanner/guard/runtime/local_temp_paths.py",
      "reachable": true
    },
    {
      "category": "synchronous_posture_config",
      "kind": "filesystem",
      "line": 62,
      "operation": "is_dir",
      "path": "src/codex_plugin_scanner/guard/runtime/local_temp_paths.py",
      "reachable": true
    },
    {
      "category": "synchronous_posture_config",
      "kind": "filesystem",
      "line": 71,
      "operation": "stat",
      "path": "src/codex_plugin_scanner/guard/runtime/local_temp_paths.py",
      "reachable": true
    },
    {
      "category": "compatibility_only",
      "kind": "filesystem",
      "line": 94,
      "operation": "is_symlink",
      "path": "src/codex_plugin_scanner/guard/runtime/source_paths.py",
      "reachable": true
    },
    {
      "category": "compatibility_only",
      "kind": "filesystem",
      "line": 112,
      "operation": "is_symlink",
      "path": "src/codex_plugin_scanner/guard/runtime/source_paths.py",
      "reachable": true
    },
    {
      "category": "compatibility_only",
      "kind": "filesystem",
      "line": 131,
      "operation": "is_dir",
      "path": "src/codex_plugin_scanner/guard/runtime/source_paths.py",
      "reachable": true
    },
    {
      "category": "compatibility_only",
      "kind": "filesystem",
      "line": 131,
      "operation": "is_file",
      "path": "src/codex_plugin_scanner/guard/runtime/source_paths.py",
      "reachable": true
    },
    {
      "category": "compatibility_only",
      "kind": "filesystem",
      "line": 131,
      "operation": "is_symlink",
      "path": "src/codex_plugin_scanner/guard/runtime/source_paths.py",
      "reachable": true
    },
    {
      "category": "compatibility_only",
      "kind": "filesystem",
      "line": 166,
      "operation": "resolve",
      "path": "src/codex_plugin_scanner/guard/runtime/source_paths.py",
      "reachable": true
    },
    {
      "category": "compatibility_only",
      "kind": "filesystem",
      "line": 169,
      "operation": "resolve",
      "path": "src/codex_plugin_scanner/guard/runtime/source_paths.py",
      "reachable": true
    },
    {
      "category": "compatibility_only",
      "kind": "filesystem",
      "line": 173,
      "operation": "resolve",
      "path": "src/codex_plugin_scanner/guard/runtime/source_paths.py",
      "reachable": true
    },
    {
      "category": "compatibility_only",
      "kind": "filesystem",
      "line": 227,
      "operation": "is_file",
      "path": "src/codex_plugin_scanner/guard/runtime/source_paths.py",
      "reachable": true
    },
    {
      "category": "compatibility_only",
      "kind": "filesystem",
      "line": 227,
      "operation": "is_symlink",
      "path": "src/codex_plugin_scanner/guard/runtime/source_paths.py",
      "reachable": true
    },
    {
      "category": "compatibility_only",
      "kind": "filesystem",
      "line": 231,
      "operation": "resolve",
      "path": "src/codex_plugin_scanner/guard/runtime/source_paths.py",
      "reachable": true
    },
    {
      "category": "compatibility_only",
      "kind": "filesystem",
      "line": 237,
      "operation": "resolve",
      "path": "src/codex_plugin_scanner/guard/runtime/source_paths.py",
      "reachable": true
    },
    {
      "category": "compatibility_only",
      "kind": "filesystem",
      "line": 262,
      "operation": "resolve",
      "path": "src/codex_plugin_scanner/guard/runtime/source_paths.py",
      "reachable": true
    },
    {
      "category": "compatibility_only",
      "kind": "filesystem",
      "line": 273,
      "operation": "resolve",
      "path": "src/codex_plugin_scanner/guard/runtime/source_paths.py",
      "reachable": true
    },
    {
      "category": "compatibility_only",
      "kind": "filesystem",
      "line": 276,
      "operation": "is_dir",
      "path": "src/codex_plugin_scanner/guard/runtime/source_paths.py",
      "reachable": true
    },
    {
      "category": "compatibility_only",
      "kind": "filesystem",
      "line": 284,
      "operation": "exists",
      "path": "src/codex_plugin_scanner/guard/runtime/source_paths.py",
      "reachable": true
    },
    {
      "category": "compatibility_only",
      "kind": "filesystem",
      "line": 284,
      "operation": "is_dir",
      "path": "src/codex_plugin_scanner/guard/runtime/source_paths.py",
      "reachable": true
    },
    {
      "category": "compatibility_only",
      "kind": "filesystem",
      "line": 284,
      "operation": "is_file",
      "path": "src/codex_plugin_scanner/guard/runtime/source_paths.py",
      "reachable": true
    },
    {
      "category": "compatibility_only",
      "kind": "filesystem",
      "line": 319,
      "operation": "resolve",
      "path": "src/codex_plugin_scanner/guard/runtime/source_paths.py",
      "reachable": true
    },
    {
      "category": "compatibility_only",
      "kind": "filesystem",
      "line": 322,
      "operation": "exists",
      "path": "src/codex_plugin_scanner/guard/runtime/source_paths.py",
      "reachable": true
    }
  ],
  "inventory_by_category": {
    "approval_identity": 1,
    "asynchronous_policy": 64,
    "compatibility_only": 33,
    "continuation_endpoint_identity": 7,
    "continuation_process_identity": 4,
    "continuation_protocol_identity": 2,
    "continuation_transport_decode": 1,
    "persistence_only": 10,
    "synchronous_authority_fence": 6,
    "synchronous_control_durability": 1,
    "synchronous_posture_config": 34,
    "transport_decode": 4,
    "transport_identity": 50,
    "transport_integrity": 2,
    "unclassified_python_content_io": 660,
    "unclassified_python_io": 3017
  },
  "inventory_total": 3896,
  "native_modes": [
    "auto",
    "force"
  ],
  "reachable_function_count": 452,
  "roots": [
    "src/codex_plugin_scanner/guard/daemon/hook_worker.py:review_http_payload",
    "src/codex_plugin_scanner/guard/daemon/hook_worker.py:_review_post_tool_http",
    "src/codex_plugin_scanner/guard/native_hook_edge.py:review_raw_hook_native",
    "src/codex_plugin_scanner/guard/native_runtime.py:review_post_tool_native",
    "src/codex_plugin_scanner/guard/native_resident_client.py:native_resident_client_request",
    "src/codex_plugin_scanner/guard/cli/commands_hook_native_authority.py:try_native_hook_authority",
    "src/codex_plugin_scanner/guard/cli/commands_hook_native_authority.py:try_native_or_source_ref_hook",
    "src/codex_plugin_scanner/guard/daemon/hook_availability_policy.py:hook_review_is_recording_only",
    "src/codex_plugin_scanner/guard/daemon/config_read_scope.py:read_toml",
    "src/codex_plugin_scanner/guard/daemon/config_read_scope.py:__call__",
    "src/codex_plugin_scanner/guard/daemon/config_read_scope.py:_validate_held_parent",
    "src/codex_plugin_scanner/guard/daemon/codex_native_live_decision.py:complete_native_codex_live_decision"
  ],
  "schema": "hol-guard.decision-critical-io.v1",
  "status": "passed"
}
