{
  "complete_fixed_campaign": false,
  "completed_cells": 19,
  "failed_cells": 1,
  "never_attempted_cells": 44,
  "independently_checked_completed_pairs": 9,
  "collector_emitted_comparisons": 0,
  "requests": {
    "planned": 1108,
    "attempted": 401,
    "accepted_completed_cells": 400,
    "observed_responses_completed_cells": 400,
    "observed_forwards_completed_cells": 400,
    "failed_cell_expected": 4,
    "failed_cell_attempted": 1,
    "failed_cell_observed_responses": 0,
    "failed_cell_observed_forwards": 0,
    "unattempted_inside_failed_cell": 3,
    "in_never_attempted_cells": 704
  },
  "arm_counts": {
    "B": {
      "cells": 9,
      "accepted": 198,
      "progress_notifications": 198,
      "cold_calls": 9,
      "warm_calls": 189,
      "cancelled": 0,
      "invalidated": 0,
      "errors": 0,
      "counters": {}
    },
    "F": {
      "cells": 10,
      "accepted": 202,
      "progress_notifications": 202,
      "cold_calls": 10,
      "warm_calls": 192,
      "cancelled": 0,
      "invalidated": 0,
      "errors": 0,
      "counters": {
        "requests_admitted": 202,
        "category_derivations": 202,
        "preparations_completed": 202,
        "bound_forwards": 202
      }
    }
  },
  "comparison_sha256": "ffb06c3889fc1895a04a0bb7dd4d3df4b25cc1d950c8f636bbe13c2458085865"
}
