..s...s...s............................................................. [ 47%]
...................................................................F.... [ 95%]
.......                                                                  [100%]
================================== FAILURES ===================================
__ test_actual_writer_matches_original_destination_outcomes[crt_destination] __

tmp_path = WindowsPath('C:/Users/runneradmin/AppData/Local/Temp/pytest-of-runneradmin/pytest-0/test_actual_writer_matches_ori2')
record_property = <function record_property.<locals>.append_property at 0x000001C0DF8355A0>
probe_child = None, case = 'crt_destination'

    @pytest.mark.parametrize(
        "case", ["unheld", "missing", "crt_destination", "readonly_destination", "directory_destination"]
    )
    def test_actual_writer_matches_original_destination_outcomes(tmp_path, record_property, probe_child, case):
        results = []
        for candidate in (False, True):
            home = tmp_path / ("candidate" if candidate else "original")
            manager._ensure_private_directory(home)
            target = home / "daemon-auth-token"
            if case == "directory_destination":
                target.mkdir()
            elif case != "missing":
                manager._write_private_atomic_text(target, original._OLD)
            held = None
            if case == "crt_destination":
                held = os.open(target, os.O_RDONLY)
            if case == "readonly_destination":
                target.chmod(stat.S_IREAD)
            label = "candidate" if candidate else "original"
            try:
                extra = [] if candidate else ["--original-writer"]
                code, report = original._run_child(
                    target, "--operation", "writer", *extra, record_property=record_property, label=label
                )
                assert isinstance(report, dict)
                record_property(f"{label}_writer_report", json.dumps(report, sort_keys=True))
                record_property(f"{label}_writer_exit_code", code)
                assert report["writer_calls"] == report["replace_calls"] == 1
                assert report["writer_locked"] and report["writer_fd_closed_before_replace"]
                assert report["temporary_siblings_removed"]
                assert report["original_exception_identity_preserved"]
                assert report["reference_writer"] is not candidate
                native = report["probe"]
                assert native["writer_snapshot_taken"] is candidate
                assert native["owned_handles_remaining"] == 0
                assert native["volume_queries"] == int(candidate)
                assert native["opens"] == native["closes"] == (2 if candidate else 0)
                assert native["rename_calls"] == int(candidate)
                if candidate:
                    assert native["volume_query_succeeded"] is True and native["volume_flags"] & 0x400
                if case in ("unheld", "missing"):
                    assert code == 0
                    assert report["replace_returned"] and native["rename_returned"] is candidate
                    assert report["error"] is None
                    assert target.read_text(encoding="utf-8") == original._NEW
                else:
                    assert code == 1
                    assert report["replace_returned"] is native["rename_returned"] is False
                    if case == "crt_destination":
                        # Retain both real errors before the exact comparison below.
                        assert report["error"]["kind"] == "PermissionError"
                        assert report["error"]["errno"] == 13
                        assert type(report["error"]["winerror"]) is int
                    else:
                        assert report["error"] == {"kind": "PermissionError", "errno": 13, "winerror": 5}
                    if case == "directory_destination":
                        assert target.is_dir() and not list(target.iterdir())
                    else:
                        assert target.read_text(encoding="utf-8") == original._OLD
                results.append(
                    (code, {key: value for key, value in report.items() if key not in ("probe", "reference_writer")})
                )
            finally:
                if held is not None:
                    os.close(held)
                    record_property(f"{label}_destination_crt_reader_closed", True)
                if case == "readonly_destination":
                    target.chmod(stat.S_IREAD | stat.S_IWRITE)
                record_property(f"{label}_temporary_siblings_removed", not list(home.glob(".daemon-auth-token.*")))
        record_property("original_candidate_exact_result_parity", results[0] == results[1])
>       assert results[0] == results[1]
E       AssertionError: assert (1, {'error':...lls': 1, ...}) == (1, {'error':...lls': 1, ...})
E         
E         At index 1 diff: {'error': {'errno': 13, 'kind': 'PermissionError', 'winerror': 5}, 'operation': 'writer', 'original_exception_identity_preserved': True, 'replace_calls': 1, 'replace_returned': False, 'schema': 1, 'source_reader_closed': False, 'source_reader_opened': False, 'temporary_siblings_removed': True, 'writer_calls': 1, 'writer_fd_closed_before_replace': True, 'writer_locked': True} != {'error': {'errno': 13, 'kind': 'PermissionError', 'winerror': 32}, 'operation': 'writer', 'original_exception_identity_preserved': True, 'replace_calls': 1, 'replace_returned': False, 'schema': 1, 'source_reader_closed': False, 'source_reader_opened': False, 'temporary_siblings_removed': True, 'writer_calls': 1, 'writer_fd_closed_before_replace': True, 'writer_locked': True}
E         
E         Full diff:
E           (
E               1,
E               {
E                   'error': {
E                       'errno': 13,
E                       'kind': 'PermissionError',
E         -             'winerror': 32,
E         ?                         ^^
E         +             'winerror': 5,
E         ?                         ^
E                   },
E                   'operation': 'writer',
E                   'original_exception_identity_preserved': True,
E                   'replace_calls': 1,
E                   'replace_returned': False,
E                   'schema': 1,
E                   'source_reader_closed': False,
E                   'source_reader_opened': False,
E                   'temporary_siblings_removed': True,
E                   'writer_calls': 1,
E                   'writer_fd_closed_before_replace': True,
E                   'writer_locked': True,
E               },
E           )

tests\test_windows_atomic_replace_process.py:177: AssertionError
=========================== short test summary info ===========================
FAILED tests/test_windows_atomic_replace_process.py::test_actual_writer_matches_original_destination_outcomes[crt_destination] - AssertionError: assert (1, {'error':...lls': 1, ...}) == (1, {'error':...lls': 1, ...})
  
  At index 1 diff: {'error': {'errno': 13, 'kind': 'PermissionError', 'winerror': 5}, 'operation': 'writer', 'original_exception_identity_preserved': True, 'replace_calls': 1, 'replace_returned': False, 'schema': 1, 'source_reader_closed': False, 'source_reader_opened': False, 'temporary_siblings_removed': True, 'writer_calls': 1, 'writer_fd_closed_before_replace': True, 'writer_locked': True} != {'error': {'errno': 13, 'kind': 'PermissionError', 'winerror': 32}, 'operation': 'writer', 'original_exception_identity_preserved': True, 'replace_calls': 1, 'replace_returned': False, 'schema': 1, 'source_reader_closed': False, 'source_reader_opened': False, 'temporary_siblings_removed': True, 'writer_calls': 1, 'writer_fd_closed_before_replace': True, 'writer_locked': True}
  
  Full diff:
    (
        1,
        {
            'error': {
                'errno': 13,
                'kind': 'PermissionError',
  -             'winerror': 32,
  ?                         ^^
  +             'winerror': 5,
  ?                         ^
            },
            'operation': 'writer',
            'original_exception_identity_preserved': True,
            'replace_calls': 1,
            'replace_returned': False,
            'schema': 1,
            'source_reader_closed': False,
            'source_reader_opened': False,
            'temporary_siblings_removed': True,
            'writer_calls': 1,
            'writer_fd_closed_before_replace': True,
            'writer_locked': True,
        },
    )
1 failed, 147 passed, 3 skipped in 17.43s
