I001 [*] Import block is un-sorted or un-formatted
  --> reader_controls/test_admission.py:3:1
   |
 1 |   """Synthetic reader controls; no native lifecycle or timing is executed."""
 2 |
 3 | / from __future__ import annotations
 4 | |
 5 | | import copy
 6 | | import hashlib
 7 | | import json
 8 | | from typing import Any
 9 | |
10 | | import pytest
11 | | from scripts.native_slo_workspace_decision import join_decisions
12 | | from scripts.native_slo_workspace_lifecycle_evidence import retain_cell
13 | | from scripts.native_slo_workspace_trace import event_digest
14 | |
15 | | from admission import SCENARIOS, SELECTED_SCENARIOS, MemoryLedger, admit, decode, reconstruct
   | |_____________________________________________________________________________________________^
16 |
17 |   pytest_plugins = ["tests.test_native_slo_workspace_lifecycle_evidence"]
   |
help: Organize imports

I001 [*] Import block is un-sorted or un-formatted
  --> reader_controls/test_install.py:3:1
   |
 1 |   """Bounded archive/source admission controls; fake runtime bytes never execute."""
 2 |
 3 | / from __future__ import annotations
 4 | |
 5 | | import hashlib
 6 | | import io
 7 | | import json
 8 | | import zipfile
 9 | | from pathlib import Path
10 | | from typing import Any
11 | |
12 | | import pytest
13 | |
14 | | from install import SOURCE_EXCLUSION, admitted_wheel, inspect_install
   | |_____________________________________________________________________^
   |
help: Organize imports

Found 2 errors.
[*] 2 fixable with the `--fix` option.
