reader_controls/test_capture.py::test_same_arguments_and_return_object
reader_controls/test_capture.py::test_original_base_exception_identity_survives_recording_failure
reader_controls/test_capture.py::test_nested_mutation_does_not_rewrite_projection_or_export_private_values
reader_controls/test_capture.py::test_closed_projection_rejects_unknown_or_over_bound[opaque]
reader_controls/test_capture.py::test_closed_projection_rejects_unknown_or_over_bound[nonstring_key]
reader_controls/test_capture.py::test_closed_projection_rejects_unknown_or_over_bound[nonfinite]
reader_controls/test_capture.py::test_closed_projection_rejects_unknown_or_over_bound[nodes]
reader_controls/test_capture.py::test_closed_projection_rejects_unknown_or_over_bound[text]
reader_controls/test_capture.py::test_custom_mapping_and_hash_hooks_never_called
reader_controls/test_capture.py::test_lock_contention_does_not_skip_original
reader_controls/test_capture.py::test_publisher_try_lock_loss_remains_incomplete
reader_controls/test_capture.py::test_overflow_and_inflight_freeze_cannot_pass
reader_controls/test_capture.py::test_local_clock_returns_same_values_and_sleeps_global_untouched
reader_controls/test_capture.py::test_unknown_actual_code_object_is_refused
reader_controls/test_capture.py::test_freeze_projection_failure_does_not_replace_original_return
reader_controls/test_dispatch.py::test_setup_failure_forwards_same_dispatch_once
reader_controls/test_dispatch.py::test_retention_failure_does_not_mask_original_exception
reader_controls/test_dispatch.py::test_restore_failure_keeps_original_result
reader_controls/test_dispatch.py::test_exact_two_entrypoint_rewrites_preserve_all_original_args
reader_controls/test_dispatch.py::test_stale_source_hash_refused_before_install
reader_controls/test_install.py::test_exact_archive_wheel_runtime_source_and_empty_initializer_are_admitted
reader_controls/test_install.py::test_any_mismatched_archive_or_executable_or_source_is_refused[archive]
reader_controls/test_install.py::test_any_mismatched_archive_or_executable_or_source_is_refused[source]
reader_controls/test_install.py::test_any_mismatched_archive_or_executable_or_source_is_refused[runtime]
reader_controls/test_install.py::test_any_mismatched_archive_or_executable_or_source_is_refused[manifest]
reader_controls/test_install.py::test_any_mismatched_archive_or_executable_or_source_is_refused[package_roster]
reader_controls/test_install.py::test_any_mismatched_archive_or_executable_or_source_is_refused[traversal]
reader_controls/test_install.py::test_any_mismatched_archive_or_executable_or_source_is_refused[omitted_module]
reader_controls/test_install.py::test_any_mismatched_archive_or_executable_or_source_is_refused[excluded_included]
reader_controls/test_install.py::test_any_mismatched_archive_or_executable_or_source_is_refused[exclusion_removed]
reader_controls/test_install.py::test_any_mismatched_archive_or_executable_or_source_is_refused[exclusion_extra]
reader_controls/test_invalidation.py::test_actual_input_change_branch_only_observes_existing_calls[none_initial-None-empty_or_none_database_marker-False-True-1]
reader_controls/test_invalidation.py::test_actual_input_change_branch_only_observes_existing_calls[none_changed-None-empty_or_none_database_marker-True-False-1]
reader_controls/test_invalidation.py::test_actual_input_change_branch_only_observes_existing_calls[empty_changed-changed2-empty_or_none_database_marker-True-False-1]
reader_controls/test_invalidation.py::test_actual_input_change_branch_only_observes_existing_calls[database_same-changed3-database_paths_marker-False-None-1]
reader_controls/test_invalidation.py::test_actual_input_change_branch_only_observes_existing_calls[database_changed-changed4-database_paths_marker-True-False-1]
reader_controls/test_invalidation.py::test_actual_input_change_branch_only_observes_existing_calls[database_and_control-changed5-database_paths_marker-False-True-1]
reader_controls/test_invalidation.py::test_actual_input_change_branch_only_observes_existing_calls[control_only-changed6-control_marker_only_compile-False-True-0]
reader_controls/test_invalidation.py::test_actual_input_change_branch_only_observes_existing_calls[config-changed7-non_database_metadata_force-True-False-0]
reader_controls/test_invalidation.py::test_actual_input_change_branch_only_observes_existing_calls[other-changed8-non_database_metadata_force-True-False-0]
reader_controls/test_invalidation.py::test_changed_set_is_frozen_without_mutating_original
reader_controls/test_invalidation.py::test_projection_refusal_preserves_original_call_result_or_error[None]
reader_controls/test_invalidation.py::test_projection_refusal_preserves_original_call_result_or_error[error1]
reader_controls/test_invalidation.py::test_changed_path_projection_refuses_shape_or_bound[value0]
reader_controls/test_invalidation.py::test_changed_path_projection_refuses_shape_or_bound[value1]
reader_controls/test_invalidation.py::test_changed_path_projection_refuses_shape_or_bound[value2]
reader_controls/test_invalidation.py::test_changed_path_projection_refuses_shape_or_bound[value3]
reader_controls/test_invalidation.py::test_marker_projection_refuses_arbitrary_values[PRIVATE]
reader_controls/test_invalidation.py::test_marker_projection_refuses_arbitrary_values[1]
reader_controls/test_invalidation.py::test_marker_projection_refuses_arbitrary_values[True]
reader_controls/test_invalidation.py::test_marker_projection_refuses_arbitrary_values[aaaaaaaaaaaaaaaaaaaaaaaaaaaaaaaaaaaaaaaaaaaaaaaaaaaaaaaaaaaaaaaaa]
reader_controls/test_predicates.py::test_actual_signed_readbacks_all_original_positive_calls
reader_controls/test_predicates.py::test_original_refusals_and_skipped_final_predicates[minimum]
reader_controls/test_predicates.py::test_original_refusals_and_skipped_final_predicates[action]
reader_controls/test_predicates.py::test_original_refusals_and_skipped_final_predicates[strict]
reader_controls/test_predicates.py::test_original_refusals_and_skipped_final_predicates[readback]
reader_controls/test_predicates.py::test_original_refusals_and_skipped_final_predicates[withdrawn]
reader_controls/test_predicates.py::test_original_refusals_and_skipped_final_predicates[deadline]
reader_controls/test_predicates.py::test_getter_counts_equal_unobserved_original_and_observed
reader_controls/test_predicates.py::test_owned_background_identity_and_nonowned_forwarding
reader_controls/test_predicates.py::test_actual_prepare_exception_and_restore_identity
reader_controls/test_predicates.py::test_lost_hint_fault_still_masks_only_metadata
reader_controls/test_predicates.py::test_authority_withdrawal_during_actual_readback_refuses_final_fence
reader_controls/test_reader.py::test_complete_diagnostic_keeps_original_failed_verdict
reader_controls/test_reader.py::test_incomplete_or_changed_observation_is_refused[lost]
reader_controls/test_reader.py::test_incomplete_or_changed_observation_is_refused[overflow]
reader_controls/test_reader.py::test_incomplete_or_changed_observation_is_refused[active]
reader_controls/test_reader.py::test_incomplete_or_changed_observation_is_refused[unknown]
reader_controls/test_reader.py::test_incomplete_or_changed_observation_is_refused[parent]
reader_controls/test_reader.py::test_incomplete_or_changed_observation_is_refused[original]
reader_controls/test_reader.py::test_incomplete_or_changed_observation_is_refused[count]
reader_controls/test_reader.py::test_incomplete_or_changed_observation_is_refused[missing]
reader_controls/test_reader.py::test_incomplete_or_changed_observation_is_refused[restore]
reader_controls/test_reader.py::test_incomplete_or_changed_observation_is_refused[containment]
reader_controls/test_registry_coverage.py::test_actual_original_call_site_rejected_then_explicitly_registered[publication_context-False]
reader_controls/test_registry_coverage.py::test_actual_original_call_site_rejected_then_explicitly_registered[publication_context-True]
reader_controls/test_registry_coverage.py::test_actual_original_call_site_rejected_then_explicitly_registered[native_hook_prepare-False]
reader_controls/test_registry_coverage.py::test_actual_original_call_site_rejected_then_explicitly_registered[native_hook_prepare-True]
reader_controls/test_registry_coverage.py::test_actual_original_call_site_rejected_then_explicitly_registered[failure_reason-False]
reader_controls/test_registry_coverage.py::test_actual_original_call_site_rejected_then_explicitly_registered[failure_reason-True]
reader_controls/test_workload.py::test_exact_original_invocation_and_failure_preservation[return]
reader_controls/test_workload.py::test_exact_original_invocation_and_failure_preservation[exception]
reader_controls/test_workload.py::test_exact_original_invocation_and_failure_preservation[setup]
reader_controls/test_workload.py::test_exact_original_invocation_and_failure_preservation[export]

84 tests collected in 4.79s
