   Compiling cfg-if v1.0.4
   Compiling typenum v1.20.1
   Compiling memchr v2.8.3
   Compiling generic-array v0.14.7
   Compiling libc v0.2.189
   Compiling block-buffer v0.10.4
   Compiling crypto-common v0.1.7
   Compiling digest v0.10.7
   Compiling cpufeatures v0.2.17
   Compiling sha2 v0.10.9
   Compiling hex v0.4.3
   Compiling serde_core v1.0.229
   Compiling zmij v1.0.23
   Compiling itoa v1.0.18
   Compiling thiserror v2.0.20
   Compiling memoffset v0.9.1
   Compiling guard-rules v0.1.0 (/home/runner/work/hol-guard/hol-guard/candidate/rust/crates/guard-rules)
   Compiling aho-corasick v1.1.5
   Compiling serde v1.0.229
   Compiling serde_json v1.0.151
   Compiling regex-syntax v0.8.11
   Compiling bitflags v2.13.1
   Compiling nix v0.31.3
   Compiling regex-automata v0.4.18
   Compiling guard-contracts v0.1.0 (/home/runner/work/hol-guard/hol-guard/candidate/rust/crates/guard-contracts)
   Compiling regex v1.13.1
   Compiling guard-secure-fs v0.1.0 (/home/runner/work/hol-guard/hol-guard/candidate/rust/crates/guard-secure-fs)
   Compiling guard-scanner v0.1.0 (/home/runner/work/hol-guard/hol-guard/candidate/rust/crates/guard-scanner)
   Compiling getrandom v0.2.17
   Compiling untrusted v0.9.0
   Compiling ring v0.17.14
   Compiling guard-hook-core v0.1.0 (/home/runner/work/hol-guard/hol-guard/candidate/rust/crates/guard-hook-core)
   Compiling getrandom v0.3.4
   Compiling guard-command v0.1.0 (/home/runner/work/hol-guard/hol-guard/candidate/rust/crates/guard-command)
   Compiling guard-policy-snapshot v0.1.0 (/home/runner/work/hol-guard/hol-guard/candidate/rust/crates/guard-policy-snapshot)
   Compiling guard-rule-contract v0.1.0 (/home/runner/work/hol-guard/hol-guard/candidate/rust/crates/guard-rule-contract)
   Compiling sysinfo v0.37.2
   Compiling fs2 v0.4.3
   Compiling stats_alloc v0.1.10
   Compiling guard-runtime-windows-process v0.1.0 (/home/runner/work/hol-guard/hol-guard/candidate/rust/crates/guard-runtime-windows-process)
   Compiling hol-guard-runtime v0.1.0 (/home/runner/work/hol-guard/hol-guard/candidate/rust/crates/guard-runtime)
    Finished `test` profile [unoptimized + debuginfo] target(s) in 19.21s
     Running unittests src/main.rs (/home/runner/work/_temp/encrypted-source-output/target/debug/deps/hol_guard_runtime-7ff169581b409b4c)
