
running 43 tests
test edge::encrypted::private_file::tests::actual_private_regular_file_is_read_without_mutation ... ok
test edge::encrypted::private_file::tests::arbitrary_lexical_alias_to_temporary_root_is_refused ... ok
test edge::encrypted::private_file::tests::fifo_is_opened_nonblocking_then_refused ... ok
test edge::encrypted::private_file::tests::file_and_directory_permissions_are_checked_on_owned_handles ... ok
test edge::encrypted::private_file::tests::file_replacement_after_open_is_refused ... ok
test edge::encrypted::private_file::tests::multiply_linked_file_and_non_regular_objects_are_refused ... ok
test edge::encrypted::private_file::tests::original_deadline_is_not_restarted_after_open ... ok
test edge::encrypted::private_file::tests::private_parent_replacement_after_open_is_refused ... ok
test edge::encrypted::private_file::tests::relative_traversal_unowned_prefix_and_nested_directory_are_refused ... ok
test edge::encrypted::private_file::tests::same_descriptor_growth_and_permission_changes_are_refused ... ok
test edge::encrypted::private_file::tests::size_limit_is_enforced_before_and_during_bounded_read ... ok
test edge::encrypted::private_file::tests::symlink_file_and_parent_are_refused_without_following ... ok
test edge::encrypted::tests::authenticated_inner_uses_unchanged_policy_join_and_intrinsic_floor ... ok
test edge::encrypted::tests::authenticated_json_event_length_and_outer_copies_remain_bound ... ok
test edge::encrypted::tests::both_producer_harnesses_scan_inner_output_but_receipt_commits_outer ... ok
test edge::encrypted::tests::canonical_fixed_base64url_rejects_aliases_and_wrong_lengths ... ok
test edge::encrypted::tests::ciphertext_hash_and_authentication_are_independent_gates ... ok
test edge::encrypted::tests::decrypts_actual_node_aes_gcm_known_answer_and_js_utf16_length ... ok
test edge::encrypted::tests::original_expired_deadline_wins_before_reference_access ... ok
test edge::encrypted::tests::pretool_and_other_harness_references_remain_unsupported ... ok
test edge::encrypted::tests::reference_schema_types_and_closed_fields_are_checked ... ok
test edge::encrypted::tests::source_full_read_tail_secret_and_changed_source_oracles_remain_active ... ok
test edge::encrypted::tests::wrong_key_nonce_and_tag_never_produce_plaintext ... ok
test edge::identity::tests::borrowed_identity_binds_source_policy_and_arbitrary_json_values ... ok
test edge::identity::tests::borrowed_identity_preserves_legacy_bytes_and_root_only_omissions ... ok
test edge::identity::tests::malformed_payload_and_explicit_request_ids_keep_error_contract ... ok
test edge::identity::tests::streamed_envelope_size_preserves_exact_limit_and_rejects_one_extra_byte ... ok
test edge::serialization::tests::borrowed_canonical_values_match_existing_bytes_for_every_json_kind ... ok
test edge::serialization::tests::counting_rejects_overflow_and_excess_without_partial_success ... ok
test edge::serialization::tests::serializer_failure_is_not_accepted_as_a_short_encoding ... ok
test edge::tests::evaluates_complete_cursor_file_envelope_as_native_generic_result ... ok
test edge::tests::evaluates_cursor_dotenv_read_as_sensitive_review ... ok
test edge::tests::evaluates_generic_pretool_for_supported_harness_aliases ... ok
test edge::tests::ingress_time_consumes_the_original_edge_deadline ... ok
test edge::tests::normalizes_harness_event_and_extracts_pretool_command ... ok
test edge::tests::rejects_conflicting_payload_event_aliases ... ok
test edge::tests::rejects_declared_and_payload_event_mismatch ... ok
test edge::tests::rejects_malformed_source_reference_before_review ... ok
test edge::tests::rejects_unknown_harness_before_command_evaluation ... ok
test edge::tests::request_digest_excludes_deadline_and_json_field_order ... ok
test edge::tests::request_digest_excludes_root_adapter_timestamps_but_binds_nested_arguments ... ok
test edge::tests::unknown_and_ambiguous_pretool_payloads_never_receive_an_allow_floor ... ok
test edge::tests::validated_identity_retains_cross_language_golden_digest ... ok

test result: ok. 43 passed; 0 failed; 0 ignored; 0 measured; 190 filtered out; finished in 11.84s

