edge::encrypted::private_file::tests::actual_private_regular_file_is_read_without_mutation: test
edge::encrypted::private_file::tests::arbitrary_lexical_alias_to_temporary_root_is_refused: test
edge::encrypted::private_file::tests::fifo_is_opened_nonblocking_then_refused: test
edge::encrypted::private_file::tests::file_and_directory_permissions_are_checked_on_owned_handles: test
edge::encrypted::private_file::tests::file_replacement_after_open_is_refused: test
edge::encrypted::private_file::tests::multiply_linked_file_and_non_regular_objects_are_refused: test
edge::encrypted::private_file::tests::original_deadline_is_not_restarted_after_open: test
edge::encrypted::private_file::tests::private_parent_replacement_after_open_is_refused: test
edge::encrypted::private_file::tests::relative_traversal_unowned_prefix_and_nested_directory_are_refused: test
edge::encrypted::private_file::tests::same_descriptor_growth_and_permission_changes_are_refused: test
edge::encrypted::private_file::tests::size_limit_is_enforced_before_and_during_bounded_read: test
edge::encrypted::private_file::tests::symlink_file_and_parent_are_refused_without_following: test
edge::encrypted::tests::authenticated_inner_uses_unchanged_policy_join_and_intrinsic_floor: test
edge::encrypted::tests::authenticated_json_event_length_and_outer_copies_remain_bound: test
edge::encrypted::tests::both_producer_harnesses_scan_inner_output_but_receipt_commits_outer: test
edge::encrypted::tests::canonical_fixed_base64url_rejects_aliases_and_wrong_lengths: test
edge::encrypted::tests::ciphertext_hash_and_authentication_are_independent_gates: test
edge::encrypted::tests::decrypts_actual_node_aes_gcm_known_answer_and_js_utf16_length: test
edge::encrypted::tests::original_expired_deadline_wins_before_reference_access: test
edge::encrypted::tests::pretool_and_other_harness_references_remain_unsupported: test
edge::encrypted::tests::reference_schema_types_and_closed_fields_are_checked: test
edge::encrypted::tests::source_full_read_tail_secret_and_changed_source_oracles_remain_active: test
edge::encrypted::tests::wrong_key_nonce_and_tag_never_produce_plaintext: test
edge::identity::tests::borrowed_identity_binds_source_policy_and_arbitrary_json_values: test
edge::identity::tests::borrowed_identity_preserves_legacy_bytes_and_root_only_omissions: test
edge::identity::tests::malformed_payload_and_explicit_request_ids_keep_error_contract: test
edge::identity::tests::streamed_envelope_size_preserves_exact_limit_and_rejects_one_extra_byte: test
edge::serialization::tests::borrowed_canonical_values_match_existing_bytes_for_every_json_kind: test
edge::serialization::tests::counting_rejects_overflow_and_excess_without_partial_success: test
edge::serialization::tests::serializer_failure_is_not_accepted_as_a_short_encoding: test
edge::tests::evaluates_complete_cursor_file_envelope_as_native_generic_result: test
edge::tests::evaluates_cursor_dotenv_read_as_sensitive_review: test
edge::tests::evaluates_generic_pretool_for_supported_harness_aliases: test
edge::tests::ingress_time_consumes_the_original_edge_deadline: test
edge::tests::normalizes_harness_event_and_extracts_pretool_command: test
edge::tests::rejects_conflicting_payload_event_aliases: test
edge::tests::rejects_declared_and_payload_event_mismatch: test
edge::tests::rejects_malformed_source_reference_before_review: test
edge::tests::rejects_unknown_harness_before_command_evaluation: test
edge::tests::request_digest_excludes_deadline_and_json_field_order: test
edge::tests::request_digest_excludes_root_adapter_timestamps_but_binds_nested_arguments: test
edge::tests::unknown_and_ambiguous_pretool_payloads_never_receive_an_allow_floor: test
edge::tests::validated_identity_retains_cross_language_golden_digest: test

43 tests, 0 benchmarks
