{
  "dynamic_probes": [
    "safe_receipt",
    "safe_evidence",
    "safe_metrics",
    "raw_command",
    "private_path",
    "secret",
    "raw_source"
  ],
  "excluded_fields": [
    "raw_payload",
    "command",
    "prompt",
    "path",
    "source",
    "content",
    "secret",
    "token",
    "private_path"
  ],
  "schema": "hol-guard.native-hook-io-privacy.v1",
  "static_serializers": [
    "src/codex_plugin_scanner/guard/daemon/runtime_hook_evidence_journal.py",
    "src/codex_plugin_scanner/guard/runtime/hook_enrichment_queue.py",
    "src/codex_plugin_scanner/guard/daemon/hook_metrics.py",
    "src/codex_plugin_scanner/guard/daemon/hook_metrics.py"
  ],
  "status": "passed"
}
