/workspace/scratch/745337b67ff9/hol-guard/scripts/native_slo_corpus_identity.py
  /workspace/scratch/745337b67ff9/hol-guard/scripts/native_slo_corpus_identity.py:26:51 - warning: Argument type is unknown
    Argument corresponds to parameter "o" in function "__init__" (reportUnknownArgumentType)
  /workspace/scratch/745337b67ff9/hol-guard/scripts/native_slo_corpus_identity.py:26:71 - warning: Type of "key" is unknown (reportUnknownVariableType)
/workspace/scratch/745337b67ff9/hol-guard/scripts/native_slo_resources.py
  /workspace/scratch/745337b67ff9/hol-guard/scripts/native_slo_resources.py:24:5 - warning: Return type is Any (reportAny)
  /workspace/scratch/745337b67ff9/hol-guard/scripts/native_slo_resources.py:24:18 - warning: Type `Any` is not allowed (reportExplicitAny)
  /workspace/scratch/745337b67ff9/hol-guard/scripts/native_slo_resources.py:53:15 - warning: Type of parameter "process" is Any (reportAny)
  /workspace/scratch/745337b67ff9/hol-guard/scripts/native_slo_resources.py:53:24 - warning: Type `Any` is not allowed (reportExplicitAny)
  /workspace/scratch/745337b67ff9/hol-guard/scripts/native_slo_resources.py:54:12 - warning: Type of "pid" is Any (reportAny)
  /workspace/scratch/745337b67ff9/hol-guard/scripts/native_slo_resources.py:54:25 - warning: Type of "create_time" is Any (reportAny)
  /workspace/scratch/745337b67ff9/hol-guard/scripts/native_slo_resources.py:57:16 - warning: Type of parameter "root" is Any (reportAny)
  /workspace/scratch/745337b67ff9/hol-guard/scripts/native_slo_resources.py:57:22 - warning: Type `Any` is not allowed (reportExplicitAny)
  /workspace/scratch/745337b67ff9/hol-guard/scripts/native_slo_resources.py:57:54 - warning: Type `Any` is not allowed (reportExplicitAny)
  /workspace/scratch/745337b67ff9/hol-guard/scripts/native_slo_resources.py:58:5 - warning: Type of "children" is Any (reportAny)
  /workspace/scratch/745337b67ff9/hol-guard/scripts/native_slo_resources.py:58:16 - warning: Type of "children" is Any (reportAny)
  /workspace/scratch/745337b67ff9/hol-guard/scripts/native_slo_resources.py:59:12 - warning: Argument type is Any
    Argument corresponds to parameter "obj" in function "len" (reportAny)
  /workspace/scratch/745337b67ff9/hol-guard/scripts/native_slo_resources.py:61:45 - warning: Type of "process" is Any (reportAny)
  /workspace/scratch/745337b67ff9/hol-guard/scripts/native_slo_resources.py:67:18 - warning: Function calls and mutable objects not allowed within parameter default value expression (reportCallInDefaultInitializer)
  /workspace/scratch/745337b67ff9/hol-guard/scripts/native_slo_resources.py:82:5 - warning: Type of "psutil" is Any (reportAny)
  /workspace/scratch/745337b67ff9/hol-guard/scripts/native_slo_resources.py:89:13 - warning: Type of "root" is Any (reportAny)
  /workspace/scratch/745337b67ff9/hol-guard/scripts/native_slo_resources.py:89:20 - warning: Type of "Process" is Any (reportAny)
  /workspace/scratch/745337b67ff9/hol-guard/scripts/native_slo_resources.py:109:24 - warning: Type of "AccessDenied" is Any (reportAny)
  /workspace/scratch/745337b67ff9/hol-guard/scripts/native_slo_resources.py:117:27 - warning: Type of "process" is Any (reportAny)
  /workspace/scratch/745337b67ff9/hol-guard/scripts/native_slo_resources.py:119:42 - warning: Type of parameter "process" is Any (reportAny)
  /workspace/scratch/745337b67ff9/hol-guard/scripts/native_slo_resources.py:119:59 - warning: Type of "memory_info" is Any (reportAny)
  /workspace/scratch/745337b67ff9/hol-guard/scripts/native_slo_resources.py:119:59 - warning: Type of "rss" is Any (reportAny)
  /workspace/scratch/745337b67ff9/hol-guard/scripts/native_slo_resources.py:119:59 - warning: Return type of lambda is Any (reportAny)
  /workspace/scratch/745337b67ff9/hol-guard/scripts/native_slo_resources.py:120:46 - warning: Type of parameter "process" is Any (reportAny)
  /workspace/scratch/745337b67ff9/hol-guard/scripts/native_slo_resources.py:120:63 - warning: Type of "memory_full_info" is Any (reportAny)
  /workspace/scratch/745337b67ff9/hol-guard/scripts/native_slo_resources.py:120:63 - warning: Type of "uss" is Any (reportAny)
  /workspace/scratch/745337b67ff9/hol-guard/scripts/native_slo_resources.py:120:63 - warning: Return type of lambda is Any (reportAny)
  /workspace/scratch/745337b67ff9/hol-guard/scripts/native_slo_resources.py:121:33 - warning: Type of "num_threads" is Any (reportAny)
  /workspace/scratch/745337b67ff9/hol-guard/scripts/native_slo_resources.py:121:33 - warning: Argument type is Any
    Argument corresponds to parameter "operation" in function "read" (reportAny)
  /workspace/scratch/745337b67ff9/hol-guard/scripts/native_slo_resources.py:123:37 - warning: Type of "num_handles" is Any (reportAny)
  /workspace/scratch/745337b67ff9/hol-guard/scripts/native_slo_resources.py:123:37 - warning: Argument type is Any
    Argument corresponds to parameter "operation" in function "read" (reportAny)
  /workspace/scratch/745337b67ff9/hol-guard/scripts/native_slo_resources.py:126:41 - warning: Type of "num_fds" is Any (reportAny)
  /workspace/scratch/745337b67ff9/hol-guard/scripts/native_slo_resources.py:126:41 - warning: Argument type is Any
    Argument corresponds to parameter "operation" in function "read" (reportAny)
  /workspace/scratch/745337b67ff9/hol-guard/scripts/native_slo_resources.py:130:21 - warning: Type of "cpu" is Any (reportAny)
  /workspace/scratch/745337b67ff9/hol-guard/scripts/native_slo_resources.py:130:27 - warning: Type of "cpu_times" is Any (reportAny)
  /workspace/scratch/745337b67ff9/hol-guard/scripts/native_slo_resources.py:131:45 - warning: Type of "user" is Any (reportAny)
  /workspace/scratch/745337b67ff9/hol-guard/scripts/native_slo_resources.py:131:56 - warning: Type of "system" is Any (reportAny)
  /workspace/scratch/745337b67ff9/hol-guard/scripts/native_slo_resources.py:132:24 - warning: Type of "AccessDenied" is Any (reportAny)
  /workspace/scratch/745337b67ff9/hol-guard/scripts/native_slo_resources.py:150:31 - warning: Type of "Process" is Any (reportAny)
  /workspace/scratch/745337b67ff9/hol-guard/scripts/native_slo_resources.py:166:16 - warning: Type of "NoSuchProcess" is Any (reportAny)
  /workspace/scratch/745337b67ff9/hol-guard/scripts/native_slo_resources.py:166:40 - warning: Type of "error" is Any (reportAny)
  /workspace/scratch/745337b67ff9/hol-guard/scripts/native_slo_resources.py:168:34 - warning: Argument type is Any
    Argument corresponds to parameter "o" in function "getattr" (reportAny)
  /workspace/scratch/745337b67ff9/hol-guard/scripts/native_slo_resources.py:171:17 - warning: Type of "AccessDenied" is Any (reportAny)
  /workspace/scratch/745337b67ff9/hol-guard/scripts/native_slo_resources.py:196:14 - warning: Type annotation for attribute `interval` is required because this class is not decorated with `@final` (reportUnannotatedClassAttribute)
  /workspace/scratch/745337b67ff9/hol-guard/scripts/native_slo_resources.py:197:14 - warning: Type annotation for attribute `pid` is required because this class is not decorated with `@final` (reportUnannotatedClassAttribute)
  /workspace/scratch/745337b67ff9/hol-guard/scripts/native_slo_resources.py:198:14 - warning: Type annotation for attribute `_stop` is required because this class is not decorated with `@final` (reportUnannotatedClassAttribute)
  /workspace/scratch/745337b67ff9/hol-guard/scripts/native_slo_resources.py:200:14 - warning: Type annotation for attribute `samples` is required because this class is not decorated with `@final` (reportUnannotatedClassAttribute)
  /workspace/scratch/745337b67ff9/hol-guard/scripts/native_slo_resources.py:201:14 - warning: Type annotation for attribute `missing` is required because this class is not decorated with `@final` (reportUnannotatedClassAttribute)
  /workspace/scratch/745337b67ff9/hol-guard/scripts/native_slo_resources.py:211:14 - warning: Type annotation for attribute `_initial_cpu` is required because this class is not decorated with `@final` (reportUnannotatedClassAttribute)
  /workspace/scratch/745337b67ff9/hol-guard/scripts/native_slo_resources.py:212:14 - warning: Type annotation for attribute `started` is required because this class is not decorated with `@final` (reportUnannotatedClassAttribute)
  /workspace/scratch/745337b67ff9/hol-guard/scripts/native_slo_resources.py:213:14 - warning: Type annotation for attribute `stopped` is required because this class is not decorated with `@final` (reportUnannotatedClassAttribute)
  /workspace/scratch/745337b67ff9/hol-guard/scripts/native_slo_resources.py:228:13 - warning: Type of "number" is Any (reportAny)
  /workspace/scratch/745337b67ff9/hol-guard/scripts/native_slo_resources.py:231:65 - warning: Argument type is Any
    Argument corresponds to parameter "arg2" in function "max" (reportAny)
/workspace/scratch/745337b67ff9/hol-guard/scripts/native_slo_workspace_lifecycle.py
  /workspace/scratch/745337b67ff9/hol-guard/scripts/native_slo_workspace_lifecycle.py:16:39 - warning: "_authenticated_readback" is private and used outside of the module in which it is declared (reportPrivateUsage)
  /workspace/scratch/745337b67ff9/hol-guard/scripts/native_slo_workspace_lifecycle.py:16:64 - warning: "_readback_matches" is private and used outside of the module in which it is declared (reportPrivateUsage)
  /workspace/scratch/745337b67ff9/hol-guard/scripts/native_slo_workspace_lifecycle.py:47:5 - warning: Type of parameter "session" is Any (reportAny)
  /workspace/scratch/745337b67ff9/hol-guard/scripts/native_slo_workspace_lifecycle.py:47:14 - warning: Type `Any` is not allowed (reportExplicitAny)
  /workspace/scratch/745337b67ff9/hol-guard/scripts/native_slo_workspace_lifecycle.py:47:63 - warning: Type of parameter "workspace" is Any (reportAny)
  /workspace/scratch/745337b67ff9/hol-guard/scripts/native_slo_workspace_lifecycle.py:47:74 - warning: Type `Any` is not allowed (reportExplicitAny)
  /workspace/scratch/745337b67ff9/hol-guard/scripts/native_slo_workspace_lifecycle.py:48:19 - warning: Type `Any` is not allowed (reportExplicitAny)
  /workspace/scratch/745337b67ff9/hol-guard/scripts/native_slo_workspace_lifecycle.py:49:5 - warning: Type of "worker" is Any (reportAny)
  /workspace/scratch/745337b67ff9/hol-guard/scripts/native_slo_workspace_lifecycle.py:49:14 - warning: Type of "daemon" is Any (reportAny)
  /workspace/scratch/745337b67ff9/hol-guard/scripts/native_slo_workspace_lifecycle.py:49:14 - warning: Type of "_server" is Any (reportAny)
  /workspace/scratch/745337b67ff9/hol-guard/scripts/native_slo_workspace_lifecycle.py:49:14 - warning: Type of "hook_worker" is Any (reportAny)
  /workspace/scratch/745337b67ff9/hol-guard/scripts/native_slo_workspace_lifecycle.py:50:5 - warning: Type of "publisher" is Any (reportAny)
  /workspace/scratch/745337b67ff9/hol-guard/scripts/native_slo_workspace_lifecycle.py:50:17 - warning: Type of "policy_snapshot_publisher" is Any (reportAny)
  /workspace/scratch/745337b67ff9/hol-guard/scripts/native_slo_workspace_lifecycle.py:52:9 - warning: Type of "prepared" is Any (reportAny)
  /workspace/scratch/745337b67ff9/hol-guard/scripts/native_slo_workspace_lifecycle.py:52:20 - warning: Type of "prepare_workspace_policy" is Any (reportAny)
  /workspace/scratch/745337b67ff9/hol-guard/scripts/native_slo_workspace_lifecycle.py:53:9 - warning: Type of "snapshot" is Any (reportAny)
  /workspace/scratch/745337b67ff9/hol-guard/scripts/native_slo_workspace_lifecycle.py:53:20 - warning: Type of "current_snapshot" is Any (reportAny)
  /workspace/scratch/745337b67ff9/hol-guard/scripts/native_slo_workspace_lifecycle.py:55:62 - warning: Type of "store" is Any (reportAny)
  /workspace/scratch/745337b67ff9/hol-guard/scripts/native_slo_workspace_lifecycle.py:56:25 - warning: Type of "get" is partially unknown
    Type of "get" is "Overload[(key: Unknown, /) -> (object | None), (key: Unknown, default: object, /) -> object, (key: Unknown, default: _T@get, /) -> (object | _T@get)]" (reportUnknownMemberType)
  /workspace/scratch/745337b67ff9/hol-guard/scripts/native_slo_workspace_lifecycle.py:57:47 - warning: Argument type is partially unknown
    Argument corresponds to parameter "value" in function "public_binding"
    Argument type is "Mapping[Unknown, object]" (reportUnknownArgumentType)
  /workspace/scratch/745337b67ff9/hol-guard/scripts/native_slo_workspace_lifecycle.py:60:36 - warning: Argument type is partially unknown
    Argument corresponds to parameter "value" in function "public_binding"
    Argument type is "Mapping[Unknown, object]" (reportUnknownArgumentType)
  /workspace/scratch/745337b67ff9/hol-guard/scripts/native_slo_workspace_lifecycle.py:61:63 - warning: Argument type is partially unknown
    Argument corresponds to parameter "expected" in function "_readback_matches"
    Argument type is "Mapping[Unknown, object]" (reportUnknownArgumentType)
  /workspace/scratch/745337b67ff9/hol-guard/scripts/native_slo_workspace_lifecycle.py:63:21 - warning: Type of "get" is partially unknown
    Type of "get" is "Overload[(key: Unknown, /) -> (object | None), (key: Unknown, default: object, /) -> object, (key: Unknown, default: _T@get, /) -> (object | _T@get)]" (reportUnknownMemberType)
  /workspace/scratch/745337b67ff9/hol-guard/scripts/native_slo_workspace_lifecycle.py:65:21 - warning: Type of "get" is partially unknown
    Type of "get" is "Overload[(key: Unknown, /) -> (object | None), (key: Unknown, default: object, /) -> object, (key: Unknown, default: _T@get, /) -> (object | _T@get)]" (reportUnknownMemberType)
  /workspace/scratch/745337b67ff9/hol-guard/scripts/native_slo_workspace_lifecycle.py:66:21 - warning: Type of "get" is partially unknown
    Type of "get" is "Overload[(key: Unknown, /) -> (object | None), (key: Unknown, default: object, /) -> object, (key: Unknown, default: _T@get, /) -> (object | _T@get)]" (reportUnknownMemberType)
  /workspace/scratch/745337b67ff9/hol-guard/scripts/native_slo_workspace_lifecycle.py:67:36 - warning: Type of "get" is partially unknown
    Type of "get" is "Overload[(key: Unknown, /) -> (object | None), (key: Unknown, default: object, /) -> object, (key: Unknown, default: _T@get, /) -> (object | _T@get)]" (reportUnknownMemberType)
  /workspace/scratch/745337b67ff9/hol-guard/scripts/native_slo_workspace_lifecycle.py:68:21 - warning: Type of "current_snapshot" is Any (reportAny)
  /workspace/scratch/745337b67ff9/hol-guard/scripts/native_slo_workspace_lifecycle.py:71:24 - warning: Return type, "Mapping[Unknown, object]", is partially unknown (reportUnknownVariableType)
  /workspace/scratch/745337b67ff9/hol-guard/scripts/native_slo_workspace_lifecycle.py:77:14 - warning: Type of parameter "workspace" is Any (reportAny)
  /workspace/scratch/745337b67ff9/hol-guard/scripts/native_slo_workspace_lifecycle.py:77:25 - warning: Type `Any` is not allowed (reportExplicitAny)
  /workspace/scratch/745337b67ff9/hol-guard/scripts/native_slo_workspace_lifecycle.py:80:27 - warning: Argument type is Any
    Argument corresponds to parameter "path" in function "atomic_write_settings" (reportAny)
  /workspace/scratch/745337b67ff9/hol-guard/scripts/native_slo_workspace_lifecycle.py:83:12 - warning: Type of parameter "session" is Any (reportAny)
  /workspace/scratch/745337b67ff9/hol-guard/scripts/native_slo_workspace_lifecycle.py:83:21 - warning: Type `Any` is not allowed (reportExplicitAny)
  /workspace/scratch/745337b67ff9/hol-guard/scripts/native_slo_workspace_lifecycle.py:84:5 - warning: Type of "writer" is Any (reportAny)
  /workspace/scratch/745337b67ff9/hol-guard/scripts/native_slo_workspace_lifecycle.py:84:14 - warning: Type of "daemon" is Any (reportAny)
  /workspace/scratch/745337b67ff9/hol-guard/scripts/native_slo_workspace_lifecycle.py:84:14 - warning: Type of "_server" is Any (reportAny)
  /workspace/scratch/745337b67ff9/hol-guard/scripts/native_slo_workspace_lifecycle.py:84:14 - warning: Type of "runtime_hook_evidence_writer" is Any (reportAny)
  /workspace/scratch/745337b67ff9/hol-guard/scripts/native_slo_workspace_lifecycle.py:87:14 - warning: Type of "_condition" is Any (reportAny)
  /workspace/scratch/745337b67ff9/hol-guard/scripts/native_slo_workspace_lifecycle.py:88:24 - warning: Type of "stats" is Any (reportAny)
  /workspace/scratch/745337b67ff9/hol-guard/scripts/native_slo_workspace_lifecycle.py:88:53 - warning: Type of "_in_flight" is Any (reportAny)
  /workspace/scratch/745337b67ff9/hol-guard/scripts/native_slo_workspace_lifecycle.py:97:59 - warning: Type `Any` is not allowed (reportExplicitAny)
  /workspace/scratch/745337b67ff9/hol-guard/scripts/native_slo_workspace_lifecycle.py:110:70 - warning: Type `Any` is not allowed (reportExplicitAny)
  /workspace/scratch/745337b67ff9/hol-guard/scripts/native_slo_workspace_lifecycle.py:125:32 - warning: Type `Any` is not allowed (reportExplicitAny)
  /workspace/scratch/745337b67ff9/hol-guard/scripts/native_slo_workspace_lifecycle.py:125:50 - warning: Type of parameter "operation" is Any (reportAny)
  /workspace/scratch/745337b67ff9/hol-guard/scripts/native_slo_workspace_lifecycle.py:125:61 - warning: Type `Any` is not allowed (reportExplicitAny)
  /workspace/scratch/745337b67ff9/hol-guard/scripts/native_slo_workspace_lifecycle.py:130:9 - warning: Type of "append" is Any (reportAny)
  /workspace/scratch/745337b67ff9/hol-guard/scripts/native_slo_workspace_lifecycle.py:133:24 - warning: Type of parameter "session" is Any (reportAny)
  /workspace/scratch/745337b67ff9/hol-guard/scripts/native_slo_workspace_lifecycle.py:133:33 - warning: Type `Any` is not allowed (reportExplicitAny)
  /workspace/scratch/745337b67ff9/hol-guard/scripts/native_slo_workspace_lifecycle.py:133:56 - warning: Type `Any` is not allowed (reportExplicitAny)
  /workspace/scratch/745337b67ff9/hol-guard/scripts/native_slo_workspace_lifecycle.py:139:5 - warning: Type of "publisher" is Any (reportAny)
  /workspace/scratch/745337b67ff9/hol-guard/scripts/native_slo_workspace_lifecycle.py:139:17 - warning: Type of "daemon" is Any (reportAny)
  /workspace/scratch/745337b67ff9/hol-guard/scripts/native_slo_workspace_lifecycle.py:139:17 - warning: Type of "_server" is Any (reportAny)
  /workspace/scratch/745337b67ff9/hol-guard/scripts/native_slo_workspace_lifecycle.py:139:17 - warning: Type of "hook_worker" is Any (reportAny)
  /workspace/scratch/745337b67ff9/hol-guard/scripts/native_slo_workspace_lifecycle.py:139:17 - warning: Type of "policy_snapshot_publisher" is Any (reportAny)
  /workspace/scratch/745337b67ff9/hol-guard/scripts/native_slo_workspace_lifecycle.py:140:23 - warning: Type `Any` is not allowed (reportExplicitAny)
  /workspace/scratch/745337b67ff9/hol-guard/scripts/native_slo_workspace_lifecycle.py:155:12 - warning: Type `Any` is not allowed (reportExplicitAny)
  /workspace/scratch/745337b67ff9/hol-guard/scripts/native_slo_workspace_lifecycle.py:159:28 - warning: Type `Any` is not allowed (reportExplicitAny)
  /workspace/scratch/745337b67ff9/hol-guard/scripts/native_slo_workspace_lifecycle.py:162:25 - warning: Type of parameter "current" is Any (reportAny)
  /workspace/scratch/745337b67ff9/hol-guard/scripts/native_slo_workspace_lifecycle.py:162:34 - warning: Type `Any` is not allowed (reportExplicitAny)
  /workspace/scratch/745337b67ff9/hol-guard/scripts/native_slo_workspace_lifecycle.py:164:9 - warning: Type of "publisher" is Any (reportAny)
  /workspace/scratch/745337b67ff9/hol-guard/scripts/native_slo_workspace_lifecycle.py:178:13 - warning: Type of "request_publish" is Any (reportAny)
  /workspace/scratch/745337b67ff9/hol-guard/scripts/native_slo_workspace_lifecycle.py:192:13 - warning: Type of "publisher" is Any (reportAny)
  /workspace/scratch/745337b67ff9/hol-guard/scripts/native_slo_workspace_lifecycle.py:192:25 - warning: Type of "daemon" is Any (reportAny)
  /workspace/scratch/745337b67ff9/hol-guard/scripts/native_slo_workspace_lifecycle.py:192:25 - warning: Type of "_server" is Any (reportAny)
  /workspace/scratch/745337b67ff9/hol-guard/scripts/native_slo_workspace_lifecycle.py:192:25 - warning: Type of "hook_worker" is Any (reportAny)
  /workspace/scratch/745337b67ff9/hol-guard/scripts/native_slo_workspace_lifecycle.py:192:25 - warning: Type of "policy_snapshot_publisher" is Any (reportAny)
  /workspace/scratch/745337b67ff9/hol-guard/scripts/native_slo_workspace_lifecycle.py:213:13 - warning: Type of "publisher" is Any (reportAny)
  /workspace/scratch/745337b67ff9/hol-guard/scripts/native_slo_workspace_lifecycle.py:222:27 - warning: Argument type is Any
    Argument corresponds to parameter "x" in function "__new__" (reportAny)
  /workspace/scratch/745337b67ff9/hol-guard/scripts/native_slo_workspace_lifecycle.py:229:27 - warning: Argument type is Any
    Argument corresponds to parameter "x" in function "__new__" (reportAny)
  /workspace/scratch/745337b67ff9/hol-guard/scripts/native_slo_workspace_lifecycle.py:238:17 - warning: Type of "start" is Any (reportAny)
  /workspace/scratch/745337b67ff9/hol-guard/scripts/native_slo_workspace_lifecycle.py:240:27 - warning: Argument type is Any
    Argument corresponds to parameter "x" in function "__new__" (reportAny)
  /workspace/scratch/745337b67ff9/hol-guard/scripts/native_slo_workspace_lifecycle.py:264:13 - warning: Type of "daemon" is Any (reportAny)
  /workspace/scratch/745337b67ff9/hol-guard/scripts/native_slo_workspace_lifecycle.py:264:13 - warning: Type of "start" is Any (reportAny)
  /workspace/scratch/745337b67ff9/hol-guard/scripts/native_slo_workspace_lifecycle.py:266:62 - warning: Type of "store" is Any (reportAny)
  /workspace/scratch/745337b67ff9/hol-guard/scripts/native_slo_workspace_lifecycle.py:267:16 - warning: Type of "current_snapshot" is Any (reportAny)
  /workspace/scratch/745337b67ff9/hol-guard/scripts/native_slo_workspace_lifecycle.py:271:9 - warning: Result of call expression is of type "Mapping[str, object]" and is not used; assign to variable "_" if this is intentional (reportUnusedCallResult)
  /workspace/scratch/745337b67ff9/hol-guard/scripts/native_slo_workspace_lifecycle.py:284:13 - warning: Type of "proof" is Any (reportAny)
  /workspace/scratch/745337b67ff9/hol-guard/scripts/native_slo_workspace_lifecycle.py:284:21 - warning: Type of "report" is Any (reportAny)
  /workspace/scratch/745337b67ff9/hol-guard/scripts/native_slo_workspace_lifecycle.py:311:74 - warning: Type of "report" is Any (reportAny)
  /workspace/scratch/745337b67ff9/hol-guard/scripts/native_slo_workspace_lifecycle.py:314:45 - warning: Type of "close" is Any (reportAny)
  /workspace/scratch/745337b67ff9/hol-guard/scripts/native_slo_workspace_lifecycle.py:320:37 - warning: Type of "closed" is Any (reportAny)
  /workspace/scratch/745337b67ff9/hol-guard/scripts/native_slo_workspace_lifecycle.py:320:59 - warning: Type of "_thread" is Any (reportAny)
  /workspace/scratch/745337b67ff9/hol-guard/scripts/native_slo_workspace_lifecycle.py:320:92 - warning: Type of "_thread" is Any (reportAny)
  /workspace/scratch/745337b67ff9/hol-guard/scripts/native_slo_workspace_lifecycle.py:320:92 - warning: Type of "is_alive" is Any (reportAny)
  /workspace/scratch/745337b67ff9/hol-guard/scripts/native_slo_workspace_lifecycle.py:353:53 - warning: Type of "get" is Any (reportAny)
/workspace/scratch/745337b67ff9/hol-guard/tests/test_native_slo_workspace_lifecycle_order.py
  /workspace/scratch/745337b67ff9/hol-guard/tests/test_native_slo_workspace_lifecycle_order.py:16:5 - warning: Return type, "tuple[SimpleNamespace, Unknown, SimpleNamespace, list[Unknown]]", is partially unknown (reportUnknownParameterType)
  /workspace/scratch/745337b67ff9/hol-guard/tests/test_native_slo_workspace_lifecycle_order.py:16:21 - warning: Type of parameter "tmp_path" is unknown (reportUnknownParameterType)
  /workspace/scratch/745337b67ff9/hol-guard/tests/test_native_slo_workspace_lifecycle_order.py:16:21 - warning: Type annotation is missing for parameter "tmp_path" (reportMissingParameterType)
  /workspace/scratch/745337b67ff9/hol-guard/tests/test_native_slo_workspace_lifecycle_order.py:16:31 - warning: Type of parameter "monkeypatch" is unknown (reportUnknownParameterType)
  /workspace/scratch/745337b67ff9/hol-guard/tests/test_native_slo_workspace_lifecycle_order.py:16:31 - warning: Type annotation is missing for parameter "monkeypatch" (reportMissingParameterType)
  /workspace/scratch/745337b67ff9/hol-guard/tests/test_native_slo_workspace_lifecycle_order.py:17:5 - warning: Type of "home" is unknown (reportUnknownVariableType)
  /workspace/scratch/745337b67ff9/hol-guard/tests/test_native_slo_workspace_lifecycle_order.py:17:11 - warning: Type of "workspace" is unknown (reportUnknownVariableType)
  /workspace/scratch/745337b67ff9/hol-guard/tests/test_native_slo_workspace_lifecycle_order.py:18:5 - warning: Type of "mkdir" is unknown (reportUnknownMemberType)
  /workspace/scratch/745337b67ff9/hol-guard/tests/test_native_slo_workspace_lifecycle_order.py:19:5 - warning: Type of "mkdir" is unknown (reportUnknownMemberType)
  /workspace/scratch/745337b67ff9/hol-guard/tests/test_native_slo_workspace_lifecycle_order.py:23:25 - warning: Type `Any` is not allowed (reportExplicitAny)
  /workspace/scratch/745337b67ff9/hol-guard/tests/test_native_slo_workspace_lifecycle_order.py:32:9 - warning: Type annotation for attribute `closed` is required because this class is not decorated with `@final` (reportUnannotatedClassAttribute)
  /workspace/scratch/745337b67ff9/hol-guard/tests/test_native_slo_workspace_lifecycle_order.py:33:9 - warning: Type annotation for attribute `_thread` is required because this class is not decorated with `@final` (reportUnannotatedClassAttribute)
  /workspace/scratch/745337b67ff9/hol-guard/tests/test_native_slo_workspace_lifecycle_order.py:35:45 - warning: Type `Any` is not allowed (reportExplicitAny)
  /workspace/scratch/745337b67ff9/hol-guard/tests/test_native_slo_workspace_lifecycle_order.py:36:38 - warning: Type `Any` is not allowed (reportExplicitAny)
  /workspace/scratch/745337b67ff9/hol-guard/tests/test_native_slo_workspace_lifecycle_order.py:47:16 - warning: Type of parameter "publisher" is unknown (reportUnknownParameterType)
  /workspace/scratch/745337b67ff9/hol-guard/tests/test_native_slo_workspace_lifecycle_order.py:47:16 - warning: Type annotation is missing for parameter "publisher" (reportMissingParameterType)
  /workspace/scratch/745337b67ff9/hol-guard/tests/test_native_slo_workspace_lifecycle_order.py:48:13 - warning: Return type is unknown (reportUnknownParameterType)
  /workspace/scratch/745337b67ff9/hol-guard/tests/test_native_slo_workspace_lifecycle_order.py:48:21 - warning: Type of parameter "_workspace" is unknown (reportUnknownParameterType)
  /workspace/scratch/745337b67ff9/hol-guard/tests/test_native_slo_workspace_lifecycle_order.py:48:21 - warning: Type annotation is missing for parameter "_workspace" (reportMissingParameterType)
  /workspace/scratch/745337b67ff9/hol-guard/tests/test_native_slo_workspace_lifecycle_order.py:48:36 - warning: Type of parameter "deadline" is unknown (reportUnknownParameterType)
  /workspace/scratch/745337b67ff9/hol-guard/tests/test_native_slo_workspace_lifecycle_order.py:48:36 - warning: Type annotation is missing for parameter "deadline" (reportMissingParameterType)
  /workspace/scratch/745337b67ff9/hol-guard/tests/test_native_slo_workspace_lifecycle_order.py:49:13 - warning: Type of "append" is partially unknown
    Type of "append" is "(object: Unknown, /) -> None" (reportUnknownMemberType)
  /workspace/scratch/745337b67ff9/hol-guard/tests/test_native_slo_workspace_lifecycle_order.py:50:20 - warning: Type of "current_snapshot" is unknown (reportUnknownMemberType)
  /workspace/scratch/745337b67ff9/hol-guard/tests/test_native_slo_workspace_lifecycle_order.py:50:20 - warning: Return type is unknown (reportUnknownVariableType)
  /workspace/scratch/745337b67ff9/hol-guard/tests/test_native_slo_workspace_lifecycle_order.py:62:18 - warning: Type of parameter "_store" is unknown (reportUnknownParameterType)
  /workspace/scratch/745337b67ff9/hol-guard/tests/test_native_slo_workspace_lifecycle_order.py:62:18 - warning: Type annotation is missing for parameter "_store" (reportMissingParameterType)
  /workspace/scratch/745337b67ff9/hol-guard/tests/test_native_slo_workspace_lifecycle_order.py:63:9 - warning: Type of "value" is Any (reportAny)
  /workspace/scratch/745337b67ff9/hol-guard/tests/test_native_slo_workspace_lifecycle_order.py:63:17 - warning: Type of "daemon" is Any (reportAny)
  /workspace/scratch/745337b67ff9/hol-guard/tests/test_native_slo_workspace_lifecycle_order.py:63:17 - warning: Type of "_server" is Any (reportAny)
  /workspace/scratch/745337b67ff9/hol-guard/tests/test_native_slo_workspace_lifecycle_order.py:63:17 - warning: Type of "hook_worker" is Any (reportAny)
  /workspace/scratch/745337b67ff9/hol-guard/tests/test_native_slo_workspace_lifecycle_order.py:63:17 - warning: Type of "policy_snapshot_publisher" is Any (reportAny)
  /workspace/scratch/745337b67ff9/hol-guard/tests/test_native_slo_workspace_lifecycle_order.py:63:17 - warning: Type of "current_snapshot" is Any (reportAny)
  /workspace/scratch/745337b67ff9/hol-guard/tests/test_native_slo_workspace_lifecycle_order.py:66:17 - warning: Type of parameter "_session" is unknown (reportUnknownParameterType)
  /workspace/scratch/745337b67ff9/hol-guard/tests/test_native_slo_workspace_lifecycle_order.py:66:17 - warning: Type annotation is missing for parameter "_session" (reportMissingParameterType)
  /workspace/scratch/745337b67ff9/hol-guard/tests/test_native_slo_workspace_lifecycle_order.py:66:27 - warning: Type of parameter "_workspaces" is unknown (reportUnknownParameterType)
  /workspace/scratch/745337b67ff9/hol-guard/tests/test_native_slo_workspace_lifecycle_order.py:66:27 - warning: Type annotation is missing for parameter "_workspaces" (reportMissingParameterType)
  /workspace/scratch/745337b67ff9/hol-guard/tests/test_native_slo_workspace_lifecycle_order.py:66:43 - warning: Type of parameter "prepare" is unknown (reportUnknownParameterType)
  /workspace/scratch/745337b67ff9/hol-guard/tests/test_native_slo_workspace_lifecycle_order.py:66:43 - warning: Type annotation is missing for parameter "prepare" (reportMissingParameterType)
  /workspace/scratch/745337b67ff9/hol-guard/tests/test_native_slo_workspace_lifecycle_order.py:66:52 - warning: Type of parameter "clocks" is unknown (reportUnknownParameterType)
  /workspace/scratch/745337b67ff9/hol-guard/tests/test_native_slo_workspace_lifecycle_order.py:66:52 - warning: Type annotation is missing for parameter "clocks" (reportMissingParameterType)
  /workspace/scratch/745337b67ff9/hol-guard/tests/test_native_slo_workspace_lifecycle_order.py:66:52 - warning: "clocks" is not accessed (reportUnusedParameter)
  /workspace/scratch/745337b67ff9/hol-guard/tests/test_native_slo_workspace_lifecycle_order.py:71:19 - warning: Type of "constructor_seconds" is Any (reportAny)
  /workspace/scratch/745337b67ff9/hol-guard/tests/test_native_slo_workspace_lifecycle_order.py:74:13 - warning: Type of "append" is partially unknown
    Type of "append" is "(object: Unknown, /) -> None" (reportUnknownMemberType)
  /workspace/scratch/745337b67ff9/hol-guard/tests/test_native_slo_workspace_lifecycle_order.py:75:23 - warning: Type of "start_seconds" is Any (reportAny)
  /workspace/scratch/745337b67ff9/hol-guard/tests/test_native_slo_workspace_lifecycle_order.py:76:16 - warning: Type of "start_failure" is Any (reportAny)
  /workspace/scratch/745337b67ff9/hol-guard/tests/test_native_slo_workspace_lifecycle_order.py:77:23 - warning: Type of "start_failure" is Any (reportAny)
  /workspace/scratch/745337b67ff9/hol-guard/tests/test_native_slo_workspace_lifecycle_order.py:78:16 - warning: Type of "invalidate" is Any (reportAny)
  /workspace/scratch/745337b67ff9/hol-guard/tests/test_native_slo_workspace_lifecycle_order.py:80:18 - warning: Type of "invalidate" is Any (reportAny)
  /workspace/scratch/745337b67ff9/hol-guard/tests/test_native_slo_workspace_lifecycle_order.py:83:13 - warning: Type of "append" is partially unknown
    Type of "append" is "(object: Unknown, /) -> None" (reportUnknownMemberType)
  /workspace/scratch/745337b67ff9/hol-guard/tests/test_native_slo_workspace_lifecycle_order.py:89:9 - warning: Type annotation for attribute `started` is required because this class is not decorated with `@final` (reportUnannotatedClassAttribute)
  /workspace/scratch/745337b67ff9/hol-guard/tests/test_native_slo_workspace_lifecycle_order.py:94:29 - warning: Type of parameter "_args" is unknown (reportUnknownParameterType)
  /workspace/scratch/745337b67ff9/hol-guard/tests/test_native_slo_workspace_lifecycle_order.py:94:29 - warning: Type annotation is missing for parameter "_args" (reportMissingParameterType)
  /workspace/scratch/745337b67ff9/hol-guard/tests/test_native_slo_workspace_lifecycle_order.py:97:13 - warning: Return type, "list[Unknown]", is partially unknown (reportUnknownParameterType)
  /workspace/scratch/745337b67ff9/hol-guard/tests/test_native_slo_workspace_lifecycle_order.py:97:25 - warning: Type of parameter "_args" is unknown (reportUnknownParameterType)
  /workspace/scratch/745337b67ff9/hol-guard/tests/test_native_slo_workspace_lifecycle_order.py:97:25 - warning: Type annotation is missing for parameter "_args" (reportMissingParameterType)
  /workspace/scratch/745337b67ff9/hol-guard/tests/test_native_slo_workspace_lifecycle_order.py:98:20 - warning: Return type, "list[Unknown]", is partially unknown (reportUnknownVariableType)
  /workspace/scratch/745337b67ff9/hol-guard/tests/test_native_slo_workspace_lifecycle_order.py:116:31 - warning: Type of parameter "_kwargs" is unknown (reportUnknownParameterType)
  /workspace/scratch/745337b67ff9/hol-guard/tests/test_native_slo_workspace_lifecycle_order.py:116:31 - warning: Type annotation is missing for parameter "_kwargs" (reportMissingParameterType)
  /workspace/scratch/745337b67ff9/hol-guard/tests/test_native_slo_workspace_lifecycle_order.py:123:26 - warning: Type of parameter "_args" is unknown (reportUnknownParameterType)
  /workspace/scratch/745337b67ff9/hol-guard/tests/test_native_slo_workspace_lifecycle_order.py:123:26 - warning: Type annotation is missing for parameter "_args" (reportMissingParameterType)
  /workspace/scratch/745337b67ff9/hol-guard/tests/test_native_slo_workspace_lifecycle_order.py:124:13 - warning: Type of "append" is partially unknown
    Type of "append" is "(object: Unknown, /) -> None" (reportUnknownMemberType)
  /workspace/scratch/745337b67ff9/hol-guard/tests/test_native_slo_workspace_lifecycle_order.py:126:13 - warning: Return type, "dict[str, bool | Unknown]", is partially unknown (reportUnknownParameterType)
  /workspace/scratch/745337b67ff9/hol-guard/tests/test_native_slo_workspace_lifecycle_order.py:126:27 - warning: Type of parameter "accepted" is unknown (reportUnknownParameterType)
  /workspace/scratch/745337b67ff9/hol-guard/tests/test_native_slo_workspace_lifecycle_order.py:126:27 - warning: Type annotation is missing for parameter "accepted" (reportMissingParameterType)
  /workspace/scratch/745337b67ff9/hol-guard/tests/test_native_slo_workspace_lifecycle_order.py:126:39 - warning: Type of parameter "_kwargs" is unknown (reportUnknownParameterType)
  /workspace/scratch/745337b67ff9/hol-guard/tests/test_native_slo_workspace_lifecycle_order.py:126:39 - warning: Type annotation is missing for parameter "_kwargs" (reportMissingParameterType)
  /workspace/scratch/745337b67ff9/hol-guard/tests/test_native_slo_workspace_lifecycle_order.py:127:20 - warning: Return type, "dict[str, bool | Unknown]", is partially unknown (reportUnknownVariableType)
  /workspace/scratch/745337b67ff9/hol-guard/tests/test_native_slo_workspace_lifecycle_order.py:129:5 - warning: Type of "setattr" is unknown (reportUnknownMemberType)
  /workspace/scratch/745337b67ff9/hol-guard/tests/test_native_slo_workspace_lifecycle_order.py:129:99 - warning: Type of parameter "_" is unknown (reportUnknownLambdaType)
  /workspace/scratch/745337b67ff9/hol-guard/tests/test_native_slo_workspace_lifecycle_order.py:130:5 - warning: Type of "setattr" is unknown (reportUnknownMemberType)
  /workspace/scratch/745337b67ff9/hol-guard/tests/test_native_slo_workspace_lifecycle_order.py:131:5 - warning: Type of "setattr" is unknown (reportUnknownMemberType)
  /workspace/scratch/745337b67ff9/hol-guard/tests/test_native_slo_workspace_lifecycle_order.py:131:55 - warning: Type of parameter "_" is unknown (reportUnknownLambdaType)
  /workspace/scratch/745337b67ff9/hol-guard/tests/test_native_slo_workspace_lifecycle_order.py:132:5 - warning: Type of "setattr" is unknown (reportUnknownMemberType)
  /workspace/scratch/745337b67ff9/hol-guard/tests/test_native_slo_workspace_lifecycle_order.py:133:5 - warning: Type of "setattr" is unknown (reportUnknownMemberType)
  /workspace/scratch/745337b67ff9/hol-guard/tests/test_native_slo_workspace_lifecycle_order.py:134:48 - warning: Type of parameter "binding" is unknown (reportUnknownLambdaType)
  /workspace/scratch/745337b67ff9/hol-guard/tests/test_native_slo_workspace_lifecycle_order.py:134:57 - warning: Type of parameter "accepted" is unknown (reportUnknownLambdaType)
  /workspace/scratch/745337b67ff9/hol-guard/tests/test_native_slo_workspace_lifecycle_order.py:134:67 - warning: Type of parameter "expected" is unknown (reportUnknownLambdaType)
  /workspace/scratch/745337b67ff9/hol-guard/tests/test_native_slo_workspace_lifecycle_order.py:134:77 - warning: Return type of lambda is unknown (reportUnknownLambdaType)
  /workspace/scratch/745337b67ff9/hol-guard/tests/test_native_slo_workspace_lifecycle_order.py:136:5 - warning: Type of "setattr" is unknown (reportUnknownMemberType)
  /workspace/scratch/745337b67ff9/hol-guard/tests/test_native_slo_workspace_lifecycle_order.py:137:5 - warning: Type of "setattr" is unknown (reportUnknownMemberType)
  /workspace/scratch/745337b67ff9/hol-guard/tests/test_native_slo_workspace_lifecycle_order.py:137:63 - warning: Type of parameter "_" is partially unknown (reportUnknownLambdaType)
  /workspace/scratch/745337b67ff9/hol-guard/tests/test_native_slo_workspace_lifecycle_order.py:138:5 - warning: Type of "setattr" is unknown (reportUnknownMemberType)
  /workspace/scratch/745337b67ff9/hol-guard/tests/test_native_slo_workspace_lifecycle_order.py:138:67 - warning: Type of parameter "_" is partially unknown (reportUnknownLambdaType)
  /workspace/scratch/745337b67ff9/hol-guard/tests/test_native_slo_workspace_lifecycle_order.py:139:5 - warning: Type of "setattr" is unknown (reportUnknownMemberType)
  /workspace/scratch/745337b67ff9/hol-guard/tests/test_native_slo_workspace_lifecycle_order.py:139:62 - warning: Type of parameter "_args" is partially unknown (reportUnknownLambdaType)
  /workspace/scratch/745337b67ff9/hol-guard/tests/test_native_slo_workspace_lifecycle_order.py:139:71 - warning: Type of parameter "_kwargs" is partially unknown (reportUnknownLambdaType)
  /workspace/scratch/745337b67ff9/hol-guard/tests/test_native_slo_workspace_lifecycle_order.py:140:5 - warning: Type of "setattr" is unknown (reportUnknownMemberType)
  /workspace/scratch/745337b67ff9/hol-guard/tests/test_native_slo_workspace_lifecycle_order.py:140:72 - warning: Type of parameter "_args" is partially unknown (reportUnknownLambdaType)
  /workspace/scratch/745337b67ff9/hol-guard/tests/test_native_slo_workspace_lifecycle_order.py:140:81 - warning: Type of parameter "_kwargs" is partially unknown (reportUnknownLambdaType)
  /workspace/scratch/745337b67ff9/hol-guard/tests/test_native_slo_workspace_lifecycle_order.py:141:5 - warning: Type of "setattr" is unknown (reportUnknownMemberType)
  /workspace/scratch/745337b67ff9/hol-guard/tests/test_native_slo_workspace_lifecycle_order.py:141:59 - warning: Type of parameter "_args" is partially unknown (reportUnknownLambdaType)
  /workspace/scratch/745337b67ff9/hol-guard/tests/test_native_slo_workspace_lifecycle_order.py:141:68 - warning: Type of parameter "_kwargs" is partially unknown (reportUnknownLambdaType)
  /workspace/scratch/745337b67ff9/hol-guard/tests/test_native_slo_workspace_lifecycle_order.py:142:5 - warning: Type of "setattr" is unknown (reportUnknownMemberType)
  /workspace/scratch/745337b67ff9/hol-guard/tests/test_native_slo_workspace_lifecycle_order.py:142:61 - warning: Type of parameter "_" is partially unknown (reportUnknownLambdaType)
  /workspace/scratch/745337b67ff9/hol-guard/tests/test_native_slo_workspace_lifecycle_order.py:143:5 - warning: Type of "setattr" is unknown (reportUnknownMemberType)
  /workspace/scratch/745337b67ff9/hol-guard/tests/test_native_slo_workspace_lifecycle_order.py:143:53 - warning: Type of parameter "_" is unknown (reportUnknownLambdaType)
  /workspace/scratch/745337b67ff9/hol-guard/tests/test_native_slo_workspace_lifecycle_order.py:144:12 - warning: Return type, "tuple[SimpleNamespace, Unknown, SimpleNamespace, list[Unknown]]", is partially unknown (reportUnknownVariableType)
  /workspace/scratch/745337b67ff9/hol-guard/tests/test_native_slo_workspace_lifecycle_order.py:147:86 - warning: Type of parameter "controlled_cell" is unknown (reportUnknownParameterType)
  /workspace/scratch/745337b67ff9/hol-guard/tests/test_native_slo_workspace_lifecycle_order.py:147:86 - warning: Type annotation is missing for parameter "controlled_cell" (reportMissingParameterType)
  /workspace/scratch/745337b67ff9/hol-guard/tests/test_native_slo_workspace_lifecycle_order.py:148:5 - warning: Type of "session" is unknown (reportUnknownVariableType)
  /workspace/scratch/745337b67ff9/hol-guard/tests/test_native_slo_workspace_lifecycle_order.py:148:14 - warning: Type of "workspace" is unknown (reportUnknownVariableType)
  /workspace/scratch/745337b67ff9/hol-guard/tests/test_native_slo_workspace_lifecycle_order.py:148:25 - warning: Type of "_state" is unknown (reportUnknownVariableType)
  /workspace/scratch/745337b67ff9/hol-guard/tests/test_native_slo_workspace_lifecycle_order.py:148:33 - warning: Type of "calls" is unknown (reportUnknownVariableType)
  /workspace/scratch/745337b67ff9/hol-guard/tests/test_native_slo_workspace_lifecycle_order.py:149:29 - warning: Type `Any` is not allowed (reportExplicitAny)
  /workspace/scratch/745337b67ff9/hol-guard/tests/test_native_slo_workspace_lifecycle_order.py:149:73 - warning: Argument type is partially unknown
    Argument corresponds to parameter "workspaces" in function "run_lifecycle_cell"
    Argument type is "tuple[Unknown]" (reportUnknownArgumentType)
  /workspace/scratch/745337b67ff9/hol-guard/tests/test_native_slo_workspace_lifecycle_order.py:151:5 - warning: Type of "clocks" is Any (reportAny)
  /workspace/scratch/745337b67ff9/hol-guard/tests/test_native_slo_workspace_lifecycle_order.py:154:42 - warning: Type of "approx" is partially unknown
    Type of "approx" is "(expected: Unknown, rel: Unknown | None = None, abs: Unknown | None = None, nan_ok: bool = False) -> ApproxBase" (reportUnknownMemberType)
  /workspace/scratch/745337b67ff9/hol-guard/tests/test_native_slo_workspace_lifecycle_order.py:156:76 - warning: Type of "approx" is partially unknown
    Type of "approx" is "(expected: Unknown, rel: Unknown | None = None, abs: Unknown | None = None, nan_ok: bool = False) -> ApproxBase" (reportUnknownMemberType)
  /workspace/scratch/745337b67ff9/hol-guard/tests/test_native_slo_workspace_lifecycle_order.py:158:58 - warning: Type of "approx" is partially unknown
    Type of "approx" is "(expected: Unknown, rel: Unknown | None = None, abs: Unknown | None = None, nan_ok: bool = False) -> ApproxBase" (reportUnknownMemberType)
  /workspace/scratch/745337b67ff9/hol-guard/tests/test_native_slo_workspace_lifecycle_order.py:159:25 - warning: Type of "call" is unknown (reportUnknownVariableType)
  /workspace/scratch/745337b67ff9/hol-guard/tests/test_native_slo_workspace_lifecycle_order.py:160:27 - warning: Type of "approx" is partially unknown
    Type of "approx" is "(expected: Unknown, rel: Unknown | None = None, abs: Unknown | None = None, nan_ok: bool = False) -> ApproxBase" (reportUnknownMemberType)
  /workspace/scratch/745337b67ff9/hol-guard/tests/test_native_slo_workspace_lifecycle_order.py:164:59 - warning: Type of parameter "controlled_cell" is unknown (reportUnknownParameterType)
  /workspace/scratch/745337b67ff9/hol-guard/tests/test_native_slo_workspace_lifecycle_order.py:164:59 - warning: Type annotation is missing for parameter "controlled_cell" (reportMissingParameterType)
  /workspace/scratch/745337b67ff9/hol-guard/tests/test_native_slo_workspace_lifecycle_order.py:164:76 - warning: Type of parameter "invalidated" is unknown (reportUnknownParameterType)
  /workspace/scratch/745337b67ff9/hol-guard/tests/test_native_slo_workspace_lifecycle_order.py:164:76 - warning: Type annotation is missing for parameter "invalidated" (reportMissingParameterType)
  /workspace/scratch/745337b67ff9/hol-guard/tests/test_native_slo_workspace_lifecycle_order.py:165:5 - warning: Type of "session" is unknown (reportUnknownVariableType)
  /workspace/scratch/745337b67ff9/hol-guard/tests/test_native_slo_workspace_lifecycle_order.py:165:14 - warning: Type of "workspace" is unknown (reportUnknownVariableType)
  /workspace/scratch/745337b67ff9/hol-guard/tests/test_native_slo_workspace_lifecycle_order.py:165:25 - warning: Type of "state" is unknown (reportUnknownVariableType)
  /workspace/scratch/745337b67ff9/hol-guard/tests/test_native_slo_workspace_lifecycle_order.py:165:32 - warning: Type of "calls" is unknown (reportUnknownVariableType)
  /workspace/scratch/745337b67ff9/hol-guard/tests/test_native_slo_workspace_lifecycle_order.py:167:29 - warning: Type `Any` is not allowed (reportExplicitAny)
  /workspace/scratch/745337b67ff9/hol-guard/tests/test_native_slo_workspace_lifecycle_order.py:167:73 - warning: Argument type is partially unknown
    Argument corresponds to parameter "workspaces" in function "run_lifecycle_cell"
    Argument type is "tuple[Unknown]" (reportUnknownArgumentType)
  /workspace/scratch/745337b67ff9/hol-guard/tests/test_native_slo_workspace_lifecycle_order.py:172:20 - warning: Argument type is partially unknown
    Argument corresponds to parameter "iterable" in function "any"
    Argument type is "Generator[Unknown, None, None]" (reportUnknownArgumentType)
  /workspace/scratch/745337b67ff9/hol-guard/tests/test_native_slo_workspace_lifecycle_order.py:172:43 - warning: Type of "call" is unknown (reportUnknownVariableType)
  /workspace/scratch/745337b67ff9/hol-guard/tests/test_native_slo_workspace_lifecycle_order.py:175:67 - warning: Type of parameter "controlled_cell" is unknown (reportUnknownParameterType)
  /workspace/scratch/745337b67ff9/hol-guard/tests/test_native_slo_workspace_lifecycle_order.py:175:67 - warning: Type annotation is missing for parameter "controlled_cell" (reportMissingParameterType)
  /workspace/scratch/745337b67ff9/hol-guard/tests/test_native_slo_workspace_lifecycle_order.py:178:5 - warning: Type of "session" is unknown (reportUnknownVariableType)
  /workspace/scratch/745337b67ff9/hol-guard/tests/test_native_slo_workspace_lifecycle_order.py:178:14 - warning: Type of "workspace" is unknown (reportUnknownVariableType)
  /workspace/scratch/745337b67ff9/hol-guard/tests/test_native_slo_workspace_lifecycle_order.py:178:25 - warning: Type of "state" is unknown (reportUnknownVariableType)
  /workspace/scratch/745337b67ff9/hol-guard/tests/test_native_slo_workspace_lifecycle_order.py:178:32 - warning: Type of "calls" is unknown (reportUnknownVariableType)
  /workspace/scratch/745337b67ff9/hol-guard/tests/test_native_slo_workspace_lifecycle_order.py:180:29 - warning: Type `Any` is not allowed (reportExplicitAny)
  /workspace/scratch/745337b67ff9/hol-guard/tests/test_native_slo_workspace_lifecycle_order.py:180:73 - warning: Argument type is partially unknown
    Argument corresponds to parameter "workspaces" in function "run_lifecycle_cell"
    Argument type is "tuple[Unknown]" (reportUnknownArgumentType)
  /workspace/scratch/745337b67ff9/hol-guard/tests/test_native_slo_workspace_lifecycle_order.py:185:20 - warning: Argument type is partially unknown
    Argument corresponds to parameter "iterable" in function "any"
    Argument type is "Generator[Unknown, None, None]" (reportUnknownArgumentType)
  /workspace/scratch/745337b67ff9/hol-guard/tests/test_native_slo_workspace_lifecycle_order.py:185:43 - warning: Type of "call" is unknown (reportUnknownVariableType)
  /workspace/scratch/745337b67ff9/hol-guard/tests/test_native_slo_workspace_lifecycle_order.py:188:73 - warning: Type of parameter "controlled_cell" is unknown (reportUnknownParameterType)
  /workspace/scratch/745337b67ff9/hol-guard/tests/test_native_slo_workspace_lifecycle_order.py:188:73 - warning: Type annotation is missing for parameter "controlled_cell" (reportMissingParameterType)
  /workspace/scratch/745337b67ff9/hol-guard/tests/test_native_slo_workspace_lifecycle_order.py:189:5 - warning: Type of "session" is unknown (reportUnknownVariableType)
  /workspace/scratch/745337b67ff9/hol-guard/tests/test_native_slo_workspace_lifecycle_order.py:189:14 - warning: Type of "workspace" is unknown (reportUnknownVariableType)
  /workspace/scratch/745337b67ff9/hol-guard/tests/test_native_slo_workspace_lifecycle_order.py:189:25 - warning: Type of "state" is unknown (reportUnknownVariableType)
  /workspace/scratch/745337b67ff9/hol-guard/tests/test_native_slo_workspace_lifecycle_order.py:189:32 - warning: Type of "calls" is unknown (reportUnknownVariableType)
  /workspace/scratch/745337b67ff9/hol-guard/tests/test_native_slo_workspace_lifecycle_order.py:191:29 - warning: Type `Any` is not allowed (reportExplicitAny)
  /workspace/scratch/745337b67ff9/hol-guard/tests/test_native_slo_workspace_lifecycle_order.py:191:73 - warning: Argument type is partially unknown
    Argument corresponds to parameter "workspaces" in function "run_lifecycle_cell"
    Argument type is "tuple[Unknown]" (reportUnknownArgumentType)
  /workspace/scratch/745337b67ff9/hol-guard/tests/test_native_slo_workspace_lifecycle_order.py:196:54 - warning: Type of "call" is unknown (reportUnknownVariableType)
  /workspace/scratch/745337b67ff9/hol-guard/tests/test_native_slo_workspace_lifecycle_order.py:200:77 - warning: Type of parameter "tmp_path" is unknown (reportUnknownParameterType)
  /workspace/scratch/745337b67ff9/hol-guard/tests/test_native_slo_workspace_lifecycle_order.py:200:77 - warning: Type annotation is missing for parameter "tmp_path" (reportMissingParameterType)
  /workspace/scratch/745337b67ff9/hol-guard/tests/test_native_slo_workspace_lifecycle_order.py:200:87 - warning: Type of parameter "monkeypatch" is unknown (reportUnknownParameterType)
  /workspace/scratch/745337b67ff9/hol-guard/tests/test_native_slo_workspace_lifecycle_order.py:200:87 - warning: Type annotation is missing for parameter "monkeypatch" (reportMissingParameterType)
  /workspace/scratch/745337b67ff9/hol-guard/tests/test_native_slo_workspace_lifecycle_order.py:200:100 - warning: Type of parameter "withdrawal" is unknown (reportUnknownParameterType)
  /workspace/scratch/745337b67ff9/hol-guard/tests/test_native_slo_workspace_lifecycle_order.py:200:100 - warning: Type annotation is missing for parameter "withdrawal" (reportMissingParameterType)
  /workspace/scratch/745337b67ff9/hol-guard/tests/test_native_slo_workspace_lifecycle_order.py:201:73 - warning: "_digest_v3" is private and used outside of the module in which it is declared (reportPrivateUsage)
  /workspace/scratch/745337b67ff9/hol-guard/tests/test_native_slo_workspace_lifecycle_order.py:207:24 - warning: Argument type is unknown
    Argument corresponds to parameter "guard_home" in function "__init__" (reportUnknownArgumentType)
  /workspace/scratch/745337b67ff9/hol-guard/tests/test_native_slo_workspace_lifecycle_order.py:219:15 - warning: "_snapshot" is protected and used outside of the class in which it is declared (reportPrivateUsage)
  /workspace/scratch/745337b67ff9/hol-guard/tests/test_native_slo_workspace_lifecycle_order.py:220:15 - warning: "_acked" is protected and used outside of the class in which it is declared (reportPrivateUsage)
  /workspace/scratch/745337b67ff9/hol-guard/tests/test_native_slo_workspace_lifecycle_order.py:221:15 - warning: "_epoch" is protected and used outside of the class in which it is declared (reportPrivateUsage)
  /workspace/scratch/745337b67ff9/hol-guard/tests/test_native_slo_workspace_lifecycle_order.py:222:15 - warning: "_published_policy_fingerprint" is protected and used outside of the class in which it is declared (reportPrivateUsage)
  /workspace/scratch/745337b67ff9/hol-guard/tests/test_native_slo_workspace_lifecycle_order.py:223:5 - warning: Type of "setattr" is unknown (reportUnknownMemberType)
  /workspace/scratch/745337b67ff9/hol-guard/tests/test_native_slo_workspace_lifecycle_order.py:224:5 - warning: Type of "setattr" is unknown (reportUnknownMemberType)
  /workspace/scratch/745337b67ff9/hol-guard/tests/test_native_slo_workspace_lifecycle_order.py:224:76 - warning: Return type of lambda, "dict[Unknown, Unknown]", is partially unknown (reportUnknownLambdaType)
  /workspace/scratch/745337b67ff9/hol-guard/tests/test_native_slo_workspace_lifecycle_order.py:227:42 - warning: Type of parameter "_args" is partially unknown (reportUnknownLambdaType)
  /workspace/scratch/745337b67ff9/hol-guard/tests/test_native_slo_workspace_lifecycle_order.py:227:51 - warning: Type of parameter "_kwargs" is partially unknown (reportUnknownLambdaType)
  /workspace/scratch/745337b67ff9/hol-guard/tests/test_native_slo_workspace_lifecycle_order.py:231:5 - warning: Type of "setattr" is unknown (reportUnknownMemberType)
  /workspace/scratch/745337b67ff9/hol-guard/tests/test_native_slo_workspace_lifecycle_order.py:234:64 - warning: Type of parameter "_" is unknown (reportUnknownLambdaType)
  /workspace/scratch/745337b67ff9/hol-guard/tests/test_native_slo_workspace_lifecycle_order.py:238:18 - warning: Type of parameter "_store" is unknown (reportUnknownParameterType)
  /workspace/scratch/745337b67ff9/hol-guard/tests/test_native_slo_workspace_lifecycle_order.py:238:18 - warning: Type annotation is missing for parameter "_store" (reportMissingParameterType)
  /workspace/scratch/745337b67ff9/hol-guard/tests/test_native_slo_workspace_lifecycle_order.py:245:30 - warning: "_policy_input_changed" is protected and used outside of the class in which it is declared (reportPrivateUsage)
  /workspace/scratch/745337b67ff9/hol-guard/tests/test_native_slo_workspace_lifecycle_order.py:245:57 - warning: Argument type is unknown
    Argument corresponds to parameter "object" in function "__new__" (reportUnknownArgumentType)
  /workspace/scratch/745337b67ff9/hol-guard/tests/test_native_slo_workspace_lifecycle_order.py:246:30 - warning: "_observed_policy_fingerprint" is protected and used outside of the class in which it is declared (reportPrivateUsage)
  /workspace/scratch/745337b67ff9/hol-guard/tests/test_native_slo_workspace_lifecycle_order.py:246:72 - warning: "_published_policy_fingerprint" is protected and used outside of the class in which it is declared (reportPrivateUsage)
  /workspace/scratch/745337b67ff9/hol-guard/tests/test_native_slo_workspace_lifecycle_order.py:247:30 - warning: "_epoch" is protected and used outside of the class in which it is declared (reportPrivateUsage)
  /workspace/scratch/745337b67ff9/hol-guard/tests/test_native_slo_workspace_lifecycle_order.py:249:9 - warning: Type of "append" is partially unknown
    Type of "append" is "(object: Unknown, /) -> None" (reportUnknownMemberType)
  /workspace/scratch/745337b67ff9/hol-guard/tests/test_native_slo_workspace_lifecycle_order.py:252:5 - warning: Type of "setattr" is unknown (reportUnknownMemberType)
  /workspace/scratch/745337b67ff9/hol-guard/tests/test_native_slo_workspace_lifecycle_order.py:253:5 - warning: Type of "setattr" is unknown (reportUnknownMemberType)
  /workspace/scratch/745337b67ff9/hol-guard/tests/test_native_slo_workspace_lifecycle_order.py:253:64 - warning: Type of parameter "_binding" is unknown (reportUnknownLambdaType)
  /workspace/scratch/745337b67ff9/hol-guard/tests/test_native_slo_workspace_lifecycle_order.py:253:74 - warning: Type of parameter "accepted" is unknown (reportUnknownLambdaType)
  /workspace/scratch/745337b67ff9/hol-guard/tests/test_native_slo_workspace_lifecycle_order.py:253:84 - warning: Type of parameter "expected" is unknown (reportUnknownLambdaType)
  /workspace/scratch/745337b67ff9/hol-guard/tests/test_native_slo_workspace_lifecycle_order.py:253:94 - warning: Return type of lambda is unknown (reportUnknownLambdaType)
  /workspace/scratch/745337b67ff9/hol-guard/tests/test_native_slo_workspace_lifecycle_order.py:256:13 - warning: Result of call expression is of type "Mapping[str, Any]" and is not used; assign to variable "_" if this is intentional (reportUnusedCallResult)
0 errors, 316 warnings, 0 notes
