
{
    "version": "1.39.8",
    "time": "1789676997385",
    "generalDiagnostics": [
        {
            "file": "/dev/shm/hol-guard-takeover/work/hol-guard/ci/native_runtime/probe_native_default_auto.py",
            "severity": "warning",
            "message": "Type of \"_installed_hook_request\" is Any",
            "range": {
                "start": {
                    "line": 59,
                    "character": 0
                },
                "end": {
                    "line": 59,
                    "character": 23
                }
            },
            "rule": "reportAny"
        },
        {
            "file": "/dev/shm/hol-guard-takeover/work/hol-guard/ci/native_runtime/probe_native_default_auto.py",
            "severity": "warning",
            "message": "Type of \"installed_hook_request\" is Any",
            "range": {
                "start": {
                    "line": 59,
                    "character": 26
                },
                "end": {
                    "line": 59,
                    "character": 68
                }
            },
            "rule": "reportAny"
        },
        {
            "file": "/dev/shm/hol-guard-takeover/work/hol-guard/ci/native_runtime/probe_native_default_auto.py",
            "severity": "warning",
            "message": "Type of \"get\" is partially unknown\n  Type of \"get\" is \"Overload[(key: Unknown, /) -> (object | None), (key: Unknown, default: object, /) -> object, (key: Unknown, default: _T@get, /) -> (object | _T@get)]\"",
            "range": {
                "start": {
                    "line": 107,
                    "character": 12
                },
                "end": {
                    "line": 107,
                    "character": 24
                }
            },
            "rule": "reportUnknownMemberType"
        },
        {
            "file": "/dev/shm/hol-guard-takeover/work/hol-guard/ci/native_runtime/probe_native_default_auto.py",
            "severity": "warning",
            "message": "Type of \"payload\" is Any",
            "range": {
                "start": {
                    "line": 213,
                    "character": 4
                },
                "end": {
                    "line": 213,
                    "character": 11
                }
            },
            "rule": "reportAny"
        },
        {
            "file": "/dev/shm/hol-guard-takeover/work/hol-guard/ci/native_runtime/probe_native_default_auto.py",
            "severity": "warning",
            "message": "Type of \"routes\" is partially unknown\n  Type of \"routes\" is \"Unknown | None\"",
            "range": {
                "start": {
                    "line": 214,
                    "character": 4
                },
                "end": {
                    "line": 214,
                    "character": 10
                }
            },
            "rule": "reportUnknownVariableType"
        },
        {
            "file": "/dev/shm/hol-guard-takeover/work/hol-guard/ci/native_runtime/probe_native_default_auto.py",
            "severity": "warning",
            "message": "Type of \"get\" is partially unknown\n  Type of \"get\" is \"Overload[(key: Unknown, default: None = None, /) -> (Unknown | None), (key: Unknown, default: Unknown, /) -> Unknown, (key: Unknown, default: _T@get, /) -> (Unknown | _T@get)]\"",
            "range": {
                "start": {
                    "line": 214,
                    "character": 13
                },
                "end": {
                    "line": 214,
                    "character": 24
                }
            },
            "rule": "reportUnknownMemberType"
        },
        {
            "file": "/dev/shm/hol-guard-takeover/work/hol-guard/ci/native_runtime/probe_native_default_auto.py",
            "severity": "warning",
            "message": "Type of \"harness\" is unknown",
            "range": {
                "start": {
                    "line": 218,
                    "character": 8
                },
                "end": {
                    "line": 218,
                    "character": 15
                }
            },
            "rule": "reportUnknownVariableType"
        },
        {
            "file": "/dev/shm/hol-guard-takeover/work/hol-guard/ci/native_runtime/probe_native_default_auto.py",
            "severity": "warning",
            "message": "Type of \"route\" is unknown",
            "range": {
                "start": {
                    "line": 218,
                    "character": 17
                },
                "end": {
                    "line": 218,
                    "character": 22
                }
            },
            "rule": "reportUnknownVariableType"
        },
        {
            "file": "/dev/shm/hol-guard-takeover/work/hol-guard/ci/native_runtime/probe_native_default_auto.py",
            "severity": "warning",
            "message": "Type of \"pre\" is partially unknown\n  Type of \"pre\" is \"Unknown | None\"",
            "range": {
                "start": {
                    "line": 221,
                    "character": 8
                },
                "end": {
                    "line": 221,
                    "character": 11
                }
            },
            "rule": "reportUnknownVariableType"
        },
        {
            "file": "/dev/shm/hol-guard-takeover/work/hol-guard/ci/native_runtime/probe_native_default_auto.py",
            "severity": "warning",
            "message": "Type of \"get\" is partially unknown\n  Type of \"get\" is \"Overload[(key: Unknown, default: None = None, /) -> (Unknown | None), (key: Unknown, default: Unknown, /) -> Unknown, (key: Unknown, default: _T@get, /) -> (Unknown | _T@get)]\"",
            "range": {
                "start": {
                    "line": 221,
                    "character": 14
                },
                "end": {
                    "line": 221,
                    "character": 23
                }
            },
            "rule": "reportUnknownMemberType"
        },
        {
            "file": "/dev/shm/hol-guard-takeover/work/hol-guard/ci/native_runtime/probe_native_default_auto.py",
            "severity": "warning",
            "message": "Type of \"post\" is partially unknown\n  Type of \"post\" is \"Unknown | None\"",
            "range": {
                "start": {
                    "line": 222,
                    "character": 8
                },
                "end": {
                    "line": 222,
                    "character": 12
                }
            },
            "rule": "reportUnknownVariableType"
        },
        {
            "file": "/dev/shm/hol-guard-takeover/work/hol-guard/ci/native_runtime/probe_native_default_auto.py",
            "severity": "warning",
            "message": "Type of \"get\" is partially unknown\n  Type of \"get\" is \"Overload[(key: Unknown, default: None = None, /) -> (Unknown | None), (key: Unknown, default: Unknown, /) -> Unknown, (key: Unknown, default: _T@get, /) -> (Unknown | _T@get)]\"",
            "range": {
                "start": {
                    "line": 222,
                    "character": 15
                },
                "end": {
                    "line": 222,
                    "character": 24
                }
            },
            "rule": "reportUnknownMemberType"
        },
        {
            "file": "/dev/shm/hol-guard-takeover/work/hol-guard/ci/native_runtime/probe_native_default_auto.py",
            "severity": "warning",
            "message": "Type of \"response_payload\" is Any",
            "range": {
                "start": {
                    "line": 262,
                    "character": 12
                },
                "end": {
                    "line": 262,
                    "character": 28
                }
            },
            "rule": "reportAny"
        },
        {
            "file": "/dev/shm/hol-guard-takeover/work/hol-guard/ci/native_runtime/probe_native_default_auto.py",
            "severity": "warning",
            "message": "Argument type is Any\n  Argument corresponds to parameter \"response\" in function \"is_allowed\"",
            "range": {
                "start": {
                    "line": 266,
                    "character": 34
                },
                "end": {
                    "line": 266,
                    "character": 50
                }
            },
            "rule": "reportAny"
        },
        {
            "file": "/dev/shm/hol-guard-takeover/work/hol-guard/ci/native_runtime/probe_native_default_auto.py",
            "severity": "warning",
            "message": "Argument type is Any\n  Argument corresponds to parameter \"response\" in function \"_delivery_diagnostic\"",
            "range": {
                "start": {
                    "line": 270,
                    "character": 43
                },
                "end": {
                    "line": 270,
                    "character": 59
                }
            },
            "rule": "reportAny"
        },
        {
            "file": "/dev/shm/hol-guard-takeover/work/hol-guard/ci/native_runtime/probe_native_default_auto.py",
            "severity": "warning",
            "message": "Type of \"reason\" is Any",
            "range": {
                "start": {
                    "line": 273,
                    "character": 12
                },
                "end": {
                    "line": 273,
                    "character": 18
                }
            },
            "rule": "reportAny"
        },
        {
            "file": "/dev/shm/hol-guard-takeover/work/hol-guard/ci/native_runtime/probe_native_default_auto.py",
            "severity": "warning",
            "message": "Type of \"get\" is Any",
            "range": {
                "start": {
                    "line": 273,
                    "character": 21
                },
                "end": {
                    "line": 273,
                    "character": 41
                }
            },
            "rule": "reportAny"
        },
        {
            "file": "/dev/shm/hol-guard-takeover/work/hol-guard/ci/native_runtime/probe_native_default_auto.py",
            "severity": "warning",
            "message": "Type of \"response\" is Any",
            "range": {
                "start": {
                    "line": 288,
                    "character": 12
                },
                "end": {
                    "line": 288,
                    "character": 20
                }
            },
            "rule": "reportAny"
        },
        {
            "file": "/dev/shm/hol-guard-takeover/work/hol-guard/ci/native_runtime/probe_native_default_auto.py",
            "severity": "warning",
            "message": "Type of \"get\" is partially unknown\n  Type of \"get\" is \"Overload[(key: Unknown, default: None = None, /) -> (Unknown | None), (key: Unknown, default: Unknown, /) -> Unknown, (key: Unknown, default: _T@get, /) -> (Unknown | _T@get)]\"",
            "range": {
                "start": {
                    "line": 303,
                    "character": 16
                },
                "end": {
                    "line": 303,
                    "character": 28
                }
            },
            "rule": "reportUnknownMemberType"
        },
        {
            "file": "/dev/shm/hol-guard-takeover/work/hol-guard/ci/native_runtime/probe_native_default_auto.py",
            "severity": "warning",
            "message": "Argument type is partially unknown\n  Argument corresponds to parameter \"condition\" in function \"_require\"\n  Argument type is \"Unknown | bool\"",
            "range": {
                "start": {
                    "line": 303,
                    "character": 16
                },
                "end": {
                    "line": 305,
                    "character": 112
                }
            },
            "rule": "reportUnknownArgumentType"
        },
        {
            "file": "/dev/shm/hol-guard-takeover/work/hol-guard/ci/native_runtime/probe_native_default_auto.py",
            "severity": "warning",
            "message": "Type of \"get\" is partially unknown\n  Type of \"get\" is \"Overload[(key: Unknown, default: None = None, /) -> (Unknown | None), (key: Unknown, default: Unknown, /) -> Unknown, (key: Unknown, default: _T@get, /) -> (Unknown | _T@get)]\"",
            "range": {
                "start": {
                    "line": 304,
                    "character": 20
                },
                "end": {
                    "line": 304,
                    "character": 32
                }
            },
            "rule": "reportUnknownMemberType"
        },
        {
            "file": "/dev/shm/hol-guard-takeover/work/hol-guard/ci/native_runtime/probe_native_default_auto.py",
            "severity": "warning",
            "message": "Type of \"get\" is partially unknown\n  Type of \"get\" is \"Overload[(key: Unknown, default: None = None, /) -> (Unknown | None), (key: Unknown, default: Unknown, /) -> Unknown, (key: Unknown, default: _T@get, /) -> (Unknown | _T@get)]\"",
            "range": {
                "start": {
                    "line": 305,
                    "character": 20
                },
                "end": {
                    "line": 305,
                    "character": 32
                }
            },
            "rule": "reportUnknownMemberType"
        },
        {
            "file": "/dev/shm/hol-guard-takeover/work/hol-guard/ci/native_runtime/probe_native_default_auto.py",
            "severity": "warning",
            "message": "Argument type is partially unknown\n  Argument corresponds to parameter \"detail\" in function \"_require\"\n  Argument type is \"dict[str, str | dict[Unknown, Unknown]]\"",
            "range": {
                "start": {
                    "line": 306,
                    "character": 16
                },
                "end": {
                    "line": 306,
                    "character": 52
                }
            },
            "rule": "reportUnknownArgumentType"
        },
        {
            "file": "/dev/shm/hol-guard-takeover/work/hol-guard/ci/native_runtime/probe_native_default_auto.py",
            "severity": "warning",
            "message": "Type of \"get\" is partially unknown\n  Type of \"get\" is \"Overload[(key: Unknown, default: None = None, /) -> (Unknown | None), (key: Unknown, default: Unknown, /) -> Unknown, (key: Unknown, default: _T@get, /) -> (Unknown | _T@get)]\"",
            "range": {
                "start": {
                    "line": 309,
                    "character": 28
                },
                "end": {
                    "line": 309,
                    "character": 40
                }
            },
            "rule": "reportUnknownMemberType"
        },
        {
            "file": "/dev/shm/hol-guard-takeover/work/hol-guard/ci/native_runtime/probe_native_default_auto.py",
            "severity": "warning",
            "message": "Type of \"get\" is partially unknown\n  Type of \"get\" is \"Overload[(key: Unknown, default: None = None, /) -> (Unknown | None), (key: Unknown, default: Unknown, /) -> Unknown, (key: Unknown, default: _T@get, /) -> (Unknown | _T@get)]\"",
            "range": {
                "start": {
                    "line": 310,
                    "character": 31
                },
                "end": {
                    "line": 310,
                    "character": 43
                }
            },
            "rule": "reportUnknownMemberType"
        },
        {
            "file": "/dev/shm/hol-guard-takeover/work/hol-guard/ci/native_runtime/probe_native_default_auto.py",
            "severity": "warning",
            "message": "\"_server\" is protected and used outside of the class in which it is declared",
            "range": {
                "start": {
                    "line": 311,
                    "character": 40
                },
                "end": {
                    "line": 311,
                    "character": 47
                }
            },
            "rule": "reportPrivateUsage"
        },
        {
            "file": "/dev/shm/hol-guard-takeover/work/hol-guard/ci/native_runtime/probe_native_default_auto.py",
            "severity": "warning",
            "message": "Result of call expression is of type \"str | None\" and is not used; assign to variable \"_\" if this is intentional",
            "range": {
                "start": {
                    "line": 315,
                    "character": 8
                },
                "end": {
                    "line": 315,
                    "character": 48
                }
            },
            "rule": "reportUnusedCallResult"
        },
        {
            "file": "/dev/shm/hol-guard-takeover/work/hol-guard/ci/native_runtime/probe_native_default_auto.py",
            "severity": "warning",
            "message": "Argument type is Any\n  Argument corresponds to parameter \"o\" in function \"__init__\"",
            "range": {
                "start": {
                    "line": 345,
                    "character": 24
                },
                "end": {
                    "line": 345,
                    "character": 28
                }
            },
            "rule": "reportAny"
        },
        {
            "file": "/dev/shm/hol-guard-takeover/work/hol-guard/ci/native_runtime/probe_native_default_auto.py",
            "severity": "warning",
            "message": "\"_server\" is protected and used outside of the class in which it is declared",
            "range": {
                "start": {
                    "line": 367,
                    "character": 40
                },
                "end": {
                    "line": 367,
                    "character": 47
                }
            },
            "rule": "reportPrivateUsage"
        },
        {
            "file": "/dev/shm/hol-guard-takeover/work/hol-guard/ci/native_runtime/probe_native_default_auto.py",
            "severity": "warning",
            "message": "\"_server\" is protected and used outside of the class in which it is declared",
            "range": {
                "start": {
                    "line": 379,
                    "character": 33
                },
                "end": {
                    "line": 379,
                    "character": 40
                }
            },
            "rule": "reportPrivateUsage"
        },
        {
            "file": "/dev/shm/hol-guard-takeover/work/hol-guard/ci/native_runtime/probe_native_default_auto.py",
            "severity": "warning",
            "message": "\"_server\" is protected and used outside of the class in which it is declared",
            "range": {
                "start": {
                    "line": 392,
                    "character": 31
                },
                "end": {
                    "line": 392,
                    "character": 38
                }
            },
            "rule": "reportPrivateUsage"
        },
        {
            "file": "/dev/shm/hol-guard-takeover/work/hol-guard/ci/native_runtime/probe_native_default_auto.py",
            "severity": "warning",
            "message": "\"_server\" is protected and used outside of the class in which it is declared",
            "range": {
                "start": {
                    "line": 398,
                    "character": 19
                },
                "end": {
                    "line": 398,
                    "character": 26
                }
            },
            "rule": "reportPrivateUsage"
        },
        {
            "file": "/dev/shm/hol-guard-takeover/work/hol-guard/ci/native_runtime/probe_native_default_auto.py",
            "severity": "warning",
            "message": "\"_server\" is protected and used outside of the class in which it is declared",
            "range": {
                "start": {
                    "line": 401,
                    "character": 24
                },
                "end": {
                    "line": 401,
                    "character": 31
                }
            },
            "rule": "reportPrivateUsage"
        },
        {
            "file": "/dev/shm/hol-guard-takeover/work/hol-guard/ci/native_runtime/probe_native_default_auto.py",
            "severity": "warning",
            "message": "Unnecessary isinstance call; \"Mapping[str, object]\" is always an instance of \"Mapping[Unknown, Unknown]\"",
            "range": {
                "start": {
                    "line": 406,
                    "character": 11
                },
                "end": {
                    "line": 406,
                    "character": 44
                }
            },
            "rule": "reportUnnecessaryIsInstance"
        },
        {
            "file": "/dev/shm/hol-guard-takeover/work/hol-guard/ci/native_runtime/probe_native_default_auto.py",
            "severity": "warning",
            "message": "Unnecessary isinstance call; \"Mapping[str, object]\" is always an instance of \"Mapping[Unknown, Unknown]\"",
            "range": {
                "start": {
                    "line": 406,
                    "character": 52
                },
                "end": {
                    "line": 406,
                    "character": 87
                }
            },
            "rule": "reportUnnecessaryIsInstance"
        },
        {
            "file": "/dev/shm/hol-guard-takeover/work/hol-guard/ci/native_runtime/probe_native_default_auto.py",
            "severity": "warning",
            "message": "Result of call expression is of type \"str | None\" and is not used; assign to variable \"_\" if this is intentional",
            "range": {
                "start": {
                    "line": 457,
                    "character": 8
                },
                "end": {
                    "line": 457,
                    "character": 48
                }
            },
            "rule": "reportUnusedCallResult"
        },
        {
            "file": "/dev/shm/hol-guard-takeover/work/hol-guard/ci/native_runtime/probe_native_default_auto.py",
            "severity": "warning",
            "message": "Result of call expression is of type \"str | None\" and is not used; assign to variable \"_\" if this is intentional",
            "range": {
                "start": {
                    "line": 489,
                    "character": 8
                },
                "end": {
                    "line": 489,
                    "character": 55
                }
            },
            "rule": "reportUnusedCallResult"
        },
        {
            "file": "/dev/shm/hol-guard-takeover/work/hol-guard/ci/native_runtime/probe_native_default_auto.py",
            "severity": "warning",
            "message": "Result of call expression is of type \"str | None\" and is not used; assign to variable \"_\" if this is intentional",
            "range": {
                "start": {
                    "line": 551,
                    "character": 8
                },
                "end": {
                    "line": 551,
                    "character": 48
                }
            },
            "rule": "reportUnusedCallResult"
        },
        {
            "file": "/dev/shm/hol-guard-takeover/work/hol-guard/ci/native_runtime/probe_native_default_auto.py",
            "severity": "warning",
            "message": "Result of call expression is of type \"int\" and is not used; assign to variable \"_\" if this is intentional",
            "range": {
                "start": {
                    "line": 597,
                    "character": 8
                },
                "end": {
                    "line": 597,
                    "character": 63
                }
            },
            "rule": "reportUnusedCallResult"
        },
        {
            "file": "/dev/shm/hol-guard-takeover/work/hol-guard/ci/native_runtime/probe_native_default_auto.py",
            "severity": "warning",
            "message": "Result of call expression is of type \"Action\" and is not used; assign to variable \"_\" if this is intentional",
            "range": {
                "start": {
                    "line": 604,
                    "character": 4
                },
                "end": {
                    "line": 604,
                    "character": 44
                }
            },
            "rule": "reportUnusedCallResult"
        },
        {
            "file": "/dev/shm/hol-guard-takeover/work/hol-guard/ci/native_runtime/probe_native_default_auto.py",
            "severity": "warning",
            "message": "Type of \"json\" is Any",
            "range": {
                "start": {
                    "line": 606,
                    "character": 36
                },
                "end": {
                    "line": 606,
                    "character": 50
                }
            },
            "rule": "reportAny"
        },
        {
            "file": "/dev/shm/hol-guard-takeover/work/hol-guard/ci/native_runtime/probe_native_default_auto.py",
            "severity": "warning",
            "message": "Argument type is Any\n  Argument corresponds to parameter \"json_path\" in function \"main\"",
            "range": {
                "start": {
                    "line": 606,
                    "character": 36
                },
                "end": {
                    "line": 606,
                    "character": 50
                }
            },
            "rule": "reportAny"
        }
    ],
    "summary": {
        "filesAnalyzed": 1,
        "errorCount": 0,
        "warningCount": 42,
        "informationCount": 0,
        "timeInSec": 3.357
    }
}
