..............FEEEEEE                                                    [100%]
==================================== ERRORS ====================================
_ ERROR at setup of test_config_capture_rejection_immediately_revokes_an_ack_during_publication[unreadable-workspace] _

cls = <class '_pytest.runner.CallInfo'>
func = <function call_and_report.<locals>.<lambda> at 0x7ff624647c40>
when = 'setup'
reraise = (<class '_pytest.outcomes.Exit'>, <class 'KeyboardInterrupt'>)

    @classmethod
    def from_call(
        cls,
        func: Callable[[], TResult],
        when: Literal["collect", "setup", "call", "teardown"],
        reraise: type[BaseException] | tuple[type[BaseException], ...] | None = None,
    ) -> CallInfo[TResult]:
        """Call func, wrapping the result in a CallInfo.
    
        :param func:
            The function to call. Called without arguments.
        :type func: Callable[[], _pytest.runner.TResult]
        :param when:
            The phase in which the function is called.
        :param reraise:
            Exception or exceptions that shall propagate if raised by the
            function, instead of being wrapped in the CallInfo.
        """
        excinfo = None
        instant = timing.Instant()
        try:
>           result: TResult | None = func()
                                     ^^^^^^

../hol-guard/.venv/lib/python3.12/site-packages/_pytest/runner.py:353: 
_ _ _ _ _ _ _ _ _ _ _ _ _ _ _ _ _ _ _ _ _ _ _ _ _ _ _ _ _ _ _ _ _ _ _ _ _ _ _ _ 
../hol-guard/.venv/lib/python3.12/site-packages/_pytest/runner.py:245: in <lambda>
    lambda: runtest_hook(item=item, **kwds),
            ^^^^^^^^^^^^^^^^^^^^^^^^^^^^^^^
../hol-guard/.venv/lib/python3.12/site-packages/pluggy/_hooks.py:512: in __call__
    return self._hookexec(self.name, self._hookimpls.copy(), kwargs, firstresult)
           ^^^^^^^^^^^^^^^^^^^^^^^^^^^^^^^^^^^^^^^^^^^^^^^^^^^^^^^^^^^^^^^^^^^^^^
../hol-guard/.venv/lib/python3.12/site-packages/pluggy/_manager.py:120: in _hookexec
    return self._inner_hookexec(hook_name, methods, kwargs, firstresult)
           ^^^^^^^^^^^^^^^^^^^^^^^^^^^^^^^^^^^^^^^^^^^^^^^^^^^^^^^^^^^^^
../hol-guard/.venv/lib/python3.12/site-packages/_pytest/logging.py:843: in pytest_runtest_setup
    yield
../hol-guard/.venv/lib/python3.12/site-packages/_pytest/capture.py:895: in pytest_runtest_setup
    return (yield)
            ^^^^^
../hol-guard/.venv/lib/python3.12/site-packages/_pytest/runner.py:165: in pytest_runtest_setup
    item.session._setupstate.setup(item)
../hol-guard/.venv/lib/python3.12/site-packages/_pytest/runner.py:523: in setup
    col.setup()
../hol-guard/.venv/lib/python3.12/site-packages/_pytest/python.py:1723: in setup
    self._request._fillfixtures()
../hol-guard/.venv/lib/python3.12/site-packages/_pytest/fixtures.py:707: in _fillfixtures
    item.funcargs[argname] = self.getfixturevalue(argname)
                             ^^^^^^^^^^^^^^^^^^^^^^^^^^^^^
../hol-guard/.venv/lib/python3.12/site-packages/_pytest/fixtures.py:539: in getfixturevalue
    fixturedef = self._get_active_fixturedef(argname)
                 ^^^^^^^^^^^^^^^^^^^^^^^^^^^^^^^^^^^^
../hol-guard/.venv/lib/python3.12/site-packages/_pytest/fixtures.py:627: in _get_active_fixturedef
    fixturedef.execute(request=subrequest)
../hol-guard/.venv/lib/python3.12/site-packages/_pytest/fixtures.py:1068: in execute
    fixturedef = request._get_active_fixturedef(argname)
                 ^^^^^^^^^^^^^^^^^^^^^^^^^^^^^^^^^^^^^^^
../hol-guard/.venv/lib/python3.12/site-packages/_pytest/fixtures.py:627: in _get_active_fixturedef
    fixturedef.execute(request=subrequest)
../hol-guard/.venv/lib/python3.12/site-packages/_pytest/fixtures.py:1110: in execute
    result: FixtureValue = ihook.pytest_fixture_setup(
../hol-guard/.venv/lib/python3.12/site-packages/pluggy/_hooks.py:512: in __call__
    return self._hookexec(self.name, self._hookimpls.copy(), kwargs, firstresult)
           ^^^^^^^^^^^^^^^^^^^^^^^^^^^^^^^^^^^^^^^^^^^^^^^^^^^^^^^^^^^^^^^^^^^^^^
../hol-guard/.venv/lib/python3.12/site-packages/pluggy/_manager.py:120: in _hookexec
    return self._inner_hookexec(hook_name, methods, kwargs, firstresult)
           ^^^^^^^^^^^^^^^^^^^^^^^^^^^^^^^^^^^^^^^^^^^^^^^^^^^^^^^^^^^^^
../hol-guard/.venv/lib/python3.12/site-packages/pluggy/_callers.py:53: in run_old_style_hookwrapper
    return result.get_result()
           ^^^^^^^^^^^^^^^^^^^
../hol-guard/.venv/lib/python3.12/site-packages/pluggy/_callers.py:38: in run_old_style_hookwrapper
    res = yield
          ^^^^^
../hol-guard/.venv/lib/python3.12/site-packages/_pytest/setuponly.py:36: in pytest_fixture_setup
    return (yield)
            ^^^^^
../hol-guard/.venv/lib/python3.12/site-packages/_pytest/fixtures.py:1202: in pytest_fixture_setup
    result = call_fixture_func(fixturefunc, request, kwargs)
             ^^^^^^^^^^^^^^^^^^^^^^^^^^^^^^^^^^^^^^^^^^^^^^^
../hol-guard/.venv/lib/python3.12/site-packages/_pytest/fixtures.py:908: in call_fixture_func
    fixture_result = next(generator)
                     ^^^^^^^^^^^^^^^
../hol-guard/.venv/lib/python3.12/site-packages/_pytest/tmpdir.py:289: in tmp_path
    path = _mk_tmp(request, tmp_path_factory)
           ^^^^^^^^^^^^^^^^^^^^^^^^^^^^^^^^^^
../hol-guard/.venv/lib/python3.12/site-packages/_pytest/tmpdir.py:276: in _mk_tmp
    return factory.mktemp(name, numbered=True)
           ^^^^^^^^^^^^^^^^^^^^^^^^^^^^^^^^^^^
../hol-guard/.venv/lib/python3.12/site-packages/_pytest/tmpdir.py:136: in mktemp
    p = make_numbered_dir(root=self.getbasetemp(), prefix=basename, mode=0o700)
        ^^^^^^^^^^^^^^^^^^^^^^^^^^^^^^^^^^^^^^^^^^^^^^^^^^^^^^^^^^^^^^^^^^^^^^^
_ _ _ _ _ _ _ _ _ _ _ _ _ _ _ _ _ _ _ _ _ _ _ _ _ _ _ _ _ _ _ _ _ _ _ _ _ _ _ _ 

root = PosixPath('/tmp/pytest-of-root/pytest-991')
prefix = 'test_config_capture_rejection_', mode = 448

    def make_numbered_dir(root: Path, prefix: str, mode: int = 0o700) -> Path:
        """Create a directory with an increased number as suffix for the given prefix."""
        for i in range(10):
            # try up to 10 times to create the folder
            max_existing = max(map(parse_num, find_suffixes(root, prefix)), default=-1)
            new_number = max_existing + 1
            new_path = root.joinpath(f"{prefix}{new_number}")
            try:
                new_path.mkdir(mode=mode)
            except Exception:
                pass
            else:
                _force_symlink(root, prefix + "current", new_path)
                return new_path
        else:
>           raise OSError(
                "could not create numbered dir with prefix "
                f"{prefix} in {root} after 10 tries"
            )
E           OSError: could not create numbered dir with prefix test_config_capture_rejection_ in /tmp/pytest-of-root/pytest-991 after 10 tries

../hol-guard/.venv/lib/python3.12/site-packages/_pytest/pathlib.py:240: OSError
_ ERROR at setup of test_config_capture_rejection_immediately_revokes_an_ack_during_publication[unreadable-legacy-workspace] _

cls = <class '_pytest.runner.CallInfo'>
func = <function call_and_report.<locals>.<lambda> at 0x7ff6245aa020>
when = 'setup'
reraise = (<class '_pytest.outcomes.Exit'>, <class 'KeyboardInterrupt'>)

    @classmethod
    def from_call(
        cls,
        func: Callable[[], TResult],
        when: Literal["collect", "setup", "call", "teardown"],
        reraise: type[BaseException] | tuple[type[BaseException], ...] | None = None,
    ) -> CallInfo[TResult]:
        """Call func, wrapping the result in a CallInfo.
    
        :param func:
            The function to call. Called without arguments.
        :type func: Callable[[], _pytest.runner.TResult]
        :param when:
            The phase in which the function is called.
        :param reraise:
            Exception or exceptions that shall propagate if raised by the
            function, instead of being wrapped in the CallInfo.
        """
        excinfo = None
        instant = timing.Instant()
        try:
>           result: TResult | None = func()
                                     ^^^^^^

../hol-guard/.venv/lib/python3.12/site-packages/_pytest/runner.py:353: 
_ _ _ _ _ _ _ _ _ _ _ _ _ _ _ _ _ _ _ _ _ _ _ _ _ _ _ _ _ _ _ _ _ _ _ _ _ _ _ _ 
../hol-guard/.venv/lib/python3.12/site-packages/_pytest/runner.py:245: in <lambda>
    lambda: runtest_hook(item=item, **kwds),
            ^^^^^^^^^^^^^^^^^^^^^^^^^^^^^^^
../hol-guard/.venv/lib/python3.12/site-packages/pluggy/_hooks.py:512: in __call__
    return self._hookexec(self.name, self._hookimpls.copy(), kwargs, firstresult)
           ^^^^^^^^^^^^^^^^^^^^^^^^^^^^^^^^^^^^^^^^^^^^^^^^^^^^^^^^^^^^^^^^^^^^^^
../hol-guard/.venv/lib/python3.12/site-packages/pluggy/_manager.py:120: in _hookexec
    return self._inner_hookexec(hook_name, methods, kwargs, firstresult)
           ^^^^^^^^^^^^^^^^^^^^^^^^^^^^^^^^^^^^^^^^^^^^^^^^^^^^^^^^^^^^^
../hol-guard/.venv/lib/python3.12/site-packages/_pytest/logging.py:843: in pytest_runtest_setup
    yield
../hol-guard/.venv/lib/python3.12/site-packages/_pytest/capture.py:895: in pytest_runtest_setup
    return (yield)
            ^^^^^
../hol-guard/.venv/lib/python3.12/site-packages/_pytest/runner.py:165: in pytest_runtest_setup
    item.session._setupstate.setup(item)
../hol-guard/.venv/lib/python3.12/site-packages/_pytest/runner.py:523: in setup
    col.setup()
../hol-guard/.venv/lib/python3.12/site-packages/_pytest/python.py:1723: in setup
    self._request._fillfixtures()
../hol-guard/.venv/lib/python3.12/site-packages/_pytest/fixtures.py:707: in _fillfixtures
    item.funcargs[argname] = self.getfixturevalue(argname)
                             ^^^^^^^^^^^^^^^^^^^^^^^^^^^^^
../hol-guard/.venv/lib/python3.12/site-packages/_pytest/fixtures.py:539: in getfixturevalue
    fixturedef = self._get_active_fixturedef(argname)
                 ^^^^^^^^^^^^^^^^^^^^^^^^^^^^^^^^^^^^
../hol-guard/.venv/lib/python3.12/site-packages/_pytest/fixtures.py:627: in _get_active_fixturedef
    fixturedef.execute(request=subrequest)
../hol-guard/.venv/lib/python3.12/site-packages/_pytest/fixtures.py:1068: in execute
    fixturedef = request._get_active_fixturedef(argname)
                 ^^^^^^^^^^^^^^^^^^^^^^^^^^^^^^^^^^^^^^^
../hol-guard/.venv/lib/python3.12/site-packages/_pytest/fixtures.py:627: in _get_active_fixturedef
    fixturedef.execute(request=subrequest)
../hol-guard/.venv/lib/python3.12/site-packages/_pytest/fixtures.py:1110: in execute
    result: FixtureValue = ihook.pytest_fixture_setup(
../hol-guard/.venv/lib/python3.12/site-packages/pluggy/_hooks.py:512: in __call__
    return self._hookexec(self.name, self._hookimpls.copy(), kwargs, firstresult)
           ^^^^^^^^^^^^^^^^^^^^^^^^^^^^^^^^^^^^^^^^^^^^^^^^^^^^^^^^^^^^^^^^^^^^^^
../hol-guard/.venv/lib/python3.12/site-packages/pluggy/_manager.py:120: in _hookexec
    return self._inner_hookexec(hook_name, methods, kwargs, firstresult)
           ^^^^^^^^^^^^^^^^^^^^^^^^^^^^^^^^^^^^^^^^^^^^^^^^^^^^^^^^^^^^^
../hol-guard/.venv/lib/python3.12/site-packages/pluggy/_callers.py:53: in run_old_style_hookwrapper
    return result.get_result()
           ^^^^^^^^^^^^^^^^^^^
../hol-guard/.venv/lib/python3.12/site-packages/pluggy/_callers.py:38: in run_old_style_hookwrapper
    res = yield
          ^^^^^
../hol-guard/.venv/lib/python3.12/site-packages/_pytest/setuponly.py:36: in pytest_fixture_setup
    return (yield)
            ^^^^^
../hol-guard/.venv/lib/python3.12/site-packages/_pytest/fixtures.py:1202: in pytest_fixture_setup
    result = call_fixture_func(fixturefunc, request, kwargs)
             ^^^^^^^^^^^^^^^^^^^^^^^^^^^^^^^^^^^^^^^^^^^^^^^
../hol-guard/.venv/lib/python3.12/site-packages/_pytest/fixtures.py:908: in call_fixture_func
    fixture_result = next(generator)
                     ^^^^^^^^^^^^^^^
../hol-guard/.venv/lib/python3.12/site-packages/_pytest/tmpdir.py:289: in tmp_path
    path = _mk_tmp(request, tmp_path_factory)
           ^^^^^^^^^^^^^^^^^^^^^^^^^^^^^^^^^^
../hol-guard/.venv/lib/python3.12/site-packages/_pytest/tmpdir.py:276: in _mk_tmp
    return factory.mktemp(name, numbered=True)
           ^^^^^^^^^^^^^^^^^^^^^^^^^^^^^^^^^^^
../hol-guard/.venv/lib/python3.12/site-packages/_pytest/tmpdir.py:136: in mktemp
    p = make_numbered_dir(root=self.getbasetemp(), prefix=basename, mode=0o700)
        ^^^^^^^^^^^^^^^^^^^^^^^^^^^^^^^^^^^^^^^^^^^^^^^^^^^^^^^^^^^^^^^^^^^^^^^
_ _ _ _ _ _ _ _ _ _ _ _ _ _ _ _ _ _ _ _ _ _ _ _ _ _ _ _ _ _ _ _ _ _ _ _ _ _ _ _ 

root = PosixPath('/tmp/pytest-of-root/pytest-991')
prefix = 'test_config_capture_rejection_', mode = 448

    def make_numbered_dir(root: Path, prefix: str, mode: int = 0o700) -> Path:
        """Create a directory with an increased number as suffix for the given prefix."""
        for i in range(10):
            # try up to 10 times to create the folder
            max_existing = max(map(parse_num, find_suffixes(root, prefix)), default=-1)
            new_number = max_existing + 1
            new_path = root.joinpath(f"{prefix}{new_number}")
            try:
                new_path.mkdir(mode=mode)
            except Exception:
                pass
            else:
                _force_symlink(root, prefix + "current", new_path)
                return new_path
        else:
>           raise OSError(
                "could not create numbered dir with prefix "
                f"{prefix} in {root} after 10 tries"
            )
E           OSError: could not create numbered dir with prefix test_config_capture_rejection_ in /tmp/pytest-of-root/pytest-991 after 10 tries

../hol-guard/.venv/lib/python3.12/site-packages/_pytest/pathlib.py:240: OSError
_ ERROR at setup of test_config_capture_uses_the_same_size_limit_as_ordinary_loading _

cls = <class '_pytest.runner.CallInfo'>
func = <function call_and_report.<locals>.<lambda> at 0x7ff6245a9800>
when = 'setup'
reraise = (<class '_pytest.outcomes.Exit'>, <class 'KeyboardInterrupt'>)

    @classmethod
    def from_call(
        cls,
        func: Callable[[], TResult],
        when: Literal["collect", "setup", "call", "teardown"],
        reraise: type[BaseException] | tuple[type[BaseException], ...] | None = None,
    ) -> CallInfo[TResult]:
        """Call func, wrapping the result in a CallInfo.
    
        :param func:
            The function to call. Called without arguments.
        :type func: Callable[[], _pytest.runner.TResult]
        :param when:
            The phase in which the function is called.
        :param reraise:
            Exception or exceptions that shall propagate if raised by the
            function, instead of being wrapped in the CallInfo.
        """
        excinfo = None
        instant = timing.Instant()
        try:
>           result: TResult | None = func()
                                     ^^^^^^

../hol-guard/.venv/lib/python3.12/site-packages/_pytest/runner.py:353: 
_ _ _ _ _ _ _ _ _ _ _ _ _ _ _ _ _ _ _ _ _ _ _ _ _ _ _ _ _ _ _ _ _ _ _ _ _ _ _ _ 
../hol-guard/.venv/lib/python3.12/site-packages/_pytest/runner.py:245: in <lambda>
    lambda: runtest_hook(item=item, **kwds),
            ^^^^^^^^^^^^^^^^^^^^^^^^^^^^^^^
../hol-guard/.venv/lib/python3.12/site-packages/pluggy/_hooks.py:512: in __call__
    return self._hookexec(self.name, self._hookimpls.copy(), kwargs, firstresult)
           ^^^^^^^^^^^^^^^^^^^^^^^^^^^^^^^^^^^^^^^^^^^^^^^^^^^^^^^^^^^^^^^^^^^^^^
../hol-guard/.venv/lib/python3.12/site-packages/pluggy/_manager.py:120: in _hookexec
    return self._inner_hookexec(hook_name, methods, kwargs, firstresult)
           ^^^^^^^^^^^^^^^^^^^^^^^^^^^^^^^^^^^^^^^^^^^^^^^^^^^^^^^^^^^^^
../hol-guard/.venv/lib/python3.12/site-packages/_pytest/logging.py:843: in pytest_runtest_setup
    yield
../hol-guard/.venv/lib/python3.12/site-packages/_pytest/capture.py:895: in pytest_runtest_setup
    return (yield)
            ^^^^^
../hol-guard/.venv/lib/python3.12/site-packages/_pytest/runner.py:165: in pytest_runtest_setup
    item.session._setupstate.setup(item)
../hol-guard/.venv/lib/python3.12/site-packages/_pytest/runner.py:523: in setup
    col.setup()
../hol-guard/.venv/lib/python3.12/site-packages/_pytest/python.py:1723: in setup
    self._request._fillfixtures()
../hol-guard/.venv/lib/python3.12/site-packages/_pytest/fixtures.py:707: in _fillfixtures
    item.funcargs[argname] = self.getfixturevalue(argname)
                             ^^^^^^^^^^^^^^^^^^^^^^^^^^^^^
../hol-guard/.venv/lib/python3.12/site-packages/_pytest/fixtures.py:539: in getfixturevalue
    fixturedef = self._get_active_fixturedef(argname)
                 ^^^^^^^^^^^^^^^^^^^^^^^^^^^^^^^^^^^^
../hol-guard/.venv/lib/python3.12/site-packages/_pytest/fixtures.py:627: in _get_active_fixturedef
    fixturedef.execute(request=subrequest)
../hol-guard/.venv/lib/python3.12/site-packages/_pytest/fixtures.py:1068: in execute
    fixturedef = request._get_active_fixturedef(argname)
                 ^^^^^^^^^^^^^^^^^^^^^^^^^^^^^^^^^^^^^^^
../hol-guard/.venv/lib/python3.12/site-packages/_pytest/fixtures.py:627: in _get_active_fixturedef
    fixturedef.execute(request=subrequest)
../hol-guard/.venv/lib/python3.12/site-packages/_pytest/fixtures.py:1110: in execute
    result: FixtureValue = ihook.pytest_fixture_setup(
../hol-guard/.venv/lib/python3.12/site-packages/pluggy/_hooks.py:512: in __call__
    return self._hookexec(self.name, self._hookimpls.copy(), kwargs, firstresult)
           ^^^^^^^^^^^^^^^^^^^^^^^^^^^^^^^^^^^^^^^^^^^^^^^^^^^^^^^^^^^^^^^^^^^^^^
../hol-guard/.venv/lib/python3.12/site-packages/pluggy/_manager.py:120: in _hookexec
    return self._inner_hookexec(hook_name, methods, kwargs, firstresult)
           ^^^^^^^^^^^^^^^^^^^^^^^^^^^^^^^^^^^^^^^^^^^^^^^^^^^^^^^^^^^^^
../hol-guard/.venv/lib/python3.12/site-packages/pluggy/_callers.py:53: in run_old_style_hookwrapper
    return result.get_result()
           ^^^^^^^^^^^^^^^^^^^
../hol-guard/.venv/lib/python3.12/site-packages/pluggy/_callers.py:38: in run_old_style_hookwrapper
    res = yield
          ^^^^^
../hol-guard/.venv/lib/python3.12/site-packages/_pytest/setuponly.py:36: in pytest_fixture_setup
    return (yield)
            ^^^^^
../hol-guard/.venv/lib/python3.12/site-packages/_pytest/fixtures.py:1202: in pytest_fixture_setup
    result = call_fixture_func(fixturefunc, request, kwargs)
             ^^^^^^^^^^^^^^^^^^^^^^^^^^^^^^^^^^^^^^^^^^^^^^^
../hol-guard/.venv/lib/python3.12/site-packages/_pytest/fixtures.py:908: in call_fixture_func
    fixture_result = next(generator)
                     ^^^^^^^^^^^^^^^
../hol-guard/.venv/lib/python3.12/site-packages/_pytest/tmpdir.py:289: in tmp_path
    path = _mk_tmp(request, tmp_path_factory)
           ^^^^^^^^^^^^^^^^^^^^^^^^^^^^^^^^^^
../hol-guard/.venv/lib/python3.12/site-packages/_pytest/tmpdir.py:276: in _mk_tmp
    return factory.mktemp(name, numbered=True)
           ^^^^^^^^^^^^^^^^^^^^^^^^^^^^^^^^^^^
../hol-guard/.venv/lib/python3.12/site-packages/_pytest/tmpdir.py:136: in mktemp
    p = make_numbered_dir(root=self.getbasetemp(), prefix=basename, mode=0o700)
        ^^^^^^^^^^^^^^^^^^^^^^^^^^^^^^^^^^^^^^^^^^^^^^^^^^^^^^^^^^^^^^^^^^^^^^^
_ _ _ _ _ _ _ _ _ _ _ _ _ _ _ _ _ _ _ _ _ _ _ _ _ _ _ _ _ _ _ _ _ _ _ _ _ _ _ _ 

root = PosixPath('/tmp/pytest-of-root/pytest-991')
prefix = 'test_config_capture_uses_the_s', mode = 448

    def make_numbered_dir(root: Path, prefix: str, mode: int = 0o700) -> Path:
        """Create a directory with an increased number as suffix for the given prefix."""
        for i in range(10):
            # try up to 10 times to create the folder
            max_existing = max(map(parse_num, find_suffixes(root, prefix)), default=-1)
            new_number = max_existing + 1
            new_path = root.joinpath(f"{prefix}{new_number}")
            try:
                new_path.mkdir(mode=mode)
            except Exception:
                pass
            else:
                _force_symlink(root, prefix + "current", new_path)
                return new_path
        else:
>           raise OSError(
                "could not create numbered dir with prefix "
                f"{prefix} in {root} after 10 tries"
            )
E           OSError: could not create numbered dir with prefix test_config_capture_uses_the_s in /tmp/pytest-of-root/pytest-991 after 10 tries

../hol-guard/.venv/lib/python3.12/site-packages/_pytest/pathlib.py:240: OSError
_ ERROR at setup of test_managed_cache_is_repaired_before_machine_source_disappears[deleted] _

cls = <class '_pytest.runner.CallInfo'>
func = <function call_and_report.<locals>.<lambda> at 0x7ff623cebf60>
when = 'setup'
reraise = (<class '_pytest.outcomes.Exit'>, <class 'KeyboardInterrupt'>)

    @classmethod
    def from_call(
        cls,
        func: Callable[[], TResult],
        when: Literal["collect", "setup", "call", "teardown"],
        reraise: type[BaseException] | tuple[type[BaseException], ...] | None = None,
    ) -> CallInfo[TResult]:
        """Call func, wrapping the result in a CallInfo.
    
        :param func:
            The function to call. Called without arguments.
        :type func: Callable[[], _pytest.runner.TResult]
        :param when:
            The phase in which the function is called.
        :param reraise:
            Exception or exceptions that shall propagate if raised by the
            function, instead of being wrapped in the CallInfo.
        """
        excinfo = None
        instant = timing.Instant()
        try:
>           result: TResult | None = func()
                                     ^^^^^^

../hol-guard/.venv/lib/python3.12/site-packages/_pytest/runner.py:353: 
_ _ _ _ _ _ _ _ _ _ _ _ _ _ _ _ _ _ _ _ _ _ _ _ _ _ _ _ _ _ _ _ _ _ _ _ _ _ _ _ 
../hol-guard/.venv/lib/python3.12/site-packages/_pytest/runner.py:245: in <lambda>
    lambda: runtest_hook(item=item, **kwds),
            ^^^^^^^^^^^^^^^^^^^^^^^^^^^^^^^
../hol-guard/.venv/lib/python3.12/site-packages/pluggy/_hooks.py:512: in __call__
    return self._hookexec(self.name, self._hookimpls.copy(), kwargs, firstresult)
           ^^^^^^^^^^^^^^^^^^^^^^^^^^^^^^^^^^^^^^^^^^^^^^^^^^^^^^^^^^^^^^^^^^^^^^
../hol-guard/.venv/lib/python3.12/site-packages/pluggy/_manager.py:120: in _hookexec
    return self._inner_hookexec(hook_name, methods, kwargs, firstresult)
           ^^^^^^^^^^^^^^^^^^^^^^^^^^^^^^^^^^^^^^^^^^^^^^^^^^^^^^^^^^^^^
../hol-guard/.venv/lib/python3.12/site-packages/_pytest/logging.py:843: in pytest_runtest_setup
    yield
../hol-guard/.venv/lib/python3.12/site-packages/_pytest/capture.py:895: in pytest_runtest_setup
    return (yield)
            ^^^^^
../hol-guard/.venv/lib/python3.12/site-packages/_pytest/runner.py:165: in pytest_runtest_setup
    item.session._setupstate.setup(item)
../hol-guard/.venv/lib/python3.12/site-packages/_pytest/runner.py:523: in setup
    col.setup()
../hol-guard/.venv/lib/python3.12/site-packages/_pytest/python.py:1723: in setup
    self._request._fillfixtures()
../hol-guard/.venv/lib/python3.12/site-packages/_pytest/fixtures.py:707: in _fillfixtures
    item.funcargs[argname] = self.getfixturevalue(argname)
                             ^^^^^^^^^^^^^^^^^^^^^^^^^^^^^
../hol-guard/.venv/lib/python3.12/site-packages/_pytest/fixtures.py:539: in getfixturevalue
    fixturedef = self._get_active_fixturedef(argname)
                 ^^^^^^^^^^^^^^^^^^^^^^^^^^^^^^^^^^^^
../hol-guard/.venv/lib/python3.12/site-packages/_pytest/fixtures.py:627: in _get_active_fixturedef
    fixturedef.execute(request=subrequest)
../hol-guard/.venv/lib/python3.12/site-packages/_pytest/fixtures.py:1068: in execute
    fixturedef = request._get_active_fixturedef(argname)
                 ^^^^^^^^^^^^^^^^^^^^^^^^^^^^^^^^^^^^^^^
../hol-guard/.venv/lib/python3.12/site-packages/_pytest/fixtures.py:627: in _get_active_fixturedef
    fixturedef.execute(request=subrequest)
../hol-guard/.venv/lib/python3.12/site-packages/_pytest/fixtures.py:1110: in execute
    result: FixtureValue = ihook.pytest_fixture_setup(
../hol-guard/.venv/lib/python3.12/site-packages/pluggy/_hooks.py:512: in __call__
    return self._hookexec(self.name, self._hookimpls.copy(), kwargs, firstresult)
           ^^^^^^^^^^^^^^^^^^^^^^^^^^^^^^^^^^^^^^^^^^^^^^^^^^^^^^^^^^^^^^^^^^^^^^
../hol-guard/.venv/lib/python3.12/site-packages/pluggy/_manager.py:120: in _hookexec
    return self._inner_hookexec(hook_name, methods, kwargs, firstresult)
           ^^^^^^^^^^^^^^^^^^^^^^^^^^^^^^^^^^^^^^^^^^^^^^^^^^^^^^^^^^^^^
../hol-guard/.venv/lib/python3.12/site-packages/pluggy/_callers.py:53: in run_old_style_hookwrapper
    return result.get_result()
           ^^^^^^^^^^^^^^^^^^^
../hol-guard/.venv/lib/python3.12/site-packages/pluggy/_callers.py:38: in run_old_style_hookwrapper
    res = yield
          ^^^^^
../hol-guard/.venv/lib/python3.12/site-packages/_pytest/setuponly.py:36: in pytest_fixture_setup
    return (yield)
            ^^^^^
../hol-guard/.venv/lib/python3.12/site-packages/_pytest/fixtures.py:1202: in pytest_fixture_setup
    result = call_fixture_func(fixturefunc, request, kwargs)
             ^^^^^^^^^^^^^^^^^^^^^^^^^^^^^^^^^^^^^^^^^^^^^^^
../hol-guard/.venv/lib/python3.12/site-packages/_pytest/fixtures.py:908: in call_fixture_func
    fixture_result = next(generator)
                     ^^^^^^^^^^^^^^^
../hol-guard/.venv/lib/python3.12/site-packages/_pytest/tmpdir.py:289: in tmp_path
    path = _mk_tmp(request, tmp_path_factory)
           ^^^^^^^^^^^^^^^^^^^^^^^^^^^^^^^^^^
../hol-guard/.venv/lib/python3.12/site-packages/_pytest/tmpdir.py:276: in _mk_tmp
    return factory.mktemp(name, numbered=True)
           ^^^^^^^^^^^^^^^^^^^^^^^^^^^^^^^^^^^
../hol-guard/.venv/lib/python3.12/site-packages/_pytest/tmpdir.py:136: in mktemp
    p = make_numbered_dir(root=self.getbasetemp(), prefix=basename, mode=0o700)
        ^^^^^^^^^^^^^^^^^^^^^^^^^^^^^^^^^^^^^^^^^^^^^^^^^^^^^^^^^^^^^^^^^^^^^^^
_ _ _ _ _ _ _ _ _ _ _ _ _ _ _ _ _ _ _ _ _ _ _ _ _ _ _ _ _ _ _ _ _ _ _ _ _ _ _ _ 

root = PosixPath('/tmp/pytest-of-root/pytest-991')
prefix = 'test_managed_cache_is_repaired', mode = 448

    def make_numbered_dir(root: Path, prefix: str, mode: int = 0o700) -> Path:
        """Create a directory with an increased number as suffix for the given prefix."""
        for i in range(10):
            # try up to 10 times to create the folder
            max_existing = max(map(parse_num, find_suffixes(root, prefix)), default=-1)
            new_number = max_existing + 1
            new_path = root.joinpath(f"{prefix}{new_number}")
            try:
                new_path.mkdir(mode=mode)
            except Exception:
                pass
            else:
                _force_symlink(root, prefix + "current", new_path)
                return new_path
        else:
>           raise OSError(
                "could not create numbered dir with prefix "
                f"{prefix} in {root} after 10 tries"
            )
E           OSError: could not create numbered dir with prefix test_managed_cache_is_repaired in /tmp/pytest-of-root/pytest-991 after 10 tries

../hol-guard/.venv/lib/python3.12/site-packages/_pytest/pathlib.py:240: OSError
_ ERROR at setup of test_managed_cache_is_repaired_before_machine_source_disappears[tampered] _

cls = <class '_pytest.runner.CallInfo'>
func = <function call_and_report.<locals>.<lambda> at 0x7ff623ce9d00>
when = 'setup'
reraise = (<class '_pytest.outcomes.Exit'>, <class 'KeyboardInterrupt'>)

    @classmethod
    def from_call(
        cls,
        func: Callable[[], TResult],
        when: Literal["collect", "setup", "call", "teardown"],
        reraise: type[BaseException] | tuple[type[BaseException], ...] | None = None,
    ) -> CallInfo[TResult]:
        """Call func, wrapping the result in a CallInfo.
    
        :param func:
            The function to call. Called without arguments.
        :type func: Callable[[], _pytest.runner.TResult]
        :param when:
            The phase in which the function is called.
        :param reraise:
            Exception or exceptions that shall propagate if raised by the
            function, instead of being wrapped in the CallInfo.
        """
        excinfo = None
        instant = timing.Instant()
        try:
>           result: TResult | None = func()
                                     ^^^^^^

../hol-guard/.venv/lib/python3.12/site-packages/_pytest/runner.py:353: 
_ _ _ _ _ _ _ _ _ _ _ _ _ _ _ _ _ _ _ _ _ _ _ _ _ _ _ _ _ _ _ _ _ _ _ _ _ _ _ _ 
../hol-guard/.venv/lib/python3.12/site-packages/_pytest/runner.py:245: in <lambda>
    lambda: runtest_hook(item=item, **kwds),
            ^^^^^^^^^^^^^^^^^^^^^^^^^^^^^^^
../hol-guard/.venv/lib/python3.12/site-packages/pluggy/_hooks.py:512: in __call__
    return self._hookexec(self.name, self._hookimpls.copy(), kwargs, firstresult)
           ^^^^^^^^^^^^^^^^^^^^^^^^^^^^^^^^^^^^^^^^^^^^^^^^^^^^^^^^^^^^^^^^^^^^^^
../hol-guard/.venv/lib/python3.12/site-packages/pluggy/_manager.py:120: in _hookexec
    return self._inner_hookexec(hook_name, methods, kwargs, firstresult)
           ^^^^^^^^^^^^^^^^^^^^^^^^^^^^^^^^^^^^^^^^^^^^^^^^^^^^^^^^^^^^^
../hol-guard/.venv/lib/python3.12/site-packages/_pytest/logging.py:843: in pytest_runtest_setup
    yield
../hol-guard/.venv/lib/python3.12/site-packages/_pytest/capture.py:895: in pytest_runtest_setup
    return (yield)
            ^^^^^
../hol-guard/.venv/lib/python3.12/site-packages/_pytest/runner.py:165: in pytest_runtest_setup
    item.session._setupstate.setup(item)
../hol-guard/.venv/lib/python3.12/site-packages/_pytest/runner.py:523: in setup
    col.setup()
../hol-guard/.venv/lib/python3.12/site-packages/_pytest/python.py:1723: in setup
    self._request._fillfixtures()
../hol-guard/.venv/lib/python3.12/site-packages/_pytest/fixtures.py:707: in _fillfixtures
    item.funcargs[argname] = self.getfixturevalue(argname)
                             ^^^^^^^^^^^^^^^^^^^^^^^^^^^^^
../hol-guard/.venv/lib/python3.12/site-packages/_pytest/fixtures.py:539: in getfixturevalue
    fixturedef = self._get_active_fixturedef(argname)
                 ^^^^^^^^^^^^^^^^^^^^^^^^^^^^^^^^^^^^
../hol-guard/.venv/lib/python3.12/site-packages/_pytest/fixtures.py:627: in _get_active_fixturedef
    fixturedef.execute(request=subrequest)
../hol-guard/.venv/lib/python3.12/site-packages/_pytest/fixtures.py:1068: in execute
    fixturedef = request._get_active_fixturedef(argname)
                 ^^^^^^^^^^^^^^^^^^^^^^^^^^^^^^^^^^^^^^^
../hol-guard/.venv/lib/python3.12/site-packages/_pytest/fixtures.py:627: in _get_active_fixturedef
    fixturedef.execute(request=subrequest)
../hol-guard/.venv/lib/python3.12/site-packages/_pytest/fixtures.py:1110: in execute
    result: FixtureValue = ihook.pytest_fixture_setup(
../hol-guard/.venv/lib/python3.12/site-packages/pluggy/_hooks.py:512: in __call__
    return self._hookexec(self.name, self._hookimpls.copy(), kwargs, firstresult)
           ^^^^^^^^^^^^^^^^^^^^^^^^^^^^^^^^^^^^^^^^^^^^^^^^^^^^^^^^^^^^^^^^^^^^^^
../hol-guard/.venv/lib/python3.12/site-packages/pluggy/_manager.py:120: in _hookexec
    return self._inner_hookexec(hook_name, methods, kwargs, firstresult)
           ^^^^^^^^^^^^^^^^^^^^^^^^^^^^^^^^^^^^^^^^^^^^^^^^^^^^^^^^^^^^^
../hol-guard/.venv/lib/python3.12/site-packages/pluggy/_callers.py:53: in run_old_style_hookwrapper
    return result.get_result()
           ^^^^^^^^^^^^^^^^^^^
../hol-guard/.venv/lib/python3.12/site-packages/pluggy/_callers.py:38: in run_old_style_hookwrapper
    res = yield
          ^^^^^
../hol-guard/.venv/lib/python3.12/site-packages/_pytest/setuponly.py:36: in pytest_fixture_setup
    return (yield)
            ^^^^^
../hol-guard/.venv/lib/python3.12/site-packages/_pytest/fixtures.py:1202: in pytest_fixture_setup
    result = call_fixture_func(fixturefunc, request, kwargs)
             ^^^^^^^^^^^^^^^^^^^^^^^^^^^^^^^^^^^^^^^^^^^^^^^
../hol-guard/.venv/lib/python3.12/site-packages/_pytest/fixtures.py:908: in call_fixture_func
    fixture_result = next(generator)
                     ^^^^^^^^^^^^^^^
../hol-guard/.venv/lib/python3.12/site-packages/_pytest/tmpdir.py:289: in tmp_path
    path = _mk_tmp(request, tmp_path_factory)
           ^^^^^^^^^^^^^^^^^^^^^^^^^^^^^^^^^^
../hol-guard/.venv/lib/python3.12/site-packages/_pytest/tmpdir.py:276: in _mk_tmp
    return factory.mktemp(name, numbered=True)
           ^^^^^^^^^^^^^^^^^^^^^^^^^^^^^^^^^^^
../hol-guard/.venv/lib/python3.12/site-packages/_pytest/tmpdir.py:136: in mktemp
    p = make_numbered_dir(root=self.getbasetemp(), prefix=basename, mode=0o700)
        ^^^^^^^^^^^^^^^^^^^^^^^^^^^^^^^^^^^^^^^^^^^^^^^^^^^^^^^^^^^^^^^^^^^^^^^
_ _ _ _ _ _ _ _ _ _ _ _ _ _ _ _ _ _ _ _ _ _ _ _ _ _ _ _ _ _ _ _ _ _ _ _ _ _ _ _ 

root = PosixPath('/tmp/pytest-of-root/pytest-991')
prefix = 'test_managed_cache_is_repaired', mode = 448

    def make_numbered_dir(root: Path, prefix: str, mode: int = 0o700) -> Path:
        """Create a directory with an increased number as suffix for the given prefix."""
        for i in range(10):
            # try up to 10 times to create the folder
            max_existing = max(map(parse_num, find_suffixes(root, prefix)), default=-1)
            new_number = max_existing + 1
            new_path = root.joinpath(f"{prefix}{new_number}")
            try:
                new_path.mkdir(mode=mode)
            except Exception:
                pass
            else:
                _force_symlink(root, prefix + "current", new_path)
                return new_path
        else:
>           raise OSError(
                "could not create numbered dir with prefix "
                f"{prefix} in {root} after 10 tries"
            )
E           OSError: could not create numbered dir with prefix test_managed_cache_is_repaired in /tmp/pytest-of-root/pytest-991 after 10 tries

../hol-guard/.venv/lib/python3.12/site-packages/_pytest/pathlib.py:240: OSError
_ ERROR at setup of test_background_config_change_publishes_updated_snapshot_without_db_write _

cls = <class '_pytest.runner.CallInfo'>
func = <function call_and_report.<locals>.<lambda> at 0x7ff623ceba60>
when = 'setup'
reraise = (<class '_pytest.outcomes.Exit'>, <class 'KeyboardInterrupt'>)

    @classmethod
    def from_call(
        cls,
        func: Callable[[], TResult],
        when: Literal["collect", "setup", "call", "teardown"],
        reraise: type[BaseException] | tuple[type[BaseException], ...] | None = None,
    ) -> CallInfo[TResult]:
        """Call func, wrapping the result in a CallInfo.
    
        :param func:
            The function to call. Called without arguments.
        :type func: Callable[[], _pytest.runner.TResult]
        :param when:
            The phase in which the function is called.
        :param reraise:
            Exception or exceptions that shall propagate if raised by the
            function, instead of being wrapped in the CallInfo.
        """
        excinfo = None
        instant = timing.Instant()
        try:
>           result: TResult | None = func()
                                     ^^^^^^

../hol-guard/.venv/lib/python3.12/site-packages/_pytest/runner.py:353: 
_ _ _ _ _ _ _ _ _ _ _ _ _ _ _ _ _ _ _ _ _ _ _ _ _ _ _ _ _ _ _ _ _ _ _ _ _ _ _ _ 
../hol-guard/.venv/lib/python3.12/site-packages/_pytest/runner.py:245: in <lambda>
    lambda: runtest_hook(item=item, **kwds),
            ^^^^^^^^^^^^^^^^^^^^^^^^^^^^^^^
../hol-guard/.venv/lib/python3.12/site-packages/pluggy/_hooks.py:512: in __call__
    return self._hookexec(self.name, self._hookimpls.copy(), kwargs, firstresult)
           ^^^^^^^^^^^^^^^^^^^^^^^^^^^^^^^^^^^^^^^^^^^^^^^^^^^^^^^^^^^^^^^^^^^^^^
../hol-guard/.venv/lib/python3.12/site-packages/pluggy/_manager.py:120: in _hookexec
    return self._inner_hookexec(hook_name, methods, kwargs, firstresult)
           ^^^^^^^^^^^^^^^^^^^^^^^^^^^^^^^^^^^^^^^^^^^^^^^^^^^^^^^^^^^^^
../hol-guard/.venv/lib/python3.12/site-packages/_pytest/logging.py:843: in pytest_runtest_setup
    yield
../hol-guard/.venv/lib/python3.12/site-packages/_pytest/capture.py:895: in pytest_runtest_setup
    return (yield)
            ^^^^^
../hol-guard/.venv/lib/python3.12/site-packages/_pytest/runner.py:165: in pytest_runtest_setup
    item.session._setupstate.setup(item)
../hol-guard/.venv/lib/python3.12/site-packages/_pytest/runner.py:523: in setup
    col.setup()
../hol-guard/.venv/lib/python3.12/site-packages/_pytest/python.py:1723: in setup
    self._request._fillfixtures()
../hol-guard/.venv/lib/python3.12/site-packages/_pytest/fixtures.py:707: in _fillfixtures
    item.funcargs[argname] = self.getfixturevalue(argname)
                             ^^^^^^^^^^^^^^^^^^^^^^^^^^^^^
../hol-guard/.venv/lib/python3.12/site-packages/_pytest/fixtures.py:539: in getfixturevalue
    fixturedef = self._get_active_fixturedef(argname)
                 ^^^^^^^^^^^^^^^^^^^^^^^^^^^^^^^^^^^^
../hol-guard/.venv/lib/python3.12/site-packages/_pytest/fixtures.py:627: in _get_active_fixturedef
    fixturedef.execute(request=subrequest)
../hol-guard/.venv/lib/python3.12/site-packages/_pytest/fixtures.py:1068: in execute
    fixturedef = request._get_active_fixturedef(argname)
                 ^^^^^^^^^^^^^^^^^^^^^^^^^^^^^^^^^^^^^^^
../hol-guard/.venv/lib/python3.12/site-packages/_pytest/fixtures.py:627: in _get_active_fixturedef
    fixturedef.execute(request=subrequest)
../hol-guard/.venv/lib/python3.12/site-packages/_pytest/fixtures.py:1110: in execute
    result: FixtureValue = ihook.pytest_fixture_setup(
../hol-guard/.venv/lib/python3.12/site-packages/pluggy/_hooks.py:512: in __call__
    return self._hookexec(self.name, self._hookimpls.copy(), kwargs, firstresult)
           ^^^^^^^^^^^^^^^^^^^^^^^^^^^^^^^^^^^^^^^^^^^^^^^^^^^^^^^^^^^^^^^^^^^^^^
../hol-guard/.venv/lib/python3.12/site-packages/pluggy/_manager.py:120: in _hookexec
    return self._inner_hookexec(hook_name, methods, kwargs, firstresult)
           ^^^^^^^^^^^^^^^^^^^^^^^^^^^^^^^^^^^^^^^^^^^^^^^^^^^^^^^^^^^^^
../hol-guard/.venv/lib/python3.12/site-packages/pluggy/_callers.py:53: in run_old_style_hookwrapper
    return result.get_result()
           ^^^^^^^^^^^^^^^^^^^
../hol-guard/.venv/lib/python3.12/site-packages/pluggy/_callers.py:38: in run_old_style_hookwrapper
    res = yield
          ^^^^^
../hol-guard/.venv/lib/python3.12/site-packages/_pytest/setuponly.py:36: in pytest_fixture_setup
    return (yield)
            ^^^^^
../hol-guard/.venv/lib/python3.12/site-packages/_pytest/fixtures.py:1202: in pytest_fixture_setup
    result = call_fixture_func(fixturefunc, request, kwargs)
             ^^^^^^^^^^^^^^^^^^^^^^^^^^^^^^^^^^^^^^^^^^^^^^^
../hol-guard/.venv/lib/python3.12/site-packages/_pytest/fixtures.py:908: in call_fixture_func
    fixture_result = next(generator)
                     ^^^^^^^^^^^^^^^
../hol-guard/.venv/lib/python3.12/site-packages/_pytest/tmpdir.py:289: in tmp_path
    path = _mk_tmp(request, tmp_path_factory)
           ^^^^^^^^^^^^^^^^^^^^^^^^^^^^^^^^^^
../hol-guard/.venv/lib/python3.12/site-packages/_pytest/tmpdir.py:276: in _mk_tmp
    return factory.mktemp(name, numbered=True)
           ^^^^^^^^^^^^^^^^^^^^^^^^^^^^^^^^^^^
../hol-guard/.venv/lib/python3.12/site-packages/_pytest/tmpdir.py:136: in mktemp
    p = make_numbered_dir(root=self.getbasetemp(), prefix=basename, mode=0o700)
        ^^^^^^^^^^^^^^^^^^^^^^^^^^^^^^^^^^^^^^^^^^^^^^^^^^^^^^^^^^^^^^^^^^^^^^^
_ _ _ _ _ _ _ _ _ _ _ _ _ _ _ _ _ _ _ _ _ _ _ _ _ _ _ _ _ _ _ _ _ _ _ _ _ _ _ _ 

root = PosixPath('/tmp/pytest-of-root/pytest-991')
prefix = 'test_background_config_change_', mode = 448

    def make_numbered_dir(root: Path, prefix: str, mode: int = 0o700) -> Path:
        """Create a directory with an increased number as suffix for the given prefix."""
        for i in range(10):
            # try up to 10 times to create the folder
            max_existing = max(map(parse_num, find_suffixes(root, prefix)), default=-1)
            new_number = max_existing + 1
            new_path = root.joinpath(f"{prefix}{new_number}")
            try:
                new_path.mkdir(mode=mode)
            except Exception:
                pass
            else:
                _force_symlink(root, prefix + "current", new_path)
                return new_path
        else:
>           raise OSError(
                "could not create numbered dir with prefix "
                f"{prefix} in {root} after 10 tries"
            )
E           OSError: could not create numbered dir with prefix test_background_config_change_ in /tmp/pytest-of-root/pytest-991 after 10 tries

../hol-guard/.venv/lib/python3.12/site-packages/_pytest/pathlib.py:240: OSError
=================================== FAILURES ===================================
_ test_config_capture_rejection_immediately_revokes_an_ack_during_publication[unreadable-home] _

connection = <sqlite3.Connection object at 0x7ff6246195d0>

    def ensure_workflow_capability_schema(connection: sqlite3.Connection, *, applied_at: str) -> None:
        """Apply the workflow-capability schema migrations and validate owned objects."""
        # Drop the retired receipt-event index before opening the validation savepoint. Doing the
        # drop inside the savepoint was unsafe: if validation raised, the savepoint rollback undid
        # the drop and the orphan index survived, failing every reopen on databases created under
        # the older schema. Run it first so it survives a validation rollback.
        _drop_retired_receipt_event_index_once(connection, applied_at=applied_at)
        connection.execute("savepoint workflow_capability_schema_v14")
        try:
            for statement in _SCHEMA_STATEMENTS:
>               connection.execute(statement)
E               sqlite3.OperationalError: database or disk is full

src/codex_plugin_scanner/guard/store_workflow_capabilities_schema.py:182: OperationalError

The above exception was the direct cause of the following exception:

tmp_path = PosixPath('/tmp/pytest-of-root/pytest-991/test_config_capture_rejection_6')
monkeypatch = <_pytest.monkeypatch.MonkeyPatch object at 0x7ff6245b49e0>
location = 'home', damage = 'unreadable'

    @pytest.mark.parametrize("location", ["home", "workspace", "legacy-workspace"])
    @pytest.mark.parametrize("damage", ["symlink", "oversized", "unreadable"])
    def test_config_capture_rejection_immediately_revokes_an_ack_during_publication(
        tmp_path: Path, monkeypatch: pytest.MonkeyPatch, location: str, damage: str
    ) -> None:
        from codex_plugin_scanner.guard import config_source_io
    
        home, workspace = tmp_path / "home", tmp_path / "workspace"
        workspace.mkdir()
        home.mkdir()
        (home / "config.toml").write_text('default_action = "block"\n', encoding="utf-8")
        (workspace / ".hol-guard.toml").write_text('sandbox_analysis = "strict"\n', encoding="utf-8")
        pushes: list[object] = []
    
        def client(**kwargs: object) -> bytes:
            pushes.append(kwargs["payload"])
            return _ack(kwargs["payload"])
    
>       publisher = NativePolicySnapshotPublisher(store=GuardStore(home), status_provider=_status, client_request=client)
                                                        ^^^^^^^^^^^^^^^^

tests/test_native_policy_input_reconciliation.py:213: 
_ _ _ _ _ _ _ _ _ _ _ _ _ _ _ _ _ _ _ _ _ _ _ _ _ _ _ _ _ _ _ _ _ _ _ _ _ _ _ _ 
src/codex_plugin_scanner/guard/store_secret_policy_integrity.py:118: in __init__
    self._initialize_serialized()
src/codex_plugin_scanner/guard/store_connection_schema.py:547: in _initialize_serialized
    self._initialize_serialized_once()
src/codex_plugin_scanner/guard/store_connection_schema.py:591: in _initialize_serialized_once
    self._initialize_schema()
src/codex_plugin_scanner/guard/store_connection_schema.py:1021: in _initialize_schema
    ensure_workflow_capability_schema(connection, applied_at=_now())
_ _ _ _ _ _ _ _ _ _ _ _ _ _ _ _ _ _ _ _ _ _ _ _ _ _ _ _ _ _ _ _ _ _ _ _ _ _ _ _ 

connection = <sqlite3.Connection object at 0x7ff6246195d0>

    def ensure_workflow_capability_schema(connection: sqlite3.Connection, *, applied_at: str) -> None:
        """Apply the workflow-capability schema migrations and validate owned objects."""
        # Drop the retired receipt-event index before opening the validation savepoint. Doing the
        # drop inside the savepoint was unsafe: if validation raised, the savepoint rollback undid
        # the drop and the orphan index survived, failing every reopen on databases created under
        # the older schema. Run it first so it survives a validation rollback.
        _drop_retired_receipt_event_index_once(connection, applied_at=applied_at)
        connection.execute("savepoint workflow_capability_schema_v14")
        try:
            for statement in _SCHEMA_STATEMENTS:
                connection.execute(statement)
            _validate_schema_objects(connection)
            connection.execute(
                "insert or ignore into schema_migrations (version, applied_at) values (?, ?)",
                (WORKFLOW_CAPABILITY_MIGRATION_VERSION, applied_at),
            )
            version = connection.execute(
                "select applied_at from schema_migrations where version = ?",
                (WORKFLOW_CAPABILITY_MIGRATION_VERSION,),
            ).fetchone()
            if version is None or not str(version[0]):
                raise RuntimeError("workflow_capability_migration_not_recorded")
        except sqlite3.DatabaseError as error:
            connection.execute("rollback to workflow_capability_schema_v14")
            connection.execute("release workflow_capability_schema_v14")
>           raise RuntimeError("invalid_workflow_capability_schema:migration") from error
E           RuntimeError: invalid_workflow_capability_schema:migration

src/codex_plugin_scanner/guard/store_workflow_capabilities_schema.py:197: RuntimeError
=========================== short test summary info ============================
FAILED tests/test_native_policy_input_reconciliation.py::test_config_capture_rejection_immediately_revokes_an_ack_during_publication[unreadable-home]
ERROR tests/test_native_policy_input_reconciliation.py::test_config_capture_rejection_immediately_revokes_an_ack_during_publication[unreadable-workspace]
ERROR tests/test_native_policy_input_reconciliation.py::test_config_capture_rejection_immediately_revokes_an_ack_during_publication[unreadable-legacy-workspace]
ERROR tests/test_native_policy_input_reconciliation.py::test_config_capture_uses_the_same_size_limit_as_ordinary_loading
ERROR tests/test_native_policy_input_reconciliation.py::test_managed_cache_is_repaired_before_machine_source_disappears[deleted]
ERROR tests/test_native_policy_input_reconciliation.py::test_managed_cache_is_repaired_before_machine_source_disappears[tampered]
ERROR tests/test_native_policy_input_reconciliation.py::test_background_config_change_publishes_updated_snapshot_without_db_write
1 failed, 14 passed, 6 errors in 7.41s
