tests/test_priority_launcher_phase_capture.py::test_forward_once_preserves_objects_under_capture_faults[clear-return]
tests/test_priority_launcher_phase_capture.py::test_forward_once_preserves_objects_under_capture_faults[clear-exception]
tests/test_priority_launcher_phase_capture.py::test_forward_once_preserves_objects_under_capture_faults[clock-return]
tests/test_priority_launcher_phase_capture.py::test_forward_once_preserves_objects_under_capture_faults[clock-exception]
tests/test_priority_launcher_phase_capture.py::test_forward_once_preserves_objects_under_capture_faults[entry-return]
tests/test_priority_launcher_phase_capture.py::test_forward_once_preserves_objects_under_capture_faults[entry-exception]
tests/test_priority_launcher_phase_capture.py::test_forward_once_preserves_objects_under_capture_faults[exit-return]
tests/test_priority_launcher_phase_capture.py::test_forward_once_preserves_objects_under_capture_faults[exit-exception]
tests/test_priority_launcher_phase_capture.py::test_context_is_bound_per_actual_thread_and_nested_span
tests/test_priority_launcher_phase_capture.py::test_partial_patch_installation_restores_descriptor_after_setter_mutates_then_raises
tests/test_priority_launcher_phase_capture.py::test_instance_patch_restores_inherited_method_without_leaving_own_alias
tests/test_priority_launcher_phase_capture.py::test_immutable_nested_entry_survives_original_mutation
tests/test_priority_launcher_phase_capture.py::test_projection_rejects_undeclared_transformations[bool-budget]
tests/test_priority_launcher_phase_capture.py::test_projection_rejects_undeclared_transformations[zero-budget]
tests/test_priority_launcher_phase_capture.py::test_projection_rejects_undeclared_transformations[oversized-budget]
tests/test_priority_launcher_phase_capture.py::test_projection_rejects_undeclared_transformations[unknown-field]
tests/test_priority_launcher_phase_capture.py::test_projection_rejects_undeclared_transformations[unpaired-browser]
tests/test_priority_launcher_phase_capture.py::test_known_budget_and_browser_transformations_have_distinct_full_but_equal_semantic_domains
tests/test_priority_launcher_phase_capture.py::test_custom_containers_are_rejected_without_invoking_user_iteration
tests/test_priority_launcher_phase_capture.py::test_actual_input_parser_rejects_duplicates_and_bounds[duplicate]
tests/test_priority_launcher_phase_capture.py::test_actual_input_parser_rejects_duplicates_and_bounds[oversized]
tests/test_priority_launcher_phase_capture.py::test_failure_tail_snapshot_does_not_wait_for_or_relabel_blocked_original_call
tests/test_priority_launcher_phase_capture.py::test_row_and_stage_caps_are_explicit_without_replacing_operations
tests/test_priority_launcher_phase_forwarding.py::test_actual_handler_entry_after_plain_queue_transfer_owns_nested_context[early-admission-stop]
tests/test_priority_launcher_phase_forwarding.py::test_actual_handler_entry_after_plain_queue_transfer_owns_nested_context[synchronous-review]
tests/test_priority_launcher_phase_forwarding.py::test_mutating_original_handler_keeps_entry_digest_and_original_payload_identity
tests/test_priority_launcher_phase_forwarding.py::test_other_server_and_invalid_owned_payload_preserve_original_calls
tests/test_priority_launcher_phase_forwarding.py::test_parent_uses_actual_input_reference_and_original_observation_identity
tests/test_priority_launcher_phase_forwarding.py::test_real_bounded_process_preserves_input_and_containment_stages
tests/test_priority_launcher_phase_forwarding.py::test_redirect_only_exact_fixture_argv_and_preserve_keyword_objects
tests/test_priority_launcher_phase_forwarding.py::test_direct_entry_import_keeps_separate_producer_root[daemon-entry]
tests/test_priority_launcher_phase_forwarding.py::test_direct_entry_import_keeps_separate_producer_root[parent-entry]
tests/test_priority_launcher_phase_forwarding.py::test_attachment_failure_preserves_real_enter_result_and_unwinds
tests/test_priority_launcher_phase_forwarding.py::test_serve_export_or_install_failure_cannot_replace_original_exception
tests/test_priority_launcher_phase_joins.py::test_reordered_daemon_completion_joins_by_coordinate_and_projection_not_order
tests/test_priority_launcher_phase_joins.py::test_join_rejects_each_independent_missing_or_mismatched_identity[duplicate]
tests/test_priority_launcher_phase_joins.py::test_join_rejects_each_independent_missing_or_mismatched_identity[semantic]
tests/test_priority_launcher_phase_joins.py::test_join_rejects_each_independent_missing_or_mismatched_identity[envelope]
tests/test_priority_launcher_phase_joins.py::test_join_rejects_each_independent_missing_or_mismatched_identity[receipt]
tests/test_priority_launcher_phase_joins.py::test_join_rejects_each_independent_missing_or_mismatched_identity[no-receipt]
tests/test_priority_launcher_phase_joins.py::test_join_rejects_each_independent_missing_or_mismatched_identity[worker]
tests/test_priority_launcher_phase_joins.py::test_join_rejects_each_independent_missing_or_mismatched_identity[mutation]
tests/test_priority_launcher_phase_joins.py::test_native_normal_none_is_not_inferred_from_exception_or_missing_stage
tests/test_priority_launcher_phase_joins.py::test_inclusive_intervals_use_union_and_do_not_add_nested_spans
tests/test_priority_launcher_phase_joins.py::test_reader_rejects_false_completeness_private_fields_and_changed_timing[false-complete]
tests/test_priority_launcher_phase_joins.py::test_reader_rejects_false_completeness_private_fields_and_changed_timing[unknown-fact]
tests/test_priority_launcher_phase_joins.py::test_reader_rejects_false_completeness_private_fields_and_changed_timing[unknown-event-field]
tests/test_priority_launcher_phase_joins.py::test_reader_rejects_false_completeness_private_fields_and_changed_timing[invented-duration]
tests/test_priority_launcher_phase_joins.py::test_reader_preserves_duplicate_refusal_and_original_file_bytes
tests/test_priority_launcher_phase_joins.py::test_final_cleanup_projection_failure_retains_already_captured_rows_and_original_return
tests/test_priority_launcher_phase_joins.py::test_producer_exception_and_cleanup_exception_remain_separate_without_second_call
tests/test_priority_launcher_phase_joins.py::test_reader_rejects_forged_span_structure[negative-index]
tests/test_priority_launcher_phase_joins.py::test_reader_rejects_forged_span_structure[overflow-index]
tests/test_priority_launcher_phase_joins.py::test_reader_rejects_forged_span_structure[gap]
tests/test_priority_launcher_phase_joins.py::test_reader_rejects_forged_span_structure[negative-parent]
tests/test_priority_launcher_phase_joins.py::test_reader_rejects_forged_span_structure[missing-parent]
tests/test_priority_launcher_phase_joins.py::test_reader_rejects_forged_span_structure[parent-interval]
tests/test_priority_launcher_phase_joins.py::test_reader_rejects_forged_span_structure[occurrence]
tests/test_priority_launcher_phase_joins.py::test_reader_rejects_forged_span_structure[error-kind]
tests/test_priority_launcher_phase_joins.py::test_nested_span_parent_and_occurrence_are_checked_in_start_order
tests/test_priority_launcher_phase_joins.py::test_report_read_binds_original_bytes_without_canonical_digest_substitution

61 tests collected in 0.79s
