   Compiling typenum v1.20.1
   Compiling cfg-if v1.0.4
   Compiling memchr v2.8.3
   Compiling windows-link v0.1.3
   Compiling cpufeatures v0.2.17
   Compiling winapi v0.3.9
   Compiling hex v0.4.3
   Compiling serde_core v1.0.229
   Compiling generic-array v0.14.7
   Compiling windows-result v0.3.4
   Compiling windows-strings v0.4.2
   Compiling block-buffer v0.10.4
   Compiling crypto-common v0.1.7
   Compiling windows-core v0.61.2
   Compiling digest v0.10.7
   Compiling sha2 v0.10.9
   Compiling zmij v1.0.23
   Compiling itoa v1.0.18
   Compiling bitflags v1.3.2
   Compiling thiserror v2.0.20
   Compiling guard-rules v0.1.0 (D:\a\hol-guard\hol-guard\candidate\rust\crates\guard-rules)
   Compiling windows-permissions v0.2.4
   Compiling libc v0.2.189
   Compiling aho-corasick v1.1.5
   Compiling serde v1.0.229
   Compiling serde_json v1.0.151
   Compiling regex-syntax v0.8.11
   Compiling guard-runtime-windows-process v0.1.0 (D:\a\hol-guard\hol-guard\candidate\rust\crates\guard-runtime-windows-process)
   Compiling guard-contracts v0.1.0 (D:\a\hol-guard\hol-guard\candidate\rust\crates\guard-contracts)
   Compiling windows-threading v0.1.0
   Compiling windows-future v0.2.1
   Compiling guard-secure-fs v0.1.0 (D:\a\hol-guard\hol-guard\candidate\rust\crates\guard-secure-fs)
   Compiling regex-automata v0.4.18
   Compiling windows-numerics v0.2.0
   Compiling windows-collections v0.2.0
   Compiling windows v0.61.3
   Compiling ntapi v0.4.3
   Compiling regex v1.13.1
   Compiling guard-scanner v0.1.0 (D:\a\hol-guard\hol-guard\candidate\rust\crates\guard-scanner)
   Compiling getrandom v0.2.17
   Compiling untrusted v0.9.0
   Compiling guard-hook-core v0.1.0 (D:\a\hol-guard\hol-guard\candidate\rust\crates\guard-hook-core)
   Compiling ring v0.17.14
   Compiling guard-command v0.1.0 (D:\a\hol-guard\hol-guard\candidate\rust\crates\guard-command)
   Compiling guard-policy-snapshot v0.1.0 (D:\a\hol-guard\hol-guard\candidate\rust\crates\guard-policy-snapshot)
   Compiling getrandom v0.3.4
   Compiling guard-rule-contract v0.1.0 (D:\a\hol-guard\hol-guard\candidate\rust\crates\guard-rule-contract)
   Compiling fs2 v0.4.3
   Compiling sysinfo v0.37.2
   Compiling hol-guard-runtime v0.1.0 (D:\a\hol-guard\hol-guard\candidate\rust\crates\guard-runtime)
    Finished `test` profile [unoptimized + debuginfo] target(s) in 1m 02s
     Running unittests src\main.rs (D:\a\_temp\windows-startup-target\debug\deps\hol_guard_runtime-a82730054c7a8128.exe)
