    Updating crates.io index
 Downloading crates ...
  Downloaded aho-corasick v1.1.5
  Downloaded windows-threading v0.1.0
  Downloaded windows-strings v0.4.2
  Downloaded zmij v1.0.23
  Downloaded unicode-ident v1.0.24
  Downloaded serde v1.0.229
  Downloaded cc v1.4.4
  Downloaded typenum v1.20.1
  Downloaded serde_json v1.0.151
  Downloaded regex v1.13.1
  Downloaded syn v2.0.119
  Downloaded regex-syntax v0.8.11
  Downloaded serde_core v1.0.229
  Downloaded proc-macro2 v1.0.107
  Downloaded windows-permissions v0.2.4
  Downloaded windows-future v0.2.1
  Downloaded memchr v2.8.3
  Downloaded ntapi v0.4.3
  Downloaded regex-automata v0.4.18
  Downloaded thiserror v2.0.20
  Downloaded sysinfo v0.37.2
  Downloaded shlex v2.0.1
  Downloaded sha2 v0.10.9
  Downloaded serde_derive v1.0.229
  Downloaded quote v1.0.47
  Downloaded getrandom v0.3.4
  Downloaded syn v3.0.3
  Downloaded fs2 v0.4.3
  Downloaded find-msvc-tools v0.1.11
  Downloaded crypto-common v0.1.7
  Downloaded windows-result v0.3.4
  Downloaded windows-implement v0.60.2
  Downloaded windows-core v0.61.2
  Downloaded version_check v0.9.5
  Downloaded thiserror-impl v2.0.20
  Downloaded itoa v1.0.18
  Downloaded generic-array v0.14.7
  Downloaded digest v0.10.7
  Downloaded cpufeatures v0.2.17
  Downloaded cfg-if v1.0.4
  Downloaded bitflags v1.3.2
  Downloaded windows-numerics v0.2.0
  Downloaded windows-link v0.1.3
  Downloaded windows-interface v0.59.3
  Downloaded windows-collections v0.2.0
  Downloaded untrusted v0.9.0
  Downloaded hex v0.4.3
  Downloaded getrandom v0.2.17
  Downloaded block-buffer v0.10.4
  Downloaded libc v0.2.189
  Downloaded winapi v0.3.9
  Downloaded ring v0.17.14
  Downloaded windows v0.61.3
   Compiling proc-macro2 v1.0.107
   Compiling quote v1.0.47
   Compiling unicode-ident v1.0.24
   Compiling version_check v0.9.5
    Checking typenum v1.20.1
   Compiling generic-array v0.14.7
    Checking cfg-if v1.0.4
   Compiling winapi v0.3.9
    Checking memchr v2.8.3
    Checking cpufeatures v0.2.17
    Checking windows-link v0.1.3
   Compiling serde_core v1.0.229
    Checking hex v0.4.3
    Checking block-buffer v0.10.4
    Checking crypto-common v0.1.7
   Compiling syn v3.0.3
    Checking digest v0.10.7
   Compiling syn v2.0.119
    Checking sha2 v0.10.9
   Compiling serde v1.0.229
   Compiling zmij v1.0.23
    Checking windows-strings v0.4.2
    Checking windows-result v0.3.4
   Compiling serde_json v1.0.151
   Compiling thiserror v2.0.20
   Compiling libc v0.2.189
   Compiling serde_derive v1.0.229
   Compiling thiserror-impl v2.0.20
    Checking bitflags v1.3.2
    Checking itoa v1.0.18
    Checking windows-permissions v0.2.4
   Compiling windows-interface v0.59.3
   Compiling windows-implement v0.60.2
    Checking guard-rules v0.1.0 (D:\a\hol-guard\hol-guard\candidate\rust\crates\guard-rules)
    Checking aho-corasick v1.1.5
   Compiling shlex v2.0.1
    Checking windows-core v0.61.2
    Checking regex-syntax v0.8.11
   Compiling find-msvc-tools v0.1.11
    Checking guard-runtime-windows-process v0.1.0 (D:\a\hol-guard\hol-guard\candidate\rust\crates\guard-runtime-windows-process)
   Compiling cc v1.4.4
    Checking windows-threading v0.1.0
   Compiling ntapi v0.4.3
    Checking windows-future v0.2.1
    Checking guard-contracts v0.1.0 (D:\a\hol-guard\hol-guard\candidate\rust\crates\guard-contracts)
    Checking guard-secure-fs v0.1.0 (D:\a\hol-guard\hol-guard\candidate\rust\crates\guard-secure-fs)
    Checking regex-automata v0.4.18
    Checking windows-numerics v0.2.0
    Checking windows-collections v0.2.0
   Compiling getrandom v0.3.4
   Compiling ring v0.17.14
    Checking windows v0.61.3
    Checking regex v1.13.1
    Checking guard-scanner v0.1.0 (D:\a\hol-guard\hol-guard\candidate\rust\crates\guard-scanner)
    Checking getrandom v0.2.17
    Checking untrusted v0.9.0
    Checking guard-hook-core v0.1.0 (D:\a\hol-guard\hol-guard\candidate\rust\crates\guard-hook-core)
    Checking guard-policy-snapshot v0.1.0 (D:\a\hol-guard\hol-guard\candidate\rust\crates\guard-policy-snapshot)
    Checking guard-command v0.1.0 (D:\a\hol-guard\hol-guard\candidate\rust\crates\guard-command)
    Checking guard-rule-contract v0.1.0 (D:\a\hol-guard\hol-guard\candidate\rust\crates\guard-rule-contract)
    Checking fs2 v0.4.3
    Checking sysinfo v0.37.2
    Checking hol-guard-runtime v0.1.0 (D:\a\hol-guard\hol-guard\candidate\rust\crates\guard-runtime)
    Finished `dev` profile [unoptimized + debuginfo] target(s) in 1m 01s
