tests/test_mac_recovery_observation.py::test_all_known_codes_and_maximum_scalars_roundtrip
tests/test_mac_recovery_observation.py::test_invalid_native_records_are_rejected[extra]
tests/test_mac_recovery_observation.py::test_invalid_native_records_are_rejected[bool_pid]
tests/test_mac_recovery_observation.py::test_invalid_native_records_are_rejected[negative]
tests/test_mac_recovery_observation.py::test_invalid_native_records_are_rejected[overflow]
tests/test_mac_recovery_observation.py::test_invalid_native_records_are_rejected[code]
tests/test_mac_recovery_observation.py::test_invalid_native_records_are_rejected[transport]
tests/test_mac_recovery_observation.py::test_invalid_native_records_are_rejected[bool_fixed]
tests/test_mac_recovery_observation.py::test_invalid_native_records_are_rejected[float_fixed]
tests/test_mac_recovery_observation.py::test_invalid_native_records_are_rejected[loss_type]
tests/test_mac_recovery_observation.py::test_invalid_frame_grammar_is_rejected[duplicate]
tests/test_mac_recovery_observation.py::test_invalid_frame_grammar_is_rejected[placement]
tests/test_mac_recovery_observation.py::test_invalid_frame_grammar_is_rejected[two_frames]
tests/test_mac_recovery_observation.py::test_invalid_frame_grammar_is_rejected[oversized]
tests/test_mac_recovery_observation.py::test_invalid_frame_grammar_is_rejected[extra_line]
tests/test_mac_recovery_observation.py::test_native_loss_is_retained_and_blocks_complete_observation
tests/test_mac_recovery_observation.py::test_exact_subprocess_forwarding_despite_capture_failure[False]
tests/test_mac_recovery_observation.py::test_exact_subprocess_forwarding_despite_capture_failure[True]
tests/test_mac_recovery_observation.py::test_nonowned_command_forwards_without_capture
tests/test_mac_recovery_observation.py::test_state_projection_rejects_bool_and_never_formats_unknown_values
tests/test_mac_recovery_observation.py::test_state_and_kill_observations_preserve_original_objects
tests/test_mac_recovery_observation.py::test_bounded_capture_marks_loss_without_replacing_original
tests/test_mac_recovery_observation.py::test_actual_module_origin_is_bound_before_attachment
tests/test_mac_recovery_observation.py::test_partial_attachment_unwinds_before_original_continues
tests/test_mac_recovery_observation.py::test_original_termination_loop_has_no_added_probes
tests/test_mac_recovery_observation.py::test_json_alias_preserves_value_and_all_aliases_restore
tests/test_mac_recovery_observation.py::test_failed_export_does_not_change_original_outcome
tests/test_mac_recovery_observation.py::test_read_attribution_rejects_unbound_or_private_fields[updates0]
tests/test_mac_recovery_observation.py::test_read_attribution_rejects_unbound_or_private_fields[updates1]
tests/test_mac_recovery_observation.py::test_read_attribution_rejects_unbound_or_private_fields[updates2]
tests/test_mac_recovery_observation.py::test_read_attribution_rejects_unbound_or_private_fields[updates3]
tests/test_mac_recovery_observation.py::test_read_attribution_rejects_unbound_or_private_fields[updates4]
tests/test_mac_recovery_observation.py::test_read_attribution_rejects_unbound_or_private_fields[updates5]
tests/test_mac_recovery_observation.py::test_read_attribution_rejects_unbound_or_private_fields[updates6]
tests/test_mac_recovery_observation.py::test_read_attribution_rejects_unbound_or_private_fields[updates7]
tests/test_mac_recovery_observation.py::test_read_attribution_rejects_unbound_or_private_fields[updates8]
tests/test_mac_recovery_observation.py::test_read_attribution_accepts_exact_enum_and_signed_errno_bounds
tests/test_mac_recovery_observation.py::test_prior_native_frame_version_is_not_silently_reinterpreted

38 tests collected in 0.22s
