FF..FFFFFF......                                                         [100%]
================================== FAILURES ===================================
__ test_ex_rename_with_actual_held_reader[held_destination-bounded_manager] ___

tmp_path = WindowsPath('C:/Users/runneradmin/AppData/Local/Temp/pytest-of-runneradmin/pytest-0/test_ex_rename_with_actual_hel0')
monkeypatch = <_pytest.monkeypatch.MonkeyPatch object at 0x00000234BF39E000>
record_property = <function record_property.<locals>.append_property at 0x00000234BF3F47C0>
probe_child = None, route = 'bounded_manager', hold_crt_source = False

    @pytest.mark.parametrize("route", ["bounded_manager", "codex_text"])
    @pytest.mark.parametrize("hold_crt_source", [False, True], ids=["held_destination", "held_source_negative"])
    def test_ex_rename_with_actual_held_reader(tmp_path, monkeypatch, record_property, probe_child, route, hold_crt_source):
        properties = {}
    
        def record(name, value):
            properties[name] = value
            record_property(name, value)
    
>       original.test_actual_reader_allows_other_process_replace_without_changing_writer(
            tmp_path, monkeypatch, record, route, hold_crt_source
        )

tests\test_windows_atomic_rename_probe.py:100: 
_ _ _ _ _ _ _ _ _ _ _ _ _ _ _ _ _ _ _ _ _ _ _ _ _ _ _ _ _ _ _ _ _ _ _ _ _ _ _ _

tmp_path = WindowsPath('C:/Users/runneradmin/AppData/Local/Temp/pytest-of-runneradmin/pytest-0/test_ex_rename_with_actual_hel0')
monkeypatch = <_pytest.monkeypatch.MonkeyPatch object at 0x00000234BF39E000>
record_property = <function test_ex_rename_with_actual_held_reader.<locals>.record at 0x00000234BF3F4900>
route = 'bounded_manager', hold_crt_source = False

    @pytest.mark.parametrize("route", ["bounded_manager", "codex_text"])
    @pytest.mark.parametrize("hold_crt_source", [False, True], ids=["destination_only", "separate_crt_source"])
    def test_actual_reader_allows_other_process_replace_without_changing_writer(
        tmp_path,
        monkeypatch,
        record_property,
        route,
        hold_crt_source,
    ):
        assert Path(private_file_io.__file__).resolve() == _ROOT / "src/codex_plugin_scanner/guard/private_file_io.py"
        assert Path(replaceable.__file__).resolve() == _ROOT / "src/codex_plugin_scanner/guard/windows_replaceable_file.py"
        home = tmp_path / "guard"
        manager._ensure_private_directory(home)
        target = home / "daemon-auth-token"
        manager._write_private_atomic_text(target, _OLD)
        before = target.stat()
        old_identity = before.st_dev, before.st_ino
        held = _HeldRead()
        values = queue.Queue(maxsize=1)
        errors = queue.Queue(maxsize=1)
    
        def read():
            held.owner = threading.get_ident()
            try:
                if route == "bounded_manager":
                    value = manager.load_guard_daemon_auth_token(home)
                else:
                    value = codex_daemon_hook_auth._private_file_text(target, label="token")
                values.put_nowait(value)
            except BaseException as error:
                errors.put_nowait(error)
    
        def open_text(path, *arguments, **keywords):
            # The returned handle is owned by the original caller's context manager.
            handle = builtins.open(path, *arguments, **keywords)  # noqa: SIM115
            if Path(path) == target and threading.get_ident() == held.owner:
                return _TextRead(handle, held)
            return handle
    
        thread = threading.Thread(target=read, name="owned-source-reader", daemon=True)
        report = None
        code = None
        held_after_child = False
        old_handle_after_child = False
        with monkeypatch.context() as patch:
            patch.setattr(private_file_io, "os", _ReaderOs(held))
            patch.setattr(replaceable, "open", open_text, raising=False)
            thread.start()
            try:
                if not held.entered.wait(_CONTROL_SECONDS):
                    raise TimeoutError("control_reader_ready_timeout")
                if held.descriptor is None:
                    raise RuntimeError("control_reader_descriptor_missing")
                extra = ["--hold-crt-source"] if hold_crt_source else []
                code, report = _run_child(
                    target,
                    "--operation",
                    "writer",
                    *extra,
                    record_property=record_property,
                    label="writer",
                )
                held_after_child = thread.is_alive() and not held.closed.is_set()
                after = os.fstat(held.descriptor)
                old_handle_after_child = (after.st_dev, after.st_ino) == old_identity
            finally:
                held.release.set()
                thread.join(_CONTROL_SECONDS)
                record_property("reader_retired", not thread.is_alive())
                record_property("reader_descriptor_closed", held.closed.is_set())
                record_property("writer_is_separate_process", True)
                record_property("source_crt_negative_control", hold_crt_source)
                record_property("writer_exit_code", code)
                record_property("writer_report", json.dumps(report, sort_keys=True))
        assert not thread.is_alive()
        assert errors.empty()
        assert held.closed.is_set()
        assert held.inheritable is False
        assert held.identity == old_identity
        assert held_after_child and old_handle_after_child
        assert values.get_nowait() == _OLD
        assert report is not None
        assert report["writer_calls"] == report["replace_calls"] == 1
        assert report["writer_locked"] and report["writer_fd_closed_before_replace"]
        assert report["source_reader_opened"] is hold_crt_source
        assert report["source_reader_closed"] is hold_crt_source
        assert report["temporary_siblings_removed"]
        assert report["original_exception_identity_preserved"]
        if hold_crt_source:
            assert code == 1
            assert report["replace_returned"] is False
            assert report["error"] == {"kind": "PermissionError", "errno": 13, "winerror": 32}
            assert target.read_text(encoding="utf-8") == _OLD
        else:
>           assert code == 0
                   ^^^^^^^^^
E           AssertionError

tests\test_windows_replaceable_reader_process.py:357: AssertionError
_____ test_ex_rename_with_actual_held_reader[held_destination-codex_text] _____

tmp_path = WindowsPath('C:/Users/runneradmin/AppData/Local/Temp/pytest-of-runneradmin/pytest-0/test_ex_rename_with_actual_hel1')
monkeypatch = <_pytest.monkeypatch.MonkeyPatch object at 0x00000234BF39DA00>
record_property = <function record_property.<locals>.append_property at 0x00000234BF3F7C40>
probe_child = None, route = 'codex_text', hold_crt_source = False

    @pytest.mark.parametrize("route", ["bounded_manager", "codex_text"])
    @pytest.mark.parametrize("hold_crt_source", [False, True], ids=["held_destination", "held_source_negative"])
    def test_ex_rename_with_actual_held_reader(tmp_path, monkeypatch, record_property, probe_child, route, hold_crt_source):
        properties = {}
    
        def record(name, value):
            properties[name] = value
            record_property(name, value)
    
>       original.test_actual_reader_allows_other_process_replace_without_changing_writer(
            tmp_path, monkeypatch, record, route, hold_crt_source
        )

tests\test_windows_atomic_rename_probe.py:100: 
_ _ _ _ _ _ _ _ _ _ _ _ _ _ _ _ _ _ _ _ _ _ _ _ _ _ _ _ _ _ _ _ _ _ _ _ _ _ _ _

tmp_path = WindowsPath('C:/Users/runneradmin/AppData/Local/Temp/pytest-of-runneradmin/pytest-0/test_ex_rename_with_actual_hel1')
monkeypatch = <_pytest.monkeypatch.MonkeyPatch object at 0x00000234BF39DA00>
record_property = <function test_ex_rename_with_actual_held_reader.<locals>.record at 0x00000234BF3F7B00>
route = 'codex_text', hold_crt_source = False

    @pytest.mark.parametrize("route", ["bounded_manager", "codex_text"])
    @pytest.mark.parametrize("hold_crt_source", [False, True], ids=["destination_only", "separate_crt_source"])
    def test_actual_reader_allows_other_process_replace_without_changing_writer(
        tmp_path,
        monkeypatch,
        record_property,
        route,
        hold_crt_source,
    ):
        assert Path(private_file_io.__file__).resolve() == _ROOT / "src/codex_plugin_scanner/guard/private_file_io.py"
        assert Path(replaceable.__file__).resolve() == _ROOT / "src/codex_plugin_scanner/guard/windows_replaceable_file.py"
        home = tmp_path / "guard"
        manager._ensure_private_directory(home)
        target = home / "daemon-auth-token"
        manager._write_private_atomic_text(target, _OLD)
        before = target.stat()
        old_identity = before.st_dev, before.st_ino
        held = _HeldRead()
        values = queue.Queue(maxsize=1)
        errors = queue.Queue(maxsize=1)
    
        def read():
            held.owner = threading.get_ident()
            try:
                if route == "bounded_manager":
                    value = manager.load_guard_daemon_auth_token(home)
                else:
                    value = codex_daemon_hook_auth._private_file_text(target, label="token")
                values.put_nowait(value)
            except BaseException as error:
                errors.put_nowait(error)
    
        def open_text(path, *arguments, **keywords):
            # The returned handle is owned by the original caller's context manager.
            handle = builtins.open(path, *arguments, **keywords)  # noqa: SIM115
            if Path(path) == target and threading.get_ident() == held.owner:
                return _TextRead(handle, held)
            return handle
    
        thread = threading.Thread(target=read, name="owned-source-reader", daemon=True)
        report = None
        code = None
        held_after_child = False
        old_handle_after_child = False
        with monkeypatch.context() as patch:
            patch.setattr(private_file_io, "os", _ReaderOs(held))
            patch.setattr(replaceable, "open", open_text, raising=False)
            thread.start()
            try:
                if not held.entered.wait(_CONTROL_SECONDS):
                    raise TimeoutError("control_reader_ready_timeout")
                if held.descriptor is None:
                    raise RuntimeError("control_reader_descriptor_missing")
                extra = ["--hold-crt-source"] if hold_crt_source else []
                code, report = _run_child(
                    target,
                    "--operation",
                    "writer",
                    *extra,
                    record_property=record_property,
                    label="writer",
                )
                held_after_child = thread.is_alive() and not held.closed.is_set()
                after = os.fstat(held.descriptor)
                old_handle_after_child = (after.st_dev, after.st_ino) == old_identity
            finally:
                held.release.set()
                thread.join(_CONTROL_SECONDS)
                record_property("reader_retired", not thread.is_alive())
                record_property("reader_descriptor_closed", held.closed.is_set())
                record_property("writer_is_separate_process", True)
                record_property("source_crt_negative_control", hold_crt_source)
                record_property("writer_exit_code", code)
                record_property("writer_report", json.dumps(report, sort_keys=True))
        assert not thread.is_alive()
        assert errors.empty()
        assert held.closed.is_set()
        assert held.inheritable is False
        assert held.identity == old_identity
        assert held_after_child and old_handle_after_child
        assert values.get_nowait() == _OLD
        assert report is not None
        assert report["writer_calls"] == report["replace_calls"] == 1
        assert report["writer_locked"] and report["writer_fd_closed_before_replace"]
        assert report["source_reader_opened"] is hold_crt_source
        assert report["source_reader_closed"] is hold_crt_source
        assert report["temporary_siblings_removed"]
        assert report["original_exception_identity_preserved"]
        if hold_crt_source:
            assert code == 1
            assert report["replace_returned"] is False
            assert report["error"] == {"kind": "PermissionError", "errno": 13, "winerror": 32}
            assert target.read_text(encoding="utf-8") == _OLD
        else:
>           assert code == 0
                   ^^^^^^^^^
E           AssertionError

tests\test_windows_replaceable_reader_process.py:357: AssertionError
___________ test_ex_writer_admission_and_destination_types[unheld] ____________

tmp_path = WindowsPath('C:/Users/runneradmin/AppData/Local/Temp/pytest-of-runneradmin/pytest-0/test_ex_writer_admission_and_d0')
record_property = <function record_property.<locals>.append_property at 0x00000234BF438720>
probe_child = None, case = 'unheld'

    @pytest.mark.parametrize(
        "case", ["unheld", "missing", "crt_destination", "readonly_destination", "directory_destination"]
    )
    def test_ex_writer_admission_and_destination_types(tmp_path, record_property, probe_child, case):
        home = tmp_path / "guard"
        manager._ensure_private_directory(home)
        target = home / "daemon-auth-token"
        if case == "directory_destination":
            target.mkdir()
        elif case != "missing":
            manager._write_private_atomic_text(target, original._OLD)
        held = None
        if case == "crt_destination":
            held = os.open(target, os.O_RDONLY)
        if case == "readonly_destination":
            target.chmod(stat.S_IREAD)
        try:
            code, report = original._run_child(
                target, "--operation", "writer", record_property=record_property, label="writer"
            )
            assert isinstance(report, dict)
            record_property("writer_report", json.dumps(report, sort_keys=True))
            record_property("writer_exit_code", code)
            assert report["writer_calls"] == report["replace_calls"] == 1
            assert report["writer_locked"] and report["writer_fd_closed_before_replace"]
            assert report["temporary_siblings_removed"]
            assert report["original_exception_identity_preserved"]
            native = report["probe"]
            assert native["writer_snapshot_taken"] is True
            assert native["owned_handles_remaining"] == 0
            assert native["opens"] == native["closes"] == 2
            assert native["rename_calls"] == 1
            if case in ("unheld", "missing"):
>               assert code == 0
E               assert 1 == 0

tests\test_windows_atomic_rename_probe.py:147: AssertionError
___________ test_ex_writer_admission_and_destination_types[missing] ___________

tmp_path = WindowsPath('C:/Users/runneradmin/AppData/Local/Temp/pytest-of-runneradmin/pytest-0/test_ex_writer_admission_and_d1')
record_property = <function record_property.<locals>.append_property at 0x00000234BF438D60>
probe_child = None, case = 'missing'

    @pytest.mark.parametrize(
        "case", ["unheld", "missing", "crt_destination", "readonly_destination", "directory_destination"]
    )
    def test_ex_writer_admission_and_destination_types(tmp_path, record_property, probe_child, case):
        home = tmp_path / "guard"
        manager._ensure_private_directory(home)
        target = home / "daemon-auth-token"
        if case == "directory_destination":
            target.mkdir()
        elif case != "missing":
            manager._write_private_atomic_text(target, original._OLD)
        held = None
        if case == "crt_destination":
            held = os.open(target, os.O_RDONLY)
        if case == "readonly_destination":
            target.chmod(stat.S_IREAD)
        try:
            code, report = original._run_child(
                target, "--operation", "writer", record_property=record_property, label="writer"
            )
            assert isinstance(report, dict)
            record_property("writer_report", json.dumps(report, sort_keys=True))
            record_property("writer_exit_code", code)
            assert report["writer_calls"] == report["replace_calls"] == 1
            assert report["writer_locked"] and report["writer_fd_closed_before_replace"]
            assert report["temporary_siblings_removed"]
            assert report["original_exception_identity_preserved"]
            native = report["probe"]
            assert native["writer_snapshot_taken"] is True
            assert native["owned_handles_remaining"] == 0
            assert native["opens"] == native["closes"] == 2
            assert native["rename_calls"] == 1
            if case in ("unheld", "missing"):
>               assert code == 0
E               assert 1 == 0

tests\test_windows_atomic_rename_probe.py:147: AssertionError
_______ test_ex_writer_admission_and_destination_types[crt_destination] _______

tmp_path = WindowsPath('C:/Users/runneradmin/AppData/Local/Temp/pytest-of-runneradmin/pytest-0/test_ex_writer_admission_and_d2')
record_property = <function record_property.<locals>.append_property at 0x00000234BF439260>
probe_child = None, case = 'crt_destination'

    @pytest.mark.parametrize(
        "case", ["unheld", "missing", "crt_destination", "readonly_destination", "directory_destination"]
    )
    def test_ex_writer_admission_and_destination_types(tmp_path, record_property, probe_child, case):
        home = tmp_path / "guard"
        manager._ensure_private_directory(home)
        target = home / "daemon-auth-token"
        if case == "directory_destination":
            target.mkdir()
        elif case != "missing":
            manager._write_private_atomic_text(target, original._OLD)
        held = None
        if case == "crt_destination":
            held = os.open(target, os.O_RDONLY)
        if case == "readonly_destination":
            target.chmod(stat.S_IREAD)
        try:
            code, report = original._run_child(
                target, "--operation", "writer", record_property=record_property, label="writer"
            )
            assert isinstance(report, dict)
            record_property("writer_report", json.dumps(report, sort_keys=True))
            record_property("writer_exit_code", code)
            assert report["writer_calls"] == report["replace_calls"] == 1
            assert report["writer_locked"] and report["writer_fd_closed_before_replace"]
            assert report["temporary_siblings_removed"]
            assert report["original_exception_identity_preserved"]
            native = report["probe"]
            assert native["writer_snapshot_taken"] is True
            assert native["owned_handles_remaining"] == 0
            assert native["opens"] == native["closes"] == 2
            assert native["rename_calls"] == 1
            if case in ("unheld", "missing"):
                assert code == 0
                assert report["replace_returned"] and native["rename_returned"]
                assert report["error"] is None
                assert target.read_text(encoding="utf-8") == original._NEW
            else:
                assert code == 1
                assert report["replace_returned"] is native["rename_returned"] is False
>               assert report["error"] == {
                    "kind": "PermissionError",
                    "errno": 13,
                    "winerror": 32 if case == "crt_destination" else 5,
                }
E               AssertionError: assert {'errno': 22,...winerror': 87} == {'errno': 13,...winerror': 32}
E                 
E                 Differing items:
E                 {'kind': 'OSError'} != {'kind': 'PermissionError'}
E                 {'errno': 22} != {'errno': 13}
E                 {'winerror': 87} != {'winerror': 32}
E                 
E                 Full diff:
E                   {
E                 -     'errno': 13,
E                 ?              ^^
E                 +     'errno': 22,
E                 ?              ^^
E                 -     'kind': 'PermissionError',
E                 ?              ^^^^^^^^^^
E                 +     'kind': 'OSError',
E                 ?              ^^
E                 -     'winerror': 32,
E                 ?                 ^^
E                 +     'winerror': 87,
E                 ?                 ^^
E                   }

tests\test_windows_atomic_rename_probe.py:154: AssertionError
____ test_ex_writer_admission_and_destination_types[readonly_destination] _____

tmp_path = WindowsPath('C:/Users/runneradmin/AppData/Local/Temp/pytest-of-runneradmin/pytest-0/test_ex_writer_admission_and_d3')
record_property = <function record_property.<locals>.append_property at 0x00000234BF439760>
probe_child = None, case = 'readonly_destination'

    @pytest.mark.parametrize(
        "case", ["unheld", "missing", "crt_destination", "readonly_destination", "directory_destination"]
    )
    def test_ex_writer_admission_and_destination_types(tmp_path, record_property, probe_child, case):
        home = tmp_path / "guard"
        manager._ensure_private_directory(home)
        target = home / "daemon-auth-token"
        if case == "directory_destination":
            target.mkdir()
        elif case != "missing":
            manager._write_private_atomic_text(target, original._OLD)
        held = None
        if case == "crt_destination":
            held = os.open(target, os.O_RDONLY)
        if case == "readonly_destination":
            target.chmod(stat.S_IREAD)
        try:
            code, report = original._run_child(
                target, "--operation", "writer", record_property=record_property, label="writer"
            )
            assert isinstance(report, dict)
            record_property("writer_report", json.dumps(report, sort_keys=True))
            record_property("writer_exit_code", code)
            assert report["writer_calls"] == report["replace_calls"] == 1
            assert report["writer_locked"] and report["writer_fd_closed_before_replace"]
            assert report["temporary_siblings_removed"]
            assert report["original_exception_identity_preserved"]
            native = report["probe"]
            assert native["writer_snapshot_taken"] is True
            assert native["owned_handles_remaining"] == 0
            assert native["opens"] == native["closes"] == 2
            assert native["rename_calls"] == 1
            if case in ("unheld", "missing"):
                assert code == 0
                assert report["replace_returned"] and native["rename_returned"]
                assert report["error"] is None
                assert target.read_text(encoding="utf-8") == original._NEW
            else:
                assert code == 1
                assert report["replace_returned"] is native["rename_returned"] is False
>               assert report["error"] == {
                    "kind": "PermissionError",
                    "errno": 13,
                    "winerror": 32 if case == "crt_destination" else 5,
                }
E               AssertionError: assert {'errno': 22,...winerror': 87} == {'errno': 13,...'winerror': 5}
E                 
E                 Differing items:
E                 {'kind': 'OSError'} != {'kind': 'PermissionError'}
E                 {'errno': 22} != {'errno': 13}
E                 {'winerror': 87} != {'winerror': 5}
E                 
E                 Full diff:
E                   {
E                 -     'errno': 13,
E                 ?              ^^
E                 +     'errno': 22,
E                 ?              ^^
E                 -     'kind': 'PermissionError',
E                 ?              ^^^^^^^^^^
E                 +     'kind': 'OSError',
E                 ?              ^^
E                 -     'winerror': 5,
E                 ?                 ^
E                 +     'winerror': 87,
E                 ?                 ^^
E                   }

tests\test_windows_atomic_rename_probe.py:154: AssertionError
____ test_ex_writer_admission_and_destination_types[directory_destination] ____

tmp_path = WindowsPath('C:/Users/runneradmin/AppData/Local/Temp/pytest-of-runneradmin/pytest-0/test_ex_writer_admission_and_d4')
record_property = <function record_property.<locals>.append_property at 0x00000234BF439C60>
probe_child = None, case = 'directory_destination'

    @pytest.mark.parametrize(
        "case", ["unheld", "missing", "crt_destination", "readonly_destination", "directory_destination"]
    )
    def test_ex_writer_admission_and_destination_types(tmp_path, record_property, probe_child, case):
        home = tmp_path / "guard"
        manager._ensure_private_directory(home)
        target = home / "daemon-auth-token"
        if case == "directory_destination":
            target.mkdir()
        elif case != "missing":
            manager._write_private_atomic_text(target, original._OLD)
        held = None
        if case == "crt_destination":
            held = os.open(target, os.O_RDONLY)
        if case == "readonly_destination":
            target.chmod(stat.S_IREAD)
        try:
            code, report = original._run_child(
                target, "--operation", "writer", record_property=record_property, label="writer"
            )
            assert isinstance(report, dict)
            record_property("writer_report", json.dumps(report, sort_keys=True))
            record_property("writer_exit_code", code)
            assert report["writer_calls"] == report["replace_calls"] == 1
            assert report["writer_locked"] and report["writer_fd_closed_before_replace"]
            assert report["temporary_siblings_removed"]
            assert report["original_exception_identity_preserved"]
            native = report["probe"]
            assert native["writer_snapshot_taken"] is True
            assert native["owned_handles_remaining"] == 0
            assert native["opens"] == native["closes"] == 2
            assert native["rename_calls"] == 1
            if case in ("unheld", "missing"):
                assert code == 0
                assert report["replace_returned"] and native["rename_returned"]
                assert report["error"] is None
                assert target.read_text(encoding="utf-8") == original._NEW
            else:
                assert code == 1
                assert report["replace_returned"] is native["rename_returned"] is False
>               assert report["error"] == {
                    "kind": "PermissionError",
                    "errno": 13,
                    "winerror": 32 if case == "crt_destination" else 5,
                }
E               AssertionError: assert {'errno': 22,...winerror': 87} == {'errno': 13,...'winerror': 5}
E                 
E                 Differing items:
E                 {'kind': 'OSError'} != {'kind': 'PermissionError'}
E                 {'errno': 22} != {'errno': 13}
E                 {'winerror': 87} != {'winerror': 5}
E                 
E                 Full diff:
E                   {
E                 -     'errno': 13,
E                 ?              ^^
E                 +     'errno': 22,
E                 ?              ^^
E                 -     'kind': 'PermissionError',
E                 ?              ^^^^^^^^^^
E                 +     'kind': 'OSError',
E                 ?              ^^
E                 -     'winerror': 5,
E                 ?                 ^
E                 +     'winerror': 87,
E                 ?                 ^^
E                   }

tests\test_windows_atomic_rename_probe.py:154: AssertionError
__________ test_ex_rename_preserves_original_audit_boundary[observe] __________

tmp_path = WindowsPath('C:/Users/runneradmin/AppData/Local/Temp/pytest-of-runneradmin/pytest-0/test_ex_rename_preserves_origi0')
record_property = <function record_property.<locals>.append_property at 0x00000234BF43A160>
probe_child = None, refuse = False

    @pytest.mark.parametrize("refuse", [False, True], ids=["observe", "refuse"])
    def test_ex_rename_preserves_original_audit_boundary(tmp_path, record_property, probe_child, refuse):
        records = []
        for candidate in (False, True):
            home = tmp_path / ("candidate" if candidate else "original")
            home.mkdir()
            target = home / "authority"
            target.write_text(original._OLD, encoding="utf-8")
            source = home / ".rename-audit-source"
            source.write_text(original._NEW, encoding="utf-8")
            extra = ["--candidate"] if candidate else []
            if refuse:
                extra.append("--refuse")
            code, report = original._run_child(
                target,
                "--operation",
                "rename_audit",
                *extra,
                record_property=record_property,
                label="candidate" if candidate else "original",
            )
            record_property("candidate_report" if candidate else "original_report", json.dumps(report, sort_keys=True))
            assert code == 0 and isinstance(report, dict)
            records.append({key: value for key, value in report.items() if key != "probe"})
            assert report["probe"]["owned_handles_remaining"] == 0
>           assert report["probe"]["rename_returned"] is (candidate and not refuse)
E           assert False is ((True and not False))

tests\test_windows_atomic_rename_probe.py:197: AssertionError
=========================== short test summary info ===========================
FAILED tests/test_windows_atomic_rename_probe.py::test_ex_rename_with_actual_held_reader[held_destination-bounded_manager] - AssertionError
FAILED tests/test_windows_atomic_rename_probe.py::test_ex_rename_with_actual_held_reader[held_destination-codex_text] - AssertionError
FAILED tests/test_windows_atomic_rename_probe.py::test_ex_writer_admission_and_destination_types[unheld] - assert 1 == 0
FAILED tests/test_windows_atomic_rename_probe.py::test_ex_writer_admission_and_destination_types[missing] - assert 1 == 0
FAILED tests/test_windows_atomic_rename_probe.py::test_ex_writer_admission_and_destination_types[crt_destination] - AssertionError: assert {'errno': 22,...winerror': 87} == {'errno': 13,...winerror': 32}
  
  Differing items:
  {'kind': 'OSError'} != {'kind': 'PermissionError'}
  {'errno': 22} != {'errno': 13}
  {'winerror': 87} != {'winerror': 32}
  
  Full diff:
    {
  -     'errno': 13,
  ?              ^^
  +     'errno': 22,
  ?              ^^
  -     'kind': 'PermissionError',
  ?              ^^^^^^^^^^
  +     'kind': 'OSError',
  ?              ^^
  -     'winerror': 32,
  ?                 ^^
  +     'winerror': 87,
  ?                 ^^
    }
FAILED tests/test_windows_atomic_rename_probe.py::test_ex_writer_admission_and_destination_types[readonly_destination] - AssertionError: assert {'errno': 22,...winerror': 87} == {'errno': 13,...'winerror': 5}
  
  Differing items:
  {'kind': 'OSError'} != {'kind': 'PermissionError'}
  {'errno': 22} != {'errno': 13}
  {'winerror': 87} != {'winerror': 5}
  
  Full diff:
    {
  -     'errno': 13,
  ?              ^^
  +     'errno': 22,
  ?              ^^
  -     'kind': 'PermissionError',
  ?              ^^^^^^^^^^
  +     'kind': 'OSError',
  ?              ^^
  -     'winerror': 5,
  ?                 ^
  +     'winerror': 87,
  ?                 ^^
    }
FAILED tests/test_windows_atomic_rename_probe.py::test_ex_writer_admission_and_destination_types[directory_destination] - AssertionError: assert {'errno': 22,...winerror': 87} == {'errno': 13,...'winerror': 5}
  
  Differing items:
  {'kind': 'OSError'} != {'kind': 'PermissionError'}
  {'errno': 22} != {'errno': 13}
  {'winerror': 87} != {'winerror': 5}
  
  Full diff:
    {
  -     'errno': 13,
  ?              ^^
  +     'errno': 22,
  ?              ^^
  -     'kind': 'PermissionError',
  ?              ^^^^^^^^^^
  +     'kind': 'OSError',
  ?              ^^
  -     'winerror': 5,
  ?                 ^
  +     'winerror': 87,
  ?                 ^^
    }
FAILED tests/test_windows_atomic_rename_probe.py::test_ex_rename_preserves_original_audit_boundary[observe] - assert False is ((True and not False))
8 failed, 8 passed in 3.54s
