    Updating crates.io index
 Downloading crates ...
  Downloaded cfg_aliases v0.2.2
  Downloaded crypto-common v0.1.7
  Downloaded getrandom v0.2.17
  Downloaded stats_alloc v0.1.10
  Downloaded sha2 v0.10.9
  Downloaded unicode-ident v1.0.24
  Downloaded thiserror-impl v2.0.20
  Downloaded fs2 v0.4.3
  Downloaded quote v1.0.47
  Downloaded rustc-hash v2.1.3
  Downloaded version_check v0.9.5
  Downloaded shlex v2.0.1
  Downloaded hex v0.4.3
  Downloaded untrusted v0.9.0
  Downloaded memoffset v0.9.1
  Downloaded zmij v1.0.23
  Downloaded glob v0.3.4
  Downloaded security-framework-sys v2.17.0
  Downloaded serde_json v1.0.151
  Downloaded memchr v2.8.3
  Downloaded nom v7.1.3
  Downloaded getrandom v0.3.4
  Downloaded sysinfo v0.37.2
  Downloaded cc v1.4.4
  Downloaded objc2-core-foundation v0.3.2
  Downloaded nix v0.31.3
  Downloaded bindgen v0.72.1
  Downloaded regex v1.13.1
  Downloaded proc-macro2 v1.0.107
  Downloaded libproc v0.14.11
  Downloaded errno v0.3.14
  Downloaded block-buffer v0.10.4
  Downloaded syn v2.0.119
  Downloaded syn v3.0.3
  Downloaded regex-syntax v0.8.11
  Downloaded ring v0.17.14
  Downloaded generic-array v0.14.7
  Downloaded cfg-if v1.0.4
  Downloaded itoa v1.0.18
  Downloaded cpufeatures v0.2.17
  Downloaded thiserror v2.0.20
  Downloaded serde v1.0.229
  Downloaded find-msvc-tools v0.1.11
  Downloaded core-foundation-sys v0.8.7
  Downloaded minimal-lexical v0.2.1
  Downloaded itertools v0.13.0
  Downloaded core-foundation v0.10.1
  Downloaded bitflags v2.13.1
  Downloaded shlex v1.3.0
  Downloaded libc v0.2.189
  Downloaded serde_derive v1.0.229
  Downloaded libloading v0.8.9
  Downloaded regex-automata v0.4.18
  Downloaded clang-sys v1.9.1
  Downloaded aho-corasick v1.1.5
  Downloaded typenum v1.20.1
  Downloaded objc2-io-kit v0.3.2
  Downloaded serde_core v1.0.229
  Downloaded security-framework v3.7.0
  Downloaded either v1.18.0
  Downloaded digest v0.10.7
  Downloaded autocfg v1.5.1
  Downloaded cexpr v0.6.0
   Compiling libc v0.2.189
   Compiling proc-macro2 v1.0.107
   Compiling unicode-ident v1.0.24
   Compiling quote v1.0.47
   Compiling version_check v0.9.5
    Checking cfg-if v1.0.4
    Checking typenum v1.20.1
   Compiling generic-array v0.14.7
   Compiling syn v3.0.3
    Checking block-buffer v0.10.4
    Checking crypto-common v0.1.7
    Checking memchr v2.8.3
    Checking digest v0.10.7
    Checking cpufeatures v0.2.17
   Compiling serde_core v1.0.229
    Checking sha2 v0.10.9
   Compiling glob v0.3.4
    Checking bitflags v2.13.1
    Checking hex v0.4.3
   Compiling clang-sys v1.9.1
   Compiling zmij v1.0.23
   Compiling autocfg v1.5.1
   Compiling serde v1.0.229
   Compiling memoffset v0.9.1
   Compiling serde_derive v1.0.229
   Compiling serde_json v1.0.151
   Compiling cfg_aliases v0.2.2
   Compiling regex-syntax v0.8.11
   Compiling minimal-lexical v0.2.1
   Compiling thiserror v2.0.20
   Compiling nom v7.1.3
   Compiling libloading v0.8.9
   Compiling regex-automata v0.4.18
   Compiling nix v0.31.3
   Compiling thiserror-impl v2.0.20
    Checking itoa v1.0.18
   Compiling either v1.18.0
   Compiling bindgen v0.72.1
   Compiling itertools v0.13.0
   Compiling regex v1.13.1
   Compiling cexpr v0.6.0
    Checking guard-rules v0.1.0 (/Users/runner/work/hol-guard/hol-guard/candidate/rust/crates/guard-rules)
    Checking aho-corasick v1.1.5
   Compiling syn v2.0.119
   Compiling shlex v1.3.0
   Compiling shlex v2.0.1
   Compiling rustc-hash v2.1.3
   Compiling find-msvc-tools v0.1.11
   Compiling cc v1.4.4
    Checking guard-contracts v0.1.0 (/Users/runner/work/hol-guard/hol-guard/candidate/rust/crates/guard-contracts)
    Checking core-foundation-sys v0.8.7
   Compiling libproc v0.14.11
    Checking guard-secure-fs v0.1.0 (/Users/runner/work/hol-guard/hol-guard/candidate/rust/crates/guard-secure-fs)
   Compiling ring v0.17.14
    Checking objc2-core-foundation v0.3.2
   Compiling getrandom v0.3.4
    Checking objc2-io-kit v0.3.2
    Checking guard-scanner v0.1.0 (/Users/runner/work/hol-guard/hol-guard/candidate/rust/crates/guard-scanner)
    Checking security-framework-sys v2.17.0
    Checking core-foundation v0.10.1
    Checking getrandom v0.2.17
    Checking errno v0.3.14
    Checking untrusted v0.9.0
    Checking security-framework v3.7.0
    Checking guard-hook-core v0.1.0 (/Users/runner/work/hol-guard/hol-guard/candidate/rust/crates/guard-hook-core)
    Checking sysinfo v0.37.2
    Checking guard-command v0.1.0 (/Users/runner/work/hol-guard/hol-guard/candidate/rust/crates/guard-command)
    Checking guard-policy-snapshot v0.1.0 (/Users/runner/work/hol-guard/hol-guard/candidate/rust/crates/guard-policy-snapshot)
    Checking guard-rule-contract v0.1.0 (/Users/runner/work/hol-guard/hol-guard/candidate/rust/crates/guard-rule-contract)
    Checking fs2 v0.4.3
    Checking stats_alloc v0.1.10
    Checking guard-runtime-windows-process v0.1.0 (/Users/runner/work/hol-guard/hol-guard/candidate/rust/crates/guard-runtime-windows-process)
    Checking hol-guard-runtime v0.1.0 (/Users/runner/work/hol-guard/hol-guard/candidate/rust/crates/guard-runtime)
    Finished `dev` profile [unoptimized + debuginfo] target(s) in 31.16s
