   Compiling cfg-if v1.0.4
   Compiling libc v0.2.189
   Compiling typenum v1.20.1
   Compiling generic-array v0.14.7
   Compiling memchr v2.8.3
   Compiling crypto-common v0.1.7
   Compiling block-buffer v0.10.4
   Compiling digest v0.10.7
   Compiling cpufeatures v0.2.17
   Compiling hex v0.4.3
   Compiling sha2 v0.10.9
   Compiling bitflags v2.13.1
   Compiling serde_core v1.0.229
   Compiling zmij v1.0.23
   Compiling libloading v0.8.9
   Compiling itoa v1.0.18
   Compiling clang-sys v1.9.1
   Compiling serde v1.0.229
   Compiling serde_json v1.0.151
   Compiling thiserror v2.0.20
   Compiling memoffset v0.9.1
   Compiling guard-rules v0.1.0 (/Users/runner/work/hol-guard/hol-guard/candidate/rust/crates/guard-rules)
   Compiling aho-corasick v1.1.5
   Compiling regex-syntax v0.8.11
   Compiling bindgen v0.72.1
   Compiling regex-automata v0.4.18
   Compiling nix v0.31.3
   Compiling guard-contracts v0.1.0 (/Users/runner/work/hol-guard/hol-guard/candidate/rust/crates/guard-contracts)
   Compiling core-foundation-sys v0.8.7
   Compiling guard-secure-fs v0.1.0 (/Users/runner/work/hol-guard/hol-guard/candidate/rust/crates/guard-secure-fs)
   Compiling libproc v0.14.11
   Compiling regex v1.13.1
   Compiling objc2-core-foundation v0.3.2
   Compiling objc2-io-kit v0.3.2
   Compiling guard-scanner v0.1.0 (/Users/runner/work/hol-guard/hol-guard/candidate/rust/crates/guard-scanner)
   Compiling core-foundation v0.10.1
   Compiling security-framework-sys v2.17.0
   Compiling getrandom v0.2.17
   Compiling errno v0.3.14
   Compiling untrusted v0.9.0
   Compiling ring v0.17.14
   Compiling security-framework v3.7.0
   Compiling guard-hook-core v0.1.0 (/Users/runner/work/hol-guard/hol-guard/candidate/rust/crates/guard-hook-core)
   Compiling sysinfo v0.37.2
   Compiling getrandom v0.3.4
   Compiling guard-command v0.1.0 (/Users/runner/work/hol-guard/hol-guard/candidate/rust/crates/guard-command)
   Compiling guard-policy-snapshot v0.1.0 (/Users/runner/work/hol-guard/hol-guard/candidate/rust/crates/guard-policy-snapshot)
   Compiling guard-rule-contract v0.1.0 (/Users/runner/work/hol-guard/hol-guard/candidate/rust/crates/guard-rule-contract)
   Compiling fs2 v0.4.3
   Compiling guard-runtime-windows-process v0.1.0 (/Users/runner/work/hol-guard/hol-guard/candidate/rust/crates/guard-runtime-windows-process)
   Compiling stats_alloc v0.1.10
   Compiling hol-guard-runtime v0.1.0 (/Users/runner/work/hol-guard/hol-guard/candidate/rust/crates/guard-runtime)
    Finished `test` profile [unoptimized + debuginfo] target(s) in 27.20s
     Running unittests src/main.rs (/Users/runner/work/_temp/encrypted-source-output/target/debug/deps/hol_guard_runtime-3fdeb6b0130718d0)
