   Compiling hol-guard-runtime v0.1.0 (/workspace/scratch/745337b67ff9/hol-guard/rust/crates/guard-runtime)
   Compiling guard-command v0.1.0 (/workspace/scratch/745337b67ff9/hol-guard/rust/crates/guard-command)
   Compiling guard-hook-core v0.1.0 (/workspace/scratch/745337b67ff9/hol-guard/rust/crates/guard-hook-core)
   Compiling guard-scanner v0.1.0 (/workspace/scratch/745337b67ff9/hol-guard/rust/crates/guard-scanner)
   Compiling guard-secure-fs v0.1.0 (/workspace/scratch/745337b67ff9/hol-guard/rust/crates/guard-secure-fs)
   Compiling guard-policy-snapshot v0.1.0 (/workspace/scratch/745337b67ff9/hol-guard/rust/crates/guard-policy-snapshot)
   Compiling guard-contracts v0.1.0 (/workspace/scratch/745337b67ff9/hol-guard/rust/crates/guard-contracts)
    Finished `test` profile [unoptimized] target(s) in 8.69s
     Running unittests src/lib.rs (/dev/shm/pr2974-native-target/debug/deps/guard_command-0cc72551c14c39dc)

running 57 tests
test command_option_parsing::tests::expired_outer_deadline_preserves_uncertainty_direction ... ok
test command_common_cli_matchers::tests::unknown_operations_and_incompatible_configs_are_explicit_errors ... ok
test command_common_cli_matchers::tests::canonical_shell_parser_feeds_typed_common_cli_matchers ... ok
test command_option_parsing::tests::absent_requirements_are_vacuously_true_and_unknown_arity_can_consume_help ... ok
test command_option_parsing::unicode::tests::unicode_reference_categories_are_disjoint_sorted_and_python_compatible ... ok
test command_common_cli_matchers::tests::uncertain_or_oversized_commands_do_not_become_empty_match_results ... ok
test command_specialized_matchers::tests::inherited_deadline_confidence_and_size_limits_propagate_errors ... ok
test command_common_cli_matchers::tests::seven_operations_match_python_reference_vectors_in_segment_order ... ok
test command_specialized_matchers::tests::literal_configuration_preserves_the_reviewed_ascii_grammar_and_limits ... ok
test command_specialized_matchers::tests::canonical_parser_feeds_database_php_curl_and_expansion_matchers ... ok
test command_specialized_matchers::tests::literal_evidence_requires_parser_provenance_and_exact_semantic_shape ... ok
test command_specialized_matchers::unicode_tests::ascii_projection_preserves_unicode_boundaries_and_special_lowercase_mappings ... ok
test command_specialized_matchers::unicode_tests::unicode_configurations_cannot_enter_the_ascii_comparison_contract ... ok
test command_option_parsing::tests::matches_python_option_oracles ... ok
test command_structured_matchers::tests::opaque_unicode_operands_and_python_whitespace_are_supported ... ok
test command_structured_matchers::tests::unsupported_unicode_case_mapping_is_error_not_a_negative_match ... ok
test executable_flag_contract::tests::ambiguous_contracts_are_rejected_before_flag_interpretation ... ok
test executable_flag_contract::tests::python_base_defaults_and_value_option_union ... ok
test command_specialized_matchers::tests::config_admission_rejects_unknown_or_invalid_semantics ... ok
test command_specialized_matchers::unicode_tests::unicode_operands_keep_python_and_php_launcher_classification_exact ... ok
test native_command_program::bench::native_command_program_component_diagnostic ... ignored, diagnostic component timing; run release mode explicitly
test command_structured_matchers::tests::expired_deadline_never_returns_empty_or_partial_evidence ... ok
test command_structured_matchers::tests::rejects_unknown_fields_and_invalid_matcher_grammars_before_admission ... ok
test command_specialized_matchers::tests::eight_operations_match_python_or_report_declared_capability_misses ... ok
test command_structured_matchers::tests::matches_python_specialized_oracle_for_all_eight_operations ... ok
test command_option_parsing::tests::state_exhaustion_keeps_destructive_matching_and_denies_safety_proof ... ok
test native_command_program::dns_control_tests::dns_projection_raw_validation_precedes_admission ... ok
test native_command_program::matrix::native_command_catalog_control_matrix ... ignored, component matrix; generate trusted fixtures and run release mode explicitly
test native_command_program::dns_control_tests::dns_projection_recognizes_only_exact_kind_and_identifiers ... ok
test native_command_program::tests::a_previously_reviewable_command_becomes_a_hard_floor_after_permission_disable ... ok
test native_command_program::dns_control_tests::dns_projection_missing_provider_catalog_target_is_rejected ... ok
test native_command_program::dns_control_tests::dns_projection_cross_layer_and_global_authority_floors_stay_strict ... ok
test native_command_program::tests::compatibility_safe_commands_and_ruleless_permissions_obey_controls ... ok
test native_command_program::tests::disabled_permission_and_failed_authority_cannot_become_allow ... ok
test native_command_program::tests::graph_depth_proof_cannot_be_bypassed_by_memoized_shared_children ... ok
test native_command_program::tests::controls_are_bound_to_program_and_both_independent_revisions ... ok
test native_command_program::tests::packaged_program_is_admitted_once_and_exposes_explicit_coverage ... ok
test pretool::tests::allows_bounded_exact_commands ... ok
test pretool::tests::blocks_destructive_and_device_commands ... ok
test pretool::tests::defers_only_exact_safe_git_helper_context ... ok
test pretool::tests::denies_uncertain_or_networked_commands ... ok
test pretool::tests::reviews_dotenv_family_shell_reads ... ok
test pretool::tests::reviews_home_relative_secret_paths ... ok
test native_command_program::tests::local_opt_in_selects_ollama_and_safe_evidence_stays_on_its_own_segment ... ok
test tests::marks_complex_shell_forms_uncertain_without_partial_segments ... ok
test tests::matches_python_shlex_escape_and_whitespace_semantics ... ok
test tests::parses_simple_command_without_execution ... ok
test tests::preserves_quotes_environment_and_path_override ... ok
test tests::rejects_oversized_commands_without_partial_exact_parse ... ok
test tests::splits_pipeline_but_not_quoted_pipe ... ok
test pretool::tests::reviews_only_materially_risky_variants_of_safe_commands ... ok
test native_command_program::dns_control_tests::dns_projection_permission_enable_still_requires_configurable_program_gate ... ok
test native_command_program::dns_control_tests::dns_projection_raw_and_derived_bounds_remain_distinct ... ok
test native_command_program::dns_control_tests::dns_projection_aggregate_matches_explicit_provider_evaluation ... ok
test native_command_program::tests::complete_observations_match_independent_python_reference_models ... ok
test native_command_program::tests::admission_rejects_tampered_unknown_and_invalid_nodes ... ok
test native_command_program::dns_control_tests::dns_projection_unique_collisions_preserve_disable_dominance_and_other_providers ... ok

test result: ok. 55 passed; 0 failed; 2 ignored; 0 measured; 0 filtered out; finished in 1.60s

     Running tests/command_compatibility.rs (/dev/shm/pr2974-native-target/debug/deps/command_compatibility-eac0cea23c66670d)

running 7 tests
test compound_attribution_keeps_every_segment_and_deduplicates_identity ... ok
test github_reads_have_permission_attribution_without_fabricated_rules ... ok
test git_disabled_permission_attribution_is_not_lost_on_native_safe_commands ... ok
test graphql_remains_owned_unsupported_instead_of_permissionless_allow ... ok
test frozen_independent_capability_and_admission_vectors ... ok
test budget_and_parser_failures_cannot_become_empty_success ... ok
test audited_inventory_is_exactly_the_null_matcher_catalog_subset ... ok

test result: ok. 7 passed; 0 failed; 0 ignored; 0 measured; 0 filtered out; finished in 0.07s

     Running tests/pretool_generic.rs (/dev/shm/pr2974-native-target/debug/deps/pretool_generic-fc91965da08b2cb2)

running 6 tests
test allows_bounded_command_without_returning_raw_content ... ok
test bounds_reject_oversized_payload ... ok
test tool_classification_uses_token_boundaries ... ok
test covers_generic_action_classes_and_dangerous_process_floor ... ok
test covers_prompt_harness_unknown_conflicts_and_bounds ... ok
test benign_command_cannot_erase_independent_sensitive_path_floor ... ok

test result: ok. 6 passed; 0 failed; 0 ignored; 0 measured; 0 filtered out; finished in 0.01s

     Running unittests src/lib.rs (/dev/shm/pr2974-native-target/debug/deps/guard_contracts-44fe775166692ad5)

running 3 tests
test tests::response_omits_empty_optionals ... ok
test tests::hook_envelope_v2_rejects_unknown_fields ... ok
test tests::generic_pre_tool_result_rejects_raw_content_and_unknown_fields ... ok

test result: ok. 3 passed; 0 failed; 0 ignored; 0 measured; 0 filtered out; finished in 0.00s

     Running unittests src/lib.rs (/dev/shm/pr2974-native-target/debug/deps/guard_hook_core-98e96afc28742bed)

running 9 tests
test output_reference_tests::benchmark_output_extraction ... ignored, diagnostic release microbenchmark; not an installed latency gate
test tests::empty_inline_output_is_allowed_with_digest ... ok
test tests::clean_inline_output_is_allowed ... ok
test tests::upstream_deadline_is_not_restarted_before_scanning ... ok
test tests::secret_inline_output_is_blocked ... ok
test tests::stderr_is_scanned_even_when_stdout_exists ... ok
test tests::observe_inline_secret_preserves_original_with_digest ... ok
test tests::observe_truncated_inline_secret_remains_blocked_without_digest ... ok
test output_reference_tests::extraction_preserves_unicode_limits_order_and_structural_truncation ... ok

test result: ok. 8 passed; 0 failed; 1 ignored; 0 measured; 0 filtered out; finished in 1.37s

     Running tests/decision_io.rs (/dev/shm/pr2974-native-target/debug/deps/decision_io-3f51c1f017d52612)

running 4 tests
test source_growth_after_expected_output_is_not_equivalent ... ok
test invalid_utf8_source_is_fail_closed_without_materializing_bytes ... ok
test symlink_source_is_fail_closed ... ok
test source_replacement_between_observations_is_not_equivalent ... ok

test result: ok. 4 passed; 0 failed; 0 ignored; 0 measured; 0 filtered out; finished in 0.00s

     Running tests/windows_source.rs (/dev/shm/pr2974-native-target/debug/deps/windows_source-d7650ecfd5151569)

running 0 tests

test result: ok. 0 passed; 0 failed; 0 ignored; 0 measured; 0 filtered out; finished in 0.00s

     Running unittests src/main.rs (/dev/shm/pr2974-native-target/debug/deps/guard_offline_regex_pilot-80fd8df0ec9525d0)

running 4 tests
test tests::eof_and_unterminated_frames_differ ... ok
test tests::protocol_rejects_unknown_fields ... ok
test tests::separate_documents_never_complete_split_candidates ... ok
test tests::unsupported_inputs_and_candidate_overflow_are_errors ... ok

test result: ok. 4 passed; 0 failed; 0 ignored; 0 measured; 0 filtered out; finished in 0.37s

     Running unittests src/lib.rs (/dev/shm/pr2974-native-target/debug/deps/guard_policy_snapshot-ff751551ece81a24)

running 6 tests
test tests::canonical_json_sorts_object_keys ... ok
test tests::rejects_expired_and_replayed_generation ... ok
test tests::rejects_runtime_rule_and_protocol_mismatch ... ok
test tests::rejects_mutated_effective_policy_and_mac ... ok
test tests::rejects_unknown_risk_selector_and_conflicting_harness_aliases ... ok
test tests::validates_authenticated_v3_snapshot ... ok

test result: ok. 6 passed; 0 failed; 0 ignored; 0 measured; 0 filtered out; finished in 0.00s

     Running unittests src/lib.rs (/dev/shm/pr2974-native-target/debug/deps/guard_rule_contract-20e298bc7040e27a)

running 1 test
test tests::contract_is_stable_and_complete ... ok

test result: ok. 1 passed; 0 failed; 0 ignored; 0 measured; 0 filtered out; finished in 0.16s

     Running unittests src/lib.rs (/dev/shm/pr2974-native-target/debug/deps/guard_rules-8c3cfe0b7c866d80)

running 1 test
test tests::digest_is_stable_shape ... ok

test result: ok. 1 passed; 0 failed; 0 ignored; 0 measured; 0 filtered out; finished in 0.00s

     Running unittests src/lib.rs (/dev/shm/pr2974-native-target/debug/deps/guard_runtime_windows_process-51a00c1cd7664248)

running 0 tests

test result: ok. 0 passed; 0 failed; 0 ignored; 0 measured; 0 filtered out; finished in 0.00s

     Running unittests src/lib.rs (/dev/shm/pr2974-native-target/debug/deps/guard_scanner-c04c33fa5f7346e2)

running 8 tests
test prefilter_bench_tests::benchmark_scanner_prefilter ... ignored, diagnostic release microbenchmark; not an installed latency gate
test tests::detects_split_token_across_chunks ... ok
test tests::inert_credential_expressions_are_suppressed_during_local_retry ... ok
test tests::detects_github_token_without_returning_sample ... ok
test tests::realistic_medium_credentials_survive_local_retry ... ok
test tests::documentation_placeholder_is_suppressed ... ok
test prefilter_bench_tests::prefilter_retains_per_match_suppression_and_ordering ... ok
test tests::unicode_overlap_and_document_boundaries_are_isolated ... ok

test result: ok. 7 passed; 0 failed; 1 ignored; 0 measured; 0 filtered out; finished in 9.62s

     Running unittests src/lib.rs (/dev/shm/pr2974-native-target/debug/deps/guard_secure_fs-91dcbe325e4d30d9)

running 10 tests
test tests::bounded_read_rejects_file_without_read_permission_even_for_root ... ok
test tests::bounded_read_hashes_regular_file ... ok
test tests::bounded_read_rejects_parent_symlink_source_replacement ... ok
test tests::file_identity_changes_when_source_permissions_change ... ok
test tests::bounded_read_rejects_hard_linked_source ... ok
test tests::bounded_read_rejects_symlink_source ... ok
test tests::source_classifier_rejects_sensitive_external_filename_without_substring_false_positive ... ok
test tests::sensitive_paths_are_classified ... ok
test tests::source_classifier_rejects_hidden_sensitive_and_escape_paths ... ok
test tests::source_classifier_allows_workflow_and_sibling_git_source ... ok

test result: ok. 10 passed; 0 failed; 0 ignored; 0 measured; 0 filtered out; finished in 0.01s

     Running tests/decision_io.rs (/dev/shm/pr2974-native-target/debug/deps/decision_io-80efa2f031c9a817)

running 2 tests
test bounded_read_rejects_truncation_limit_before_materializing_more_bytes ... ok
test bounded_read_rejects_source_growth_beyond_limit ... ok

test result: ok. 2 passed; 0 failed; 0 ignored; 0 measured; 0 filtered out; finished in 0.00s

     Running unittests src/main.rs (/dev/shm/pr2974-native-target/debug/deps/hol_guard_runtime-f850235f99693f51)

running 185 tests
test approval::approval_replay_memory::tests::full_binding_mutation_is_rejected_before_state_transition ... ok
test approval::approval_replay_memory::tests::restart_epoch_rejects_old_artifact_state ... ok
test approval::approval_replay_memory::tests::transition_tests::every_transition_prunes_expired_entries ... ok
test approval::approval_replay_memory::tests::transition_tests::failed_emit_restores_claim_for_retry ... ok
test approval::approval_replay_memory::tests::expiry_and_double_consume_are_atomic ... ok
test approval::approval_replay_memory::tests::capacity_is_bounded_without_eviction ... ok
test approval::approval_v4_crypto::tests::base64url_rejects_noncanonical_and_round_trips ... ok
test approval::approval_v4_crypto::tests::cbor_rejects_duplicate_keys_and_indefinite_maps ... ok
test approval::approval_v4::tests::assertion_mutations_fail_before_replay_claim ... ok
test approval::approval_v4::tests::es256_assertion_validates_and_rejects_zero_after_counter_established ... ok
test approval::approval_v4::tests::ed25519_assertion_validates_and_persists_counter_zero_and_one ... ok
test approval::approval_v4::tests::negative_tests::v4_request_policy_harness_expiry_and_authority_bindings_fail_closed ... ok
test approval::tests::lifecycle_tests::artifact_binding_mutation_and_hard_floors_fail_before_claim ... ok
test approval::tests::lifecycle_tests::binding_derivation_uses_separate_runtime_purposes ... ok
test approval::tests::lifecycle_tests::artifact_timing_nonce_and_integrity_are_checked ... ok
test approval::tests::lifecycle_tests::consume_requires_claim_and_is_single_use ... ok
test approval::approval_v4::tests::webauthn_optional_cross_origin_is_treated_as_false ... ok
test approval::approval_v4::tests::negative_tests::webauthn_origin_rp_flags_type_and_signature_are_verified_in_rust ... ok
test approval::tests::lifecycle_tests::malformed_oversize_and_deep_requests_fail_closed ... ok
test claude_launcher_pilot::linux::files::tests::regular_file_replaced_by_fifo_is_rejected_without_a_writer ... ok
test claude_launcher_pilot::linux::http::tests::complete_body_keeps_frozen_python_final_eof_budget_check ... ok
test claude_launcher_pilot::linux::http::tests::complete_body_with_remaining_budget_keeps_exact_bytes ... ok
test claude_launcher_pilot::linux::http::tests::early_eof_does_not_add_a_terminal_budget_gate ... ok
test claude_launcher_pilot::linux::http::tests::partial_progress_cannot_reset_the_absolute_write_budget ... ok
test claude_launcher_pilot::linux::http::tests::partial_writes_complete_exact_request_within_original_budget ... ok
test claude_launcher_pilot::linux::http::tests::zero_length_body_keeps_frozen_python_first_budget_check ... ok
test claude_launcher_pilot::linux::stdin::tests::invalid_and_incomplete_utf8_preserves_surrogateescape_character_count ... ok
test approval::approval_v4::tests::negative_tests::v4_restart_and_concurrent_claims_fail_closed ... ok
test claude_launcher_pilot::linux::tests::challenge_requires_exact_event_nonce_state_key_and_lifetime ... ok
test claude_launcher_pilot::linux::tests::frozen_python_discovery_vectors_are_exact ... ok
test approval::tests::lifecycle_tests::policy_material_and_public_key_replacement_cannot_authorize ... ok
test approval::tests::binding_mutations_are_rejected_even_when_resigned ... ok
test edge::identity::tests::borrowed_identity_binds_source_policy_and_arbitrary_json_values ... ok
test edge::identity::tests::malformed_payload_and_explicit_request_ids_keep_error_contract ... ok
test claude_launcher_pilot::linux::stdin::tests::reaches_character_limit_without_waiting_for_eof ... ok
test edge::identity::tests::borrowed_identity_preserves_legacy_bytes_and_root_only_omissions ... ok
test edge::serialization::tests::counting_rejects_overflow_and_excess_without_partial_success ... ok
test edge::serialization::tests::serializer_failure_is_not_accepted_as_a_short_encoding ... ok
test edge::serialization::tests::borrowed_canonical_values_match_existing_bytes_for_every_json_kind ... ok
test approval::tests::lifecycle_tests::policy_push_after_claim_before_consume_cannot_authorize_execution ... ok
test approval::tests::request_identity_is_opaque_and_rust_derived_when_missing ... ok
test edge::tests::evaluates_complete_cursor_file_envelope_as_native_generic_result ... ok
test approval::tests::valid_artifact_allows_exact_review_and_returns_private_receipt ... ok
test edge::tests::evaluates_cursor_dotenv_read_as_sensitive_review ... ok
test edge::tests::ingress_time_consumes_the_original_edge_deadline ... ok
test edge::tests::normalizes_harness_event_and_extracts_pretool_command ... ok
test edge::tests::rejects_declared_and_payload_event_mismatch ... ok
test edge::tests::rejects_conflicting_payload_event_aliases ... ok
test approval::tests::lifecycle_tests::replay_and_concurrent_claim_are_single_use ... ok
test edge::tests::rejects_malformed_source_reference_before_review ... ok
test edge::tests::rejects_unknown_harness_before_command_evaluation ... ok
test hardening::tests::client_disconnects_are_not_runtime_integrity_failures ... ok
test hardening::tests::descriptor_pressure_uses_bounded_exponential_backoff ... ok
test hardening::tests::interrupted_accept_is_retried_without_sleep ... ok
test hardening::tests::network_change_backoff_is_bounded ... ok
test hardening::tests::request_budget_expires_stale_queued_work ... ok
test edge::tests::request_digest_excludes_deadline_and_json_field_order ... ok
test managed_resident::lease::tests::busy_lease_directory_is_retained_as_live ... ok
test edge::tests::request_digest_excludes_root_adapter_timestamps_but_binds_nested_arguments ... ok
test edge::tests::validated_identity_retains_cross_language_golden_digest ... ok
test managed_resident::lease::tests::initial_lease_lock_retries_until_the_current_holder_releases ... ok
test managed_resident::lease::tests::lease_directory_entry_overflow_is_retained_as_live ... ok
test managed_resident::lease::tests::stale_malformed_lease_is_removed_by_liveness_cleanup ... ok
test managed_resident::lease::tests::uninspectable_lease_path_retains_the_resident ... ok
test managed_resident::restart_budget::tests::authenticated_stop_clears_restart_attempts ... ok
test managed_resident::restart_budget::tests::repeated_updates_replace_budget_without_leaving_temporary_state ... ok
test managed_resident::lease::tests::initial_lease_lock_returns_busy_at_the_retry_deadline ... ok
test edge::tests::unknown_and_ambiguous_pretool_payloads_never_receive_an_allow_floor ... ok
test managed_resident::retry_tests::managed_retry_owner_child ... ok
test managed_resident::tests::client_deadline_is_bounded ... ok
test edge::tests::evaluates_generic_pretool_for_supported_harness_aliases ... ok
test managed_resident::tests::client_stream_eof_is_clean_and_partial_headers_fail_closed ... ok
test managed_resident::tests::client_stream_frames_are_bounded_and_big_endian ... ok
test managed_resident::tests::generation_parser_rejects_zero_and_non_numeric ... ok
test managed_resident::tests::lease_directory_overflow_fails_closed_without_unbounded_collection ... ok
test managed_resident::tests::managed_owner_lock_is_exclusive_for_resident_lifetime ... ok
test managed_resident::tests::managed_owner_lock_rejects_second_process ... ok
test claude_launcher_pilot::linux::tests::handoff_bounds_cover_maximum_input_and_worst_response_escaping ... ok
test managed_resident::lease::tests::dropping_owned_malformed_lease_removes_the_owned_artifact ... ok
test managed_resident::tests::stale_process_identity_errors_are_platform_scoped ... ok
test managed_resident::tests::stale_transport_retry_allowlist_preserves_auth_and_integrity_failures ... ok
test native_phase_observation::macro_tests::default_macros_erase_phase_and_export_dependencies ... ok
test managed_resident::lease::tests::dropping_owned_lease_preserves_a_replacement_at_the_original_path ... ok
test managed_resident::retry_tests::managed_restart_still_allows_connection_unavailable_before_exchange ... ok
test native_phase_observation::macro_tests::observation_macro_returns_original_values_and_evaluates_once ... ok
test native_phase_observation::macro_tests::propagation_remains_outside_the_observed_call ... ok
test managed_resident::retry_tests::managed_restart_preserves_fatal_exchange_failures_after_owner_exit ... ok
test oneshot::tests::concurrent_stale_snapshot_cannot_succeed_after_newer_floor ... ok
test managed_resident::tests::client_leases_keep_shared_resident_alive_until_last_client_closes ... ok
test policy_enforcement::tests::action_floor_matrix_rejects_inconsistent_decision_fields ... ok
test policy_enforcement::tests::conflicting_harness_aliases_fail_closed ... ok
test policy_enforcement::tests::conflicting_harness_risk_aliases_fail_closed ... ok
test policy_enforcement::tests::conflicting_request_selectors_fail_closed ... ok
test policy_enforcement::tests::diagnostic::native_posttool_policy_component_diagnostic ... ignored, explicit local policy diagnostic; fixture path required
test policy_enforcement::tests::observe_policy_block_raises_existing_review_to_non_overridable_floor ... ok
test policy_enforcement::tests::observe_pre_policy_floor_is_non_blocking_but_intrinsic_block_is_hard ... ok
test policy_enforcement::tests::observe_preserves_every_intrinsic_non_allow_pre_floor ... ok
test policy_enforcement::tests::observe_preserves_intrinsic_block_but_does_not_enforce_policy_only_floor ... ok
test policy_enforcement::tests::policy_allow_cannot_lower_intrinsic_review_or_block ... ok
test policy_enforcement::tests::policy_block_raises_intrinsic_allow ... ok
test policy_enforcement::tests::post_intrinsic_block_cannot_be_lowered_by_allow_policy ... ok
test policy_enforcement::tests::post_policy_fields_raise_without_python_semantic_input ... ok
test policy_enforcement::tests::post_warning_policy_preserves_allow_with_warning ... ok
test policy_enforcement::tests::unknown_post_action_is_review_even_when_default_allows ... ok
test policy_enforcement::tests::unreadable_tool_remains_unknown_under_allow_policy ... ok
test policy_enforcement::tests::warning_policy_preserves_allow_with_warning ... ok
test policy_store::approval_authority::tests::fresh_private_state_without_public_authority_is_unenrolled ... ok
test policy_store::approval_authority::tests::test_record_contains_distinct_provenance_bindings ... ok
test policy_store::approval_authority::tests::test_root_is_only_a_test_fixture ... ok
test policy_store::approval_enrollment::tests::transition_lock_rejects_concurrent_owner_and_recovers_on_release ... ok
test policy_store::approval_v4_authority::tests::malformed_cose_and_missing_secure_state_never_load ... ok
test oneshot::tests::fresh_process_state_rejects_a_snapshot_not_matching_durable_authority ... ok
test policy_store::approval_v4_enrollment::tests::origins_are_canonical_and_bound_to_a_valid_rp_host ... ok
test policy_store::policy_store_authority::tests::watcher_samples_fingerprint_after_observed_lock ... ok
test policy_store::approval_v4_authority::tests::rotation_is_strictly_monotonic_and_revocation_is_terminal ... ok
test managed_resident::tests::stale_lease_cleanup_requires_a_dead_process_identity ... ok
test policy_store::tests::authenticated_observe_edge_preserves_intrinsic_pretool_floor ... ok
test policy_store::tests::authenticated_edge_preserves_clean_default_warning ... ok
test oneshot::tests::rejects_generation_reuse_for_a_different_policy ... ok
test policy_store::tests::authority_fingerprint_detects_same_size_in_place_rewrite ... ok
test oneshot::tests::rejects_stale_generation_after_newer_snapshot ... ok
test managed_resident::tests::owner_liveness_expires_after_launcher_and_all_clients_disappear ... ok
test oneshot::tests::rejects_zero_generation_before_establishing_a_floor ... ok
test policy_store::tests::command_authority_tests::mutation_lock_is_nonblocking_and_shared_lease_spans_decision_lifetime ... ok
test policy_store::tests::command_floor_tests::extension_program_changes_are_bound_to_policy_integrity ... ok
test edge::identity::tests::streamed_envelope_size_preserves_exact_limit_and_rejects_one_extra_byte ... ok
test policy_store::tests::command_authority_tests::python_signed_authority_vectors_match_native_lease_and_floor_codecs ... ok
test policy_store::tests::fixture_tests::fixture_rewrite_truncates_private_file_without_weakening_create_new ... ok
test policy_store::tests::command_authority_tests::closed_mutation_marker_blocks_old_decisions_and_late_acknowledgements ... ok
test policy_store::tests::command_authority_tests::marker_mac_and_recovery_epoch_are_both_bound_to_exact_retained_floor ... ok
test policy_store::tests::fixture_tests::noncommand_review_tests::current_signed_noncommand_reviews_have_distinct_receipt_scope ... ok
test policy_store::tests::migration_tests::legacy_snapshot_and_floor_migrate_to_one_authority_record ... ok
test policy_store::tests::generation_rollback_and_same_generation_mutation_are_rejected ... ok
test policy_store::tests::compiled_generations_share_one_immutable_snapshot_and_reject_conflicts_before_publish ... ok
test policy_store::tests::command_floor_tests::degraded_and_quarantined_snapshots_retain_protected_control_floor ... ok
test policy_store::tests::missing_snapshot_is_not_ready_but_push_can_install_it ... ok
test policy_store::tests::command_floor_tests::floor_mac_rejects_rewritten_or_removed_independent_revisions ... ok
test policy_store::tests::restart_rehydrates_snapshot_and_hook_validation_uses_memory ... ok
test resident_client::deadline_tests::buffered_fallback_cannot_bypass_absolute_deadline_after_read ... ok
test policy_store::tests::migration_tests::floor_only_migration_preserves_generation_and_allows_only_newer_push ... ok
test policy_store::tests::restarted_resident_applies_installed_policy_without_request_time_io ... ok
test resident_client::deadline_tests::timely_authenticated_socket_response_is_unchanged ... ok
test resident_client::deadline_tests::timely_authentication_rejection_keeps_its_fatal_error ... ok
test resident_client::deadline_tests::unsupported_timeout_error_is_preserved_without_reading ... ok
test resident_client::deadline_tests::zero_budget_is_rejected_before_endpoint_or_process_access ... ok
test resident_client::tests::closed_socket_during_auth_nonce_write_carries_teardown_evidence ... ok
test resident_client::tests::partial_or_flush_request_write_is_never_retryable ... ok
test resident_client::tests::rejects_non_loopback_tcp_endpoint ... ok
test resident_client::tests::rejects_response_bound_to_another_request ... ok
test resident_client::tests::rejects_response_digest_mismatch ... ok
test resident_client::tests::response_eof_and_reset_are_never_retryable ... ok
test resident_client::tests::response_teardown_after_flushed_request_is_never_retryable ... ok
test resident_client::tests::truncated_server_proof_is_never_retryable ... ok
test resident_protocol::tests::approval_error_transport_is_finite ... ok
test resident_protocol::tests::approval_requests_have_a_smaller_raw_payload_bound ... ok
test resident_protocol::tests::command_control_error_transport_preserves_only_registered_fixed_codes ... ok
test resident_protocol::tests::lifecycle_disposition_follows_strictly_validated_operation ... ok
test resident_state::resident_state_files::tests::would_block_is_lock_contention ... ok
test policy_store::tests::push_rejects_unknown_fields_without_mutating_state ... ok
test resident_state::tests::home_state_discovery_fails_closed_on_many_state_entries ... ok
test resident_state::tests::home_state_discovery_allows_nonmatching_entries_within_bound ... ok
test resident_state::tests::home_state_discovery_rejects_seventeenth_matching_scope ... ok
test resident_state::tests::home_state_discovery_fails_closed_on_total_entry_overflow ... ok
test resident_state::tests::process_identity_rejects_a_reused_same_binary_pid_marker ... ok
test resident_state::tests::preferred_runtime_scope_is_found_after_the_fallback_scope_bound ... ok
test resident_state::tests::publishing_fails_closed_when_scope_entry_bound_is_exceeded ... ok
test resident_state::tests::stale_startup_lock_recovery_preserves_lockfile_for_reuse ... ok
test resident_state::tests::startup_lock_drop_preserves_stable_private_lockfile ... ok
test resident_state::tests::startup_lock_holds_advisory_lock_until_drop ... ok
test resident_state::tests::startup_lock_repeated_acquisition_rewrites_without_growth ... ok
test resident_state::tests::state_mac_rejects_endpoint_mutation ... ok
test strict_json::tests::benchmark_timeout_projection ... ignored, diagnostic release microbenchmark; not an installed latency gate
test resident_client::deadline_tests::fragmented_response_header_cannot_renew_request_budget ... ok
test tests::overload_response_is_constant_and_retryable ... ok
test tests::resident_hmac_changes_with_nonce ... ok
test tests::resident_hmac_matches_cross_language_vectors ... ok
test tests::strict_json_rejects_deep_and_wide_values ... ok
test tests::strict_json_rejects_duplicate_keys_and_trailing_values ... ok
test policy_store::tests::command_floor_tests::command_control_revisions_are_independent_and_survive_restart ... ok
test strict_json::tests::timeout_projection_obeys_the_full_strict_json_contract ... ok
test resident_client::deadline_tests::progressing_backpressured_request_write_remains_bounded_and_nonretryable ... ok
test resident_client::deadline_tests::response_body_uses_time_left_after_header_and_partial_reads ... ok
test resident_state::tests::publishing_generations_retires_superseded_state ... ok
test resident_client::deadline_tests::fragmented_server_proof_cannot_renew_authentication_budget ... ok
test policy_store::tests::fault_tests::authority_write_failures_at_each_boundary_are_retryable_without_rollback ... ok

test result: ok. 183 passed; 0 failed; 2 ignored; 0 measured; 0 filtered out; finished in 6.15s

   Doc-tests guard_command

running 0 tests

test result: ok. 0 passed; 0 failed; 0 ignored; 0 measured; 0 filtered out; finished in 0.00s

   Doc-tests guard_contracts

running 0 tests

test result: ok. 0 passed; 0 failed; 0 ignored; 0 measured; 0 filtered out; finished in 0.00s

   Doc-tests guard_hook_core

running 0 tests

test result: ok. 0 passed; 0 failed; 0 ignored; 0 measured; 0 filtered out; finished in 0.00s

   Doc-tests guard_policy_snapshot

running 0 tests

test result: ok. 0 passed; 0 failed; 0 ignored; 0 measured; 0 filtered out; finished in 0.00s

   Doc-tests guard_rule_contract

running 0 tests

test result: ok. 0 passed; 0 failed; 0 ignored; 0 measured; 0 filtered out; finished in 0.00s

   Doc-tests guard_rules

running 0 tests

test result: ok. 0 passed; 0 failed; 0 ignored; 0 measured; 0 filtered out; finished in 0.00s

   Doc-tests guard_runtime_windows_process

running 0 tests

test result: ok. 0 passed; 0 failed; 0 ignored; 0 measured; 0 filtered out; finished in 0.00s

   Doc-tests guard_scanner

running 0 tests

test result: ok. 0 passed; 0 failed; 0 ignored; 0 measured; 0 filtered out; finished in 0.00s

   Doc-tests guard_secure_fs

running 0 tests

test result: ok. 0 passed; 0 failed; 0 ignored; 0 measured; 0 filtered out; finished in 0.00s

