    Updating crates.io index
 Downloading crates ...
  Downloaded block-buffer v0.10.4
  Downloaded cpufeatures v0.2.17
  Downloaded cfg_aliases v0.2.2
  Downloaded crypto-common v0.1.7
  Downloaded cfg-if v1.0.4
  Downloaded version_check v0.9.5
  Downloaded autocfg v1.5.1
  Downloaded hex v0.4.3
  Downloaded stats_alloc v0.1.10
  Downloaded bitflags v2.13.1
  Downloaded thiserror v2.0.20
  Downloaded untrusted v0.9.0
  Downloaded generic-array v0.14.7
  Downloaded fs2 v0.4.3
  Downloaded cc v1.4.4
  Downloaded thiserror-impl v2.0.20
  Downloaded shlex v2.0.1
  Downloaded quote v1.0.47
  Downloaded sha2 v0.10.9
  Downloaded find-msvc-tools v0.1.11
  Downloaded itoa v1.0.18
  Downloaded unicode-ident v1.0.24
  Downloaded zmij v1.0.23
  Downloaded serde_derive v1.0.229
  Downloaded digest v0.10.7
  Downloaded memoffset v0.9.1
  Downloaded serde v1.0.229
  Downloaded serde_core v1.0.229
  Downloaded proc-macro2 v1.0.107
  Downloaded memchr v2.8.3
  Downloaded getrandom v0.2.17
  Downloaded typenum v1.20.1
  Downloaded serde_json v1.0.151
  Downloaded getrandom v0.3.4
  Downloaded regex v1.13.1
  Downloaded sysinfo v0.37.2
  Downloaded aho-corasick v1.1.5
  Downloaded syn v3.0.3
  Downloaded regex-syntax v0.8.11
  Downloaded nix v0.31.3
  Downloaded regex-automata v0.4.18
  Downloaded libc v0.2.189
  Downloaded ring v0.17.14
   Compiling version_check v0.9.5
   Compiling proc-macro2 v1.0.107
   Compiling generic-array v0.14.7
   Compiling quote v1.0.47
   Compiling unicode-ident v1.0.24
    Checking cfg-if v1.0.4
    Checking typenum v1.20.1
   Compiling libc v0.2.189
    Checking block-buffer v0.10.4
    Checking crypto-common v0.1.7
   Compiling syn v3.0.3
    Checking memchr v2.8.3
    Checking digest v0.10.7
    Checking cpufeatures v0.2.17
   Compiling serde_core v1.0.229
    Checking sha2 v0.10.9
    Checking hex v0.4.3
   Compiling autocfg v1.5.1
   Compiling zmij v1.0.23
   Compiling serde v1.0.229
   Compiling memoffset v0.9.1
   Compiling serde_derive v1.0.229
   Compiling serde_json v1.0.151
   Compiling cfg_aliases v0.2.2
   Compiling thiserror v2.0.20
   Compiling nix v0.31.3
   Compiling thiserror-impl v2.0.20
    Checking itoa v1.0.18
    Checking guard-rules v0.1.0 (/home/runner/work/hol-guard/hol-guard/candidate/rust/crates/guard-rules)
    Checking aho-corasick v1.1.5
   Compiling find-msvc-tools v0.1.11
    Checking regex-syntax v0.8.11
    Checking bitflags v2.13.1
   Compiling shlex v2.0.1
   Compiling cc v1.4.4
    Checking regex-automata v0.4.18
    Checking guard-contracts v0.1.0 (/home/runner/work/hol-guard/hol-guard/candidate/rust/crates/guard-contracts)
    Checking guard-secure-fs v0.1.0 (/home/runner/work/hol-guard/hol-guard/candidate/rust/crates/guard-secure-fs)
    Checking regex v1.13.1
   Compiling ring v0.17.14
   Compiling getrandom v0.3.4
    Checking guard-scanner v0.1.0 (/home/runner/work/hol-guard/hol-guard/candidate/rust/crates/guard-scanner)
    Checking getrandom v0.2.17
    Checking untrusted v0.9.0
    Checking guard-hook-core v0.1.0 (/home/runner/work/hol-guard/hol-guard/candidate/rust/crates/guard-hook-core)
    Checking guard-policy-snapshot v0.1.0 (/home/runner/work/hol-guard/hol-guard/candidate/rust/crates/guard-policy-snapshot)
    Checking guard-command v0.1.0 (/home/runner/work/hol-guard/hol-guard/candidate/rust/crates/guard-command)
    Checking guard-rule-contract v0.1.0 (/home/runner/work/hol-guard/hol-guard/candidate/rust/crates/guard-rule-contract)
    Checking sysinfo v0.37.2
    Checking fs2 v0.4.3
    Checking guard-runtime-windows-process v0.1.0 (/home/runner/work/hol-guard/hol-guard/candidate/rust/crates/guard-runtime-windows-process)
    Checking stats_alloc v0.1.10
    Checking hol-guard-runtime v0.1.0 (/home/runner/work/hol-guard/hol-guard/candidate/rust/crates/guard-runtime)
    Finished `dev` profile [unoptimized + debuginfo] target(s) in 18.70s
