FFF                                                                      [100%]
=================================== FAILURES ===================================
_ test_installed_metadata_identity_accepts_real_normalized_project_names[jaraco.classes] _
tests/test_release_rehearsal.py:293: in test_installed_metadata_identity_accepts_real_normalized_project_names
    exec(compile(ENVIRONMENT_IDENTITY, "<environment-identity>", "exec"), {})
<environment-identity>:13: in <module>
    ???
E   AssertionError: jaraco.classes
_ test_installed_metadata_identity_accepts_real_normalized_project_names[jaraco.context] _
tests/test_release_rehearsal.py:293: in test_installed_metadata_identity_accepts_real_normalized_project_names
    exec(compile(ENVIRONMENT_IDENTITY, "<environment-identity>", "exec"), {})
<environment-identity>:13: in <module>
    ???
E   AssertionError: jaraco.context
_ test_installed_metadata_identity_accepts_real_normalized_project_names[jaraco.functools] _
tests/test_release_rehearsal.py:293: in test_installed_metadata_identity_accepts_real_normalized_project_names
    exec(compile(ENVIRONMENT_IDENTITY, "<environment-identity>", "exec"), {})
<environment-identity>:13: in <module>
    ???
E   AssertionError: jaraco.functools
=========================== short test summary info ============================
FAILED tests/test_release_rehearsal.py::test_installed_metadata_identity_accepts_real_normalized_project_names[jaraco.classes]
FAILED tests/test_release_rehearsal.py::test_installed_metadata_identity_accepts_real_normalized_project_names[jaraco.context]
FAILED tests/test_release_rehearsal.py::test_installed_metadata_identity_accepts_real_normalized_project_names[jaraco.functools]
3 failed, 23 deselected in 0.27s
