   Compiling version_check v0.9.5
   Compiling proc-macro2 v1.0.107
   Compiling quote v1.0.47
   Compiling unicode-ident v1.0.24
   Compiling typenum v1.20.1
   Compiling cfg-if v1.0.4
   Compiling generic-array v0.14.7
   Compiling libc v0.2.189
   Compiling memchr v2.8.3
   Compiling syn v3.0.3
   Compiling crypto-common v0.1.7
   Compiling block-buffer v0.10.4
   Compiling digest v0.10.7
   Compiling serde_core v1.0.229
   Compiling cpufeatures v0.2.17
   Compiling sha2 v0.10.9
   Compiling hex v0.4.3
   Compiling serde v1.0.229
   Compiling autocfg v1.5.1
   Compiling zmij v1.0.23
   Compiling memoffset v0.9.1
   Compiling serde_json v1.0.151
   Compiling thiserror v2.0.20
   Compiling cfg_aliases v0.2.2
   Compiling nix v0.31.3
   Compiling itoa v1.0.18
   Compiling serde_derive v1.0.229
   Compiling thiserror-impl v2.0.20
   Compiling guard-rules v0.1.0 (/home/runner/work/hol-guard/hol-guard/candidate-src/rust/crates/guard-rules)
   Compiling aho-corasick v1.1.5
   Compiling find-msvc-tools v0.1.11
   Compiling regex-syntax v0.8.11
   Compiling shlex v2.0.1
   Compiling bitflags v2.13.1
   Compiling cc v1.4.4
   Compiling guard-contracts v0.1.0 (/home/runner/work/hol-guard/hol-guard/candidate-src/rust/crates/guard-contracts)
   Compiling regex-automata v0.4.18
   Compiling guard-secure-fs v0.1.0 (/home/runner/work/hol-guard/hol-guard/candidate-src/rust/crates/guard-secure-fs)
   Compiling ring v0.17.14
   Compiling regex v1.13.1
   Compiling getrandom v0.3.4
   Compiling guard-scanner v0.1.0 (/home/runner/work/hol-guard/hol-guard/candidate-src/rust/crates/guard-scanner)
   Compiling getrandom v0.2.17
   Compiling untrusted v0.9.0
   Compiling guard-hook-core v0.1.0 (/home/runner/work/hol-guard/hol-guard/candidate-src/rust/crates/guard-hook-core)
   Compiling guard-command v0.1.0 (/home/runner/work/hol-guard/hol-guard/candidate-src/rust/crates/guard-command)
   Compiling guard-policy-snapshot v0.1.0 (/home/runner/work/hol-guard/hol-guard/candidate-src/rust/crates/guard-policy-snapshot)
   Compiling guard-rule-contract v0.1.0 (/home/runner/work/hol-guard/hol-guard/candidate-src/rust/crates/guard-rule-contract)
   Compiling sysinfo v0.37.2
   Compiling fs2 v0.4.3
   Compiling guard-runtime-windows-process v0.1.0 (/home/runner/work/hol-guard/hol-guard/candidate-src/rust/crates/guard-runtime-windows-process)
   Compiling hol-guard-runtime v0.1.0 (/home/runner/work/hol-guard/hol-guard/candidate-src/rust/crates/guard-runtime)
    Finished `release` profile [optimized] target(s) in 27.26s
