    Checking cfg-if v1.0.4
    Checking typenum v1.20.1
    Checking cpufeatures v0.2.17
    Checking memchr v2.8.3
    Checking hex v0.4.3
    Checking serde_core v1.0.229
    Checking libc v0.2.189
    Checking zmij v1.0.23
    Checking itoa v1.0.18
    Checking generic-array v0.14.7
    Checking thiserror v2.0.20
    Checking memoffset v0.9.1
    Checking bitflags v2.13.1
    Checking aho-corasick v1.1.5
    Checking block-buffer v0.10.4
    Checking crypto-common v0.1.7
    Checking digest v0.10.7
    Checking sha2 v0.10.9
    Checking guard-rules v0.1.0 (/home/runner/work/hol-guard/hol-guard/candidate-src/rust/crates/guard-rules)
    Checking regex-syntax v0.8.11
    Checking untrusted v0.9.0
    Checking nix v0.31.3
    Checking getrandom v0.2.17
    Checking ring v0.17.14
    Checking serde v1.0.229
    Checking serde_json v1.0.151
    Checking guard-rule-contract v0.1.0 (/home/runner/work/hol-guard/hol-guard/candidate-src/rust/crates/guard-rule-contract)
    Checking guard-contracts v0.1.0 (/home/runner/work/hol-guard/hol-guard/candidate-src/rust/crates/guard-contracts)
    Checking sysinfo v0.37.2
    Checking regex-automata v0.4.18
    Checking getrandom v0.3.4
    Checking fs2 v0.4.3
    Checking guard-runtime-windows-process v0.1.0 (/home/runner/work/hol-guard/hol-guard/candidate-src/rust/crates/guard-runtime-windows-process)
    Checking guard-secure-fs v0.1.0 (/home/runner/work/hol-guard/hol-guard/candidate-src/rust/crates/guard-secure-fs)
    Checking regex v1.13.1
    Checking guard-scanner v0.1.0 (/home/runner/work/hol-guard/hol-guard/candidate-src/rust/crates/guard-scanner)
    Checking guard-offline-regex-pilot v0.1.0 (/home/runner/work/hol-guard/hol-guard/candidate-src/rust/crates/guard-offline-regex-pilot)
    Checking guard-command v0.1.0 (/home/runner/work/hol-guard/hol-guard/candidate-src/rust/crates/guard-command)
    Checking guard-hook-core v0.1.0 (/home/runner/work/hol-guard/hol-guard/candidate-src/rust/crates/guard-hook-core)
    Checking guard-policy-snapshot v0.1.0 (/home/runner/work/hol-guard/hol-guard/candidate-src/rust/crates/guard-policy-snapshot)
    Checking hol-guard-runtime v0.1.0 (/home/runner/work/hol-guard/hol-guard/candidate-src/rust/crates/guard-runtime)
    Finished `dev` profile [unoptimized + debuginfo] target(s) in 8.10s
