.......                                                                  [100%]
=============================== warnings summary ===============================
ci/native_runtime/test_native_phase_lifecycle.py::test_real_enabled_macros_preserve_default_health_and_error_responses
  ci/native_runtime/test_native_phase_lifecycle.py:102: PytestWarning: record_property is incompatible with junit_family 'xunit2' (use 'legacy' or 'xunit1')
    def test_real_enabled_macros_preserve_default_health_and_error_responses(

ci/native_runtime/test_native_phase_lifecycle.py::test_real_feature_build_with_unadmitted_endpoint_preserves_protocol_and_emits_nothing[missing]
ci/native_runtime/test_native_phase_lifecycle.py::test_real_feature_build_with_unadmitted_endpoint_preserves_protocol_and_emits_nothing[wrong_inode]
  ci/native_runtime/test_native_phase_lifecycle.py:128: PytestWarning: record_property is incompatible with junit_family 'xunit2' (use 'legacy' or 'xunit1')
    @pytest.mark.parametrize("mode", ["missing", "wrong_inode"])

ci/native_runtime/test_native_phase_lifecycle.py::test_real_closed_diagnostic_receiver_does_not_change_requests_or_native_exit
  ci/native_runtime/test_native_phase_lifecycle.py:151: PytestWarning: record_property is incompatible with junit_family 'xunit2' (use 'legacy' or 'xunit1')
    def test_real_closed_diagnostic_receiver_does_not_change_requests_or_native_exit(

ci/native_runtime/test_native_phase_lifecycle.py::test_real_exporter_backpressure_is_reported_without_blocking_the_original_protocol
  ci/native_runtime/test_native_phase_lifecycle.py:170: PytestWarning: record_property is incompatible with junit_family 'xunit2' (use 'legacy' or 'xunit1')
    def test_real_exporter_backpressure_is_reported_without_blocking_the_original_protocol(

ci/native_runtime/test_native_phase_lifecycle.py::test_real_exporter_stops_at_its_unchanged_cap_while_the_native_client_keeps_working
  ci/native_runtime/test_native_phase_lifecycle.py:213: PytestWarning: record_property is incompatible with junit_family 'xunit2' (use 'legacy' or 'xunit1')
    def test_real_exporter_stops_at_its_unchanged_cap_while_the_native_client_keeps_working(

ci/native_runtime/test_native_phase_lifecycle.py::test_real_partial_stream_header_keeps_the_original_error_and_exit_code_in_both_builds
  ci/native_runtime/test_native_phase_lifecycle.py:246: PytestWarning: record_property is incompatible with junit_family 'xunit2' (use 'legacy' or 'xunit1')
    def test_real_partial_stream_header_keeps_the_original_error_and_exit_code_in_both_builds(

-- Docs: https://docs.pytest.org/en/stable/how-to/capture-warnings.html
7 passed, 7 warnings in 15.85s
