I001 [*] Import block is un-sorted or un-formatted
  --> tests/test_capture.py:3:1
   |
 1 |   """Untimed controls for exact forwarding, context, privacy and finite loss."""
 2 |
 3 | / from __future__ import annotations
 4 | |
 5 | | import json
 6 | | import threading
 7 | | from pathlib import Path
 8 | | from types import SimpleNamespace
 9 | | from unittest.mock import patch
10 | |
11 | | import pytest
12 | | from workspace_cause.capture import MAX_ROWS, Capture, current_capture
   | |______________________________________________________________________^
   |
help: Organize imports

I001 [*] Import block is un-sorted or un-formatted
  --> tests/test_forwarding.py:3:1
   |
 1 |   """Original fixture forwarding and bounded record admission controls."""
 2 |
 3 | / from __future__ import annotations
 4 | |
 5 | | import json
 6 | | import sys
 7 | | import threading
 8 | | from pathlib import Path
 9 | | from types import SimpleNamespace
10 | | from typing import Any
11 | | from unittest.mock import patch
12 | |
13 | | import pytest
14 | | from workspace_cause import child
15 | | from workspace_cause.capture import Capture
16 | | from workspace_cause.parent import FixtureForwarding
17 | | from workspace_cause.reader import read_cell, summarize, validate_cell
   | |______________________________________________________________________^
   |
help: Organize imports

I001 [*] Import block is un-sorted or un-formatted
  --> tests/test_hooks.py:3:1
   |
 1 |   """Actual publisher-method and filesystem controls; no native workload is run."""
 2 |
 3 | / from __future__ import annotations
 4 | |
 5 | | import os
 6 | | import threading
 7 | | import time
 8 | | from pathlib import Path
 9 | | from typing import Any
10 | | from unittest.mock import patch
11 | |
12 | | import pytest
13 | | from codex_plugin_scanner.guard.native_policy_snapshot_constants import NATIVE_RUNTIME_STATE_DIRECTORY
14 | | from codex_plugin_scanner.guard.native_policy_snapshot_publisher import NativePolicySnapshotPublisher
15 | | from workspace_cause.capture import Capture
16 | | from workspace_cause.hooks import OwnedHooks
   | |____________________________________________^
   |
help: Organize imports

I001 [*] Import block is un-sorted or un-formatted
  --> tests/test_workload.py:3:1
   |
 1 |   """Actual workload invocation accounting under preparation and call failures."""
 2 |
 3 | / from __future__ import annotations
 4 | |
 5 | | import json
 6 | | import os
 7 | | import sys
 8 | | from pathlib import Path
 9 | | from types import ModuleType, SimpleNamespace
10 | | from typing import Any
11 | |
12 | | import pytest
13 | | import run_workload as workload
   | |_______________________________^
   |
help: Organize imports

Found 4 errors.
[*] 4 fixable with the `--fix` option.
